20:36:16 **** Incremental Build of configuration Debug for project BlinkyClass_CM7 ****
make -j6 all 
arm-none-eabi-gcc "../Core/Src/main.c" -mcpu=cortex-m7 -std=gnu11 -g3 -DDEBUG -DCORE_CM7 -DUSE_HAL_DRIVER -DSTM32H745xx -c -I../Core/Inc -I../../Drivers/STM32H7xx_HAL_Driver/Inc -I../../Drivers/STM32H7xx_HAL_Driver/Inc/Legacy -I../../Drivers/CMSIS/Device/ST/STM32H7xx/Include -I../../Drivers/CMSIS/Include -O0 -ffunction-sections -fdata-sections -Wall -fstack-usage -fcyclomatic-complexity -MMD -MP -MF"Core/Src/main.d" -MT"Core/Src/main.o" --specs=nano.specs -mfpu=fpv5-d16 -mfloat-abi=hard -mthumb -o "Core/Src/main.o"
arm-none-eabi-g++ -o "BlinkyClass_CM7.elf" @"objects.list"   -mcpu=cortex-m7 -T"C:\Users\ayome\OneDrive\switchdrive\MSE\TSM_EmbReal\Projects\02\BlinkyClass\CM7\STM32H745ZITX_FLASH.ld" --specs=nosys.specs -Wl,-Map="BlinkyClass_CM7.map" -Wl,--gc-sections -static --specs=nano.specs -mfpu=fpv5-d16 -mfloat-abi=hard -mthumb -Wl,--start-group -lc -lm -lstdc++ -lsupc++ -Wl,--end-group
Finished building target: BlinkyClass_CM7.elf
 
arm-none-eabi-size   BlinkyClass_CM7.elf 
arm-none-eabi-objdump -h -S  BlinkyClass_CM7.elf  > "BlinkyClass_CM7.list"
   text	   data	    bss	    dec	    hex	filename
  26448	    216	   3248	  29912	   74d8	BlinkyClass_CM7.elf
Finished building: default.size.stdout
 
Finished building: BlinkyClass_CM7.list
 
20:45:11 **** Incremental Build of configuration Debug for project BlinkyClass_CM4 ****
make -j6 all 
arm-none-eabi-size   BlinkyClass_CM4.elf 
   text	   data	    bss	    dec	    hex	filename
   3128	     24	   1568	   4720	   1270	BlinkyClass_CM4.elf
Finished building: default.size.stdout
 
20:45:12 **** Incremental Build of configuration Debug for project BlinkyClass_CM7 ****
make -j6 all 
arm-none-eabi-g++ "../Core/Src/NonBlockingDelay.cpp" -mcpu=cortex-m7 -std=gnu++14 -g3 -DDEBUG -DCORE_CM7 -DUSE_HAL_DRIVER -DSTM32H745xx -c -I../Core/Inc -I../../Drivers/STM32H7xx_HAL_Driver/Inc -I../../Drivers/STM32H7xx_HAL_Driver/Inc/Legacy -I../../Drivers/CMSIS/Device/ST/STM32H7xx/Include -I../../Drivers/CMSIS/Include -O0 -ffunction-sections -fdata-sections -fno-exceptions -fno-rtti -fno-use-cxa-atexit -Wall -fstack-usage -fcyclomatic-complexity -MMD -MP -MF"Core/Src/NonBlockingDelay.d" -MT"Core/Src/NonBlockingDelay.o" --specs=nano.specs -mfpu=fpv5-d16 -mfloat-abi=hard -mthumb -o "Core/Src/NonBlockingDelay.o"
arm-none-eabi-g++ "../Core/Src/cppMain.cpp" -mcpu=cortex-m7 -std=gnu++14 -g3 -DDEBUG -DCORE_CM7 -DUSE_HAL_DRIVER -DSTM32H745xx -c -I../Core/Inc -I../../Drivers/STM32H7xx_HAL_Driver/Inc -I../../Drivers/STM32H7xx_HAL_Driver/Inc/Legacy -I../../Drivers/CMSIS/Device/ST/STM32H7xx/Include -I../../Drivers/CMSIS/Include -O0 -ffunction-sections -fdata-sections -fno-exceptions -fno-rtti -fno-use-cxa-atexit -Wall -fstack-usage -fcyclomatic-complexity -MMD -MP -MF"Core/Src/cppMain.d" -MT"Core/Src/cppMain.o" --specs=nano.specs -mfpu=fpv5-d16 -mfloat-abi=hard -mthumb -o "Core/Src/cppMain.o"
arm-none-eabi-gcc "../Core/Src/main.c" -mcpu=cortex-m7 -std=gnu11 -g3 -DDEBUG -DCORE_CM7 -DUSE_HAL_DRIVER -DSTM32H745xx -c -I../Core/Inc -I../../Drivers/STM32H7xx_HAL_Driver/Inc -I../../Drivers/STM32H7xx_HAL_Driver/Inc/Legacy -I../../Drivers/CMSIS/Device/ST/STM32H7xx/Include -I../../Drivers/CMSIS/Include -O0 -ffunction-sections -fdata-sections -Wall -fstack-usage -fcyclomatic-complexity -MMD -MP -MF"Core/Src/main.d" -MT"Core/Src/main.o" --specs=nano.specs -mfpu=fpv5-d16 -mfloat-abi=hard -mthumb -o "Core/Src/main.o"
arm-none-eabi-gcc "../Core/Src/stm32h7xx_hal_msp.c" -mcpu=cortex-m7 -std=gnu11 -g3 -DDEBUG -DCORE_CM7 -DUSE_HAL_DRIVER -DSTM32H745xx -c -I../Core/Inc -I../../Drivers/STM32H7xx_HAL_Driver/Inc -I../../Drivers/STM32H7xx_HAL_Driver/Inc/Legacy -I../../Drivers/CMSIS/Device/ST/STM32H7xx/Include -I../../Drivers/CMSIS/Include -O0 -ffunction-sections -fdata-sections -Wall -fstack-usage -fcyclomatic-complexity -MMD -MP -MF"Core/Src/stm32h7xx_hal_msp.d" -MT"Core/Src/stm32h7xx_hal_msp.o" --specs=nano.specs -mfpu=fpv5-d16 -mfloat-abi=hard -mthumb -o "Core/Src/stm32h7xx_hal_msp.o"
arm-none-eabi-gcc "../Core/Src/stm32h7xx_it.c" -mcpu=cortex-m7 -std=gnu11 -g3 -DDEBUG -DCORE_CM7 -DUSE_HAL_DRIVER -DSTM32H745xx -c -I../Core/Inc -I../../Drivers/STM32H7xx_HAL_Driver/Inc -I../../Drivers/STM32H7xx_HAL_Driver/Inc/Legacy -I../../Drivers/CMSIS/Device/ST/STM32H7xx/Include -I../../Drivers/CMSIS/Include -O0 -ffunction-sections -fdata-sections -Wall -fstack-usage -fcyclomatic-complexity -MMD -MP -MF"Core/Src/stm32h7xx_it.d" -MT"Core/Src/stm32h7xx_it.o" --specs=nano.specs -mfpu=fpv5-d16 -mfloat-abi=hard -mthumb -o "Core/Src/stm32h7xx_it.o"
arm-none-eabi-gcc "../Core/Src/syscalls.c" -mcpu=cortex-m7 -std=gnu11 -g3 -DDEBUG -DCORE_CM7 -DUSE_HAL_DRIVER -DSTM32H745xx -c -I../Core/Inc -I../../Drivers/STM32H7xx_HAL_Driver/Inc -I../../Drivers/STM32H7xx_HAL_Driver/Inc/Legacy -I../../Drivers/CMSIS/Device/ST/STM32H7xx/Include -I../../Drivers/CMSIS/Include -O0 -ffunction-sections -fdata-sections -Wall -fstack-usage -fcyclomatic-complexity -MMD -MP -MF"Core/Src/syscalls.d" -MT"Core/Src/syscalls.o" --specs=nano.specs -mfpu=fpv5-d16 -mfloat-abi=hard -mthumb -o "Core/Src/syscalls.o"
In file included from ../Core/Src/NonBlockingDelay.cpp:8:
../Core/Src/NonBlockingDelay.h:14:14: error: 'uint32_t' has not been declared
   14 |         init(uint32_t delay);
      |              ^~~~~~~~
../Core/Src/NonBlockingDelay.h:14:9: error: ISO C++ forbids declaration of 'init' with no type [-fpermissive]
   14 |         init(uint32_t delay);
      |         ^~~~
../Core/Src/NonBlockingDelay.cpp:15:23: error: expected constructor, destructor, or type conversion before '(' token
   15 | NonBlockingDelay::init(uint32_t delay){
      |                       ^
../Core/Src/NonBlockingDelay.cpp:20:1: error: ISO C++ forbids declaration of 'init' with no type [-fpermissive]
   20 | NonBlockingDelay::init(){
      | ^~~~~~~~~~~~~~~~
../Core/Src/NonBlockingDelay.cpp:20:1: error: no declaration matches 'int NonBlockingDelay::init()'
In file included from ../Core/Src/NonBlockingDelay.cpp:8:
../Core/Src/NonBlockingDelay.h:14:9: note: candidate is: 'int NonBlockingDelay::init(int)'
   14 |         init(uint32_t delay);
      |         ^~~~
../Core/Src/NonBlockingDelay.h:11:7: note: 'class NonBlockingDelay' defined here
   11 | class NonBlockingDelay {
      |       ^~~~~~~~~~~~~~~~
make: *** [Core/Src/subdir.mk:41: Core/Src/NonBlockingDelay.o] Error 1
make: *** Waiting for unfinished jobs....
"make -j6 all" terminated with exit code 2. Build might be incomplete.
20:52:41 **** Incremental Build of configuration Debug for project BlinkyClass_CM4 ****
make -j6 all 
arm-none-eabi-size   BlinkyClass_CM4.elf 
   text	   data	    bss	    dec	    hex	filename
   3128	     24	   1568	   4720	   1270	BlinkyClass_CM4.elf
Finished building: default.size.stdout
 
20:52:42 **** Incremental Build of configuration Debug for project BlinkyClass_CM7 ****
make -j6 all 
arm-none-eabi-g++ "../Core/Src/NonBlockingDelay.cpp" -mcpu=cortex-m7 -std=gnu++14 -g3 -DDEBUG -DCORE_CM7 -DUSE_HAL_DRIVER -DSTM32H745xx -c -I../Core/Inc -I../../Drivers/STM32H7xx_HAL_Driver/Inc -I../../Drivers/STM32H7xx_HAL_Driver/Inc/Legacy -I../../Drivers/CMSIS/Device/ST/STM32H7xx/Include -I../../Drivers/CMSIS/Include -O0 -ffunction-sections -fdata-sections -fno-exceptions -fno-rtti -fno-use-cxa-atexit -Wall -fstack-usage -fcyclomatic-complexity -MMD -MP -MF"Core/Src/NonBlockingDelay.d" -MT"Core/Src/NonBlockingDelay.o" --specs=nano.specs -mfpu=fpv5-d16 -mfloat-abi=hard -mthumb -o "Core/Src/NonBlockingDelay.o"
arm-none-eabi-gcc "../Core/Src/sysmem.c" -mcpu=cortex-m7 -std=gnu11 -g3 -DDEBUG -DCORE_CM7 -DUSE_HAL_DRIVER -DSTM32H745xx -c -I../Core/Inc -I../../Drivers/STM32H7xx_HAL_Driver/Inc -I../../Drivers/STM32H7xx_HAL_Driver/Inc/Legacy -I../../Drivers/CMSIS/Device/ST/STM32H7xx/Include -I../../Drivers/CMSIS/Include -O0 -ffunction-sections -fdata-sections -Wall -fstack-usage -fcyclomatic-complexity -MMD -MP -MF"Core/Src/sysmem.d" -MT"Core/Src/sysmem.o" --specs=nano.specs -mfpu=fpv5-d16 -mfloat-abi=hard -mthumb -o "Core/Src/sysmem.o"
In file included from ../Core/Src/NonBlockingDelay.cpp:8:
../Core/Inc/NonBlockingDelay.h:17:9: error: ISO C++ forbids declaration of 'init' with no type [-fpermissive]
   17 |         init(uint32_t delay);
      |         ^~~~
../Core/Src/NonBlockingDelay.cpp:15:1: error: ISO C++ forbids declaration of 'init' with no type [-fpermissive]
   15 | NonBlockingDelay::init(uint32_t delay){
      | ^~~~~~~~~~~~~~~~
../Core/Src/NonBlockingDelay.cpp: In member function 'int NonBlockingDelay::init(uint32_t)':
../Core/Src/NonBlockingDelay.cpp:18:1: warning: no return statement in function returning non-void [-Wreturn-type]
   18 | }
      | ^
../Core/Src/NonBlockingDelay.cpp: At global scope:
../Core/Src/NonBlockingDelay.cpp:20:1: error: ISO C++ forbids declaration of 'init' with no type [-fpermissive]
   20 | NonBlockingDelay::init(){
      | ^~~~~~~~~~~~~~~~
../Core/Src/NonBlockingDelay.cpp:20:1: error: no declaration matches 'int NonBlockingDelay::init()'
../Core/Src/NonBlockingDelay.cpp:15:1: note: candidate is: 'int NonBlockingDelay::init(uint32_t)'
   15 | NonBlockingDelay::init(uint32_t delay){
      | ^~~~~~~~~~~~~~~~
In file included from ../Core/Src/NonBlockingDelay.cpp:8:
../Core/Inc/NonBlockingDelay.h:14:7: note: 'class NonBlockingDelay' defined here
   14 | class NonBlockingDelay {
      |       ^~~~~~~~~~~~~~~~
make: *** [Core/Src/subdir.mk:41: Core/Src/NonBlockingDelay.o] Error 1
make: *** Waiting for unfinished jobs....
"make -j6 all" terminated with exit code 2. Build might be incomplete.
20:53:24 **** Incremental Build of configuration Debug for project BlinkyClass_CM4 ****
make -j6 all 
arm-none-eabi-size   BlinkyClass_CM4.elf 
   text	   data	    bss	    dec	    hex	filename
   3128	     24	   1568	   4720	   1270	BlinkyClass_CM4.elf
Finished building: default.size.stdout
 
20:53:24 **** Incremental Build of configuration Debug for project BlinkyClass_CM7 ****
make -j6 all 
arm-none-eabi-g++ "../Core/Src/NonBlockingDelay.cpp" -mcpu=cortex-m7 -std=gnu++14 -g3 -DDEBUG -DCORE_CM7 -DUSE_HAL_DRIVER -DSTM32H745xx -c -I../Core/Inc -I../../Drivers/STM32H7xx_HAL_Driver/Inc -I../../Drivers/STM32H7xx_HAL_Driver/Inc/Legacy -I../../Drivers/CMSIS/Device/ST/STM32H7xx/Include -I../../Drivers/CMSIS/Include -O0 -ffunction-sections -fdata-sections -fno-exceptions -fno-rtti -fno-use-cxa-atexit -Wall -fstack-usage -fcyclomatic-complexity -MMD -MP -MF"Core/Src/NonBlockingDelay.d" -MT"Core/Src/NonBlockingDelay.o" --specs=nano.specs -mfpu=fpv5-d16 -mfloat-abi=hard -mthumb -o "Core/Src/NonBlockingDelay.o"
../Core/Src/NonBlockingDelay.cpp:20:1: error: ISO C++ forbids declaration of 'init' with no type [-fpermissive]
   20 | NonBlockingDelay::init(){
      | ^~~~~~~~~~~~~~~~
../Core/Src/NonBlockingDelay.cpp:20:1: error: no declaration matches 'int NonBlockingDelay::init()'
../Core/Src/NonBlockingDelay.cpp:15:6: note: candidate is: 'void NonBlockingDelay::init(uint32_t)'
   15 | void NonBlockingDelay::init(uint32_t delay){
      |      ^~~~~~~~~~~~~~~~
In file included from ../Core/Src/NonBlockingDelay.cpp:8:
../Core/Inc/NonBlockingDelay.h:14:7: note: 'class NonBlockingDelay' defined here
   14 | class NonBlockingDelay {
      |       ^~~~~~~~~~~~~~~~
make: *** [Core/Src/subdir.mk:41: Core/Src/NonBlockingDelay.o] Error 1
"make -j6 all" terminated with exit code 2. Build might be incomplete.
20:53:50 **** Incremental Build of configuration Debug for project BlinkyClass_CM4 ****
make -j6 all 
arm-none-eabi-size   BlinkyClass_CM4.elf 
   text	   data	    bss	    dec	    hex	filename
   3128	     24	   1568	   4720	   1270	BlinkyClass_CM4.elf
Finished building: default.size.stdout
 
20:53:50 **** Incremental Build of configuration Debug for project BlinkyClass_CM7 ****
make -j6 all 
arm-none-eabi-g++ "../Core/Src/NonBlockingDelay.cpp" -mcpu=cortex-m7 -std=gnu++14 -g3 -DDEBUG -DCORE_CM7 -DUSE_HAL_DRIVER -DSTM32H745xx -c -I../Core/Inc -I../../Drivers/STM32H7xx_HAL_Driver/Inc -I../../Drivers/STM32H7xx_HAL_Driver/Inc/Legacy -I../../Drivers/CMSIS/Device/ST/STM32H7xx/Include -I../../Drivers/CMSIS/Include -O0 -ffunction-sections -fdata-sections -fno-exceptions -fno-rtti -fno-use-cxa-atexit -Wall -fstack-usage -fcyclomatic-complexity -MMD -MP -MF"Core/Src/NonBlockingDelay.d" -MT"Core/Src/NonBlockingDelay.o" --specs=nano.specs -mfpu=fpv5-d16 -mfloat-abi=hard -mthumb -o "Core/Src/NonBlockingDelay.o"
arm-none-eabi-g++ -o "BlinkyClass_CM7.elf" @"objects.list"   -mcpu=cortex-m7 -T"C:\Users\ayome\OneDrive\switchdrive\MSE\TSM_EmbReal\Projects\02\BlinkyClass\CM7\STM32H745ZITX_FLASH.ld" --specs=nosys.specs -Wl,-Map="BlinkyClass_CM7.map" -Wl,--gc-sections -static --specs=nano.specs -mfpu=fpv5-d16 -mfloat-abi=hard -mthumb -Wl,--start-group -lc -lm -lstdc++ -lsupc++ -Wl,--end-group
Finished building target: BlinkyClass_CM7.elf
 
arm-none-eabi-size   BlinkyClass_CM7.elf 
arm-none-eabi-objdump -h -S  BlinkyClass_CM7.elf  > "BlinkyClass_CM7.list"
   text	   data	    bss	    dec	    hex	filename
  26448	    216	   3248	  29912	   74d8	BlinkyClass_CM7.elf
Finished building: default.size.stdout
 
Finished building: BlinkyClass_CM7.list
 
20:54:00 **** Incremental Build of configuration Debug for project BlinkyClass_CM4 ****
make -j6 all 
arm-none-eabi-size   BlinkyClass_CM4.elf 
   text	   data	    bss	    dec	    hex	filename
   3128	     24	   1568	   4720	   1270	BlinkyClass_CM4.elf
Finished building: default.size.stdout
 
20:54:00 **** Incremental Build of configuration Debug for project BlinkyClass_CM7 ****
make -j6 all 
arm-none-eabi-g++ "../Core/Src/NonBlockingDelay.cpp" -mcpu=cortex-m7 -std=gnu++14 -g3 -DDEBUG -DCORE_CM7 -DUSE_HAL_DRIVER -DSTM32H745xx -c -I../Core/Inc -I../../Drivers/STM32H7xx_HAL_Driver/Inc -I../../Drivers/STM32H7xx_HAL_Driver/Inc/Legacy -I../../Drivers/CMSIS/Device/ST/STM32H7xx/Include -I../../Drivers/CMSIS/Include -O0 -ffunction-sections -fdata-sections -fno-exceptions -fno-rtti -fno-use-cxa-atexit -Wall -fstack-usage -fcyclomatic-complexity -MMD -MP -MF"Core/Src/NonBlockingDelay.d" -MT"Core/Src/NonBlockingDelay.o" --specs=nano.specs -mfpu=fpv5-d16 -mfloat-abi=hard -mthumb -o "Core/Src/NonBlockingDelay.o"
arm-none-eabi-g++ -o "BlinkyClass_CM7.elf" @"objects.list"   -mcpu=cortex-m7 -T"C:\Users\ayome\OneDrive\switchdrive\MSE\TSM_EmbReal\Projects\02\BlinkyClass\CM7\STM32H745ZITX_FLASH.ld" --specs=nosys.specs -Wl,-Map="BlinkyClass_CM7.map" -Wl,--gc-sections -static --specs=nano.specs -mfpu=fpv5-d16 -mfloat-abi=hard -mthumb -Wl,--start-group -lc -lm -lstdc++ -lsupc++ -Wl,--end-group
Finished building target: BlinkyClass_CM7.elf
 
arm-none-eabi-size   BlinkyClass_CM7.elf 
arm-none-eabi-objdump -h -S  BlinkyClass_CM7.elf  > "BlinkyClass_CM7.list"
   text	   data	    bss	    dec	    hex	filename
  26448	    216	   3248	  29912	   74d8	BlinkyClass_CM7.elf
Finished building: default.size.stdout
 
Finished building: BlinkyClass_CM7.list
 
21:13:16 **** Incremental Build of configuration Debug for project BlinkyClass_CM4 ****
make -j6 all 
arm-none-eabi-size   BlinkyClass_CM4.elf 
   text	   data	    bss	    dec	    hex	filename
   3128	     24	   1568	   4720	   1270	BlinkyClass_CM4.elf
Finished building: default.size.stdout
 
21:13:17 **** Incremental Build of configuration Debug for project BlinkyClass_CM7 ****
make -j6 all 
arm-none-eabi-g++ "../Core/Src/NonBlockingDelay.cpp" -mcpu=cortex-m7 -std=gnu++14 -g3 -DDEBUG -DCORE_CM7 -DUSE_HAL_DRIVER -DSTM32H745xx -c -I../Core/Inc -I../../Drivers/STM32H7xx_HAL_Driver/Inc -I../../Drivers/STM32H7xx_HAL_Driver/Inc/Legacy -I../../Drivers/CMSIS/Device/ST/STM32H7xx/Include -I../../Drivers/CMSIS/Include -O0 -ffunction-sections -fdata-sections -fno-exceptions -fno-rtti -fno-use-cxa-atexit -Wall -fstack-usage -fcyclomatic-complexity -MMD -MP -MF"Core/Src/NonBlockingDelay.d" -MT"Core/Src/NonBlockingDelay.o" --specs=nano.specs -mfpu=fpv5-d16 -mfloat-abi=hard -mthumb -o "Core/Src/NonBlockingDelay.o"
../Core/Src/NonBlockingDelay.cpp: In member function 'void NonBlockingDelay::initiatlize(uint32_t)':
../Core/Src/NonBlockingDelay.cpp:17:21: error: 'HAL_GetTick' was not declared in this scope
   17 |         tickstart = HAL_GetTick(); // "start timer" by setting reference point
      |                     ^~~~~~~~~~~
../Core/Src/NonBlockingDelay.cpp: In function 'bool checkExpiration()':
../Core/Src/NonBlockingDelay.cpp:22:13: error: 'HAL_GetTick' was not declared in this scope
   22 |         if((HAL_GetTick() - tickstart) < waitTime){ // timer counting, not yet expired
      |             ^~~~~~~~~~~
../Core/Src/NonBlockingDelay.cpp:22:29: error: 'tickstart' was not declared in this scope
   22 |         if((HAL_GetTick() - tickstart) < waitTime){ // timer counting, not yet expired
      |                             ^~~~~~~~~
../Core/Src/NonBlockingDelay.cpp:22:42: error: 'waitTime' was not declared in this scope
   22 |         if((HAL_GetTick() - tickstart) < waitTime){ // timer counting, not yet expired
      |                                          ^~~~~~~~
../Core/Src/NonBlockingDelay.cpp:29:1: warning: control reaches end of non-void function [-Wreturn-type]
   29 | }
      | ^
make: *** [Core/Src/subdir.mk:41: Core/Src/NonBlockingDelay.o] Error 1
"make -j6 all" terminated with exit code 2. Build might be incomplete.
21:14:13 **** Incremental Build of configuration Debug for project BlinkyClass_CM4 ****
make -j6 all 
arm-none-eabi-size   BlinkyClass_CM4.elf 
   text	   data	    bss	    dec	    hex	filename
   3128	     24	   1568	   4720	   1270	BlinkyClass_CM4.elf
Finished building: default.size.stdout
 
21:14:13 **** Incremental Build of configuration Debug for project BlinkyClass_CM7 ****
make -j6 all 
arm-none-eabi-g++ "../Core/Src/NonBlockingDelay.cpp" -mcpu=cortex-m7 -std=gnu++14 -g3 -DDEBUG -DCORE_CM7 -DUSE_HAL_DRIVER -DSTM32H745xx -c -I../Core/Inc -I../../Drivers/STM32H7xx_HAL_Driver/Inc -I../../Drivers/STM32H7xx_HAL_Driver/Inc/Legacy -I../../Drivers/CMSIS/Device/ST/STM32H7xx/Include -I../../Drivers/CMSIS/Include -O0 -ffunction-sections -fdata-sections -fno-exceptions -fno-rtti -fno-use-cxa-atexit -Wall -fstack-usage -fcyclomatic-complexity -MMD -MP -MF"Core/Src/NonBlockingDelay.d" -MT"Core/Src/NonBlockingDelay.o" --specs=nano.specs -mfpu=fpv5-d16 -mfloat-abi=hard -mthumb -o "Core/Src/NonBlockingDelay.o"
arm-none-eabi-g++ -o "BlinkyClass_CM7.elf" @"objects.list"   -mcpu=cortex-m7 -T"C:\Users\ayome\OneDrive\switchdrive\MSE\TSM_EmbReal\Projects\02\BlinkyClass\CM7\STM32H745ZITX_FLASH.ld" --specs=nosys.specs -Wl,-Map="BlinkyClass_CM7.map" -Wl,--gc-sections -static --specs=nano.specs -mfpu=fpv5-d16 -mfloat-abi=hard -mthumb -Wl,--start-group -lc -lm -lstdc++ -lsupc++ -Wl,--end-group
Finished building target: BlinkyClass_CM7.elf
 
arm-none-eabi-size   BlinkyClass_CM7.elf 
arm-none-eabi-objdump -h -S  BlinkyClass_CM7.elf  > "BlinkyClass_CM7.list"
   text	   data	    bss	    dec	    hex	filename
  26448	    216	   3248	  29912	   74d8	BlinkyClass_CM7.elf
Finished building: default.size.stdout
 
Finished building: BlinkyClass_CM7.list
 
21:14:41 **** Incremental Build of configuration Debug for project BlinkyClass_CM4 ****
make -j6 all 
arm-none-eabi-size   BlinkyClass_CM4.elf 
   text	   data	    bss	    dec	    hex	filename
   3128	     24	   1568	   4720	   1270	BlinkyClass_CM4.elf
Finished building: default.size.stdout
 
21:14:41 **** Incremental Build of configuration Debug for project BlinkyClass_CM7 ****
make -j6 all 
arm-none-eabi-g++ "../Core/Src/NonBlockingDelay.cpp" -mcpu=cortex-m7 -std=gnu++14 -g3 -DDEBUG -DCORE_CM7 -DUSE_HAL_DRIVER -DSTM32H745xx -c -I../Core/Inc -I../../Drivers/STM32H7xx_HAL_Driver/Inc -I../../Drivers/STM32H7xx_HAL_Driver/Inc/Legacy -I../../Drivers/CMSIS/Device/ST/STM32H7xx/Include -I../../Drivers/CMSIS/Include -O0 -ffunction-sections -fdata-sections -fno-exceptions -fno-rtti -fno-use-cxa-atexit -Wall -fstack-usage -fcyclomatic-complexity -MMD -MP -MF"Core/Src/NonBlockingDelay.d" -MT"Core/Src/NonBlockingDelay.o" --specs=nano.specs -mfpu=fpv5-d16 -mfloat-abi=hard -mthumb -o "Core/Src/NonBlockingDelay.o"
arm-none-eabi-g++ -o "BlinkyClass_CM7.elf" @"objects.list"   -mcpu=cortex-m7 -T"C:\Users\ayome\OneDrive\switchdrive\MSE\TSM_EmbReal\Projects\02\BlinkyClass\CM7\STM32H745ZITX_FLASH.ld" --specs=nosys.specs -Wl,-Map="BlinkyClass_CM7.map" -Wl,--gc-sections -static --specs=nano.specs -mfpu=fpv5-d16 -mfloat-abi=hard -mthumb -Wl,--start-group -lc -lm -lstdc++ -lsupc++ -Wl,--end-group
Finished building target: BlinkyClass_CM7.elf
 
arm-none-eabi-size   BlinkyClass_CM7.elf 
arm-none-eabi-objdump -h -S  BlinkyClass_CM7.elf  > "BlinkyClass_CM7.list"
   text	   data	    bss	    dec	    hex	filename
  26448	    216	   3248	  29912	   74d8	BlinkyClass_CM7.elf
Finished building: default.size.stdout
 
Finished building: BlinkyClass_CM7.list
 
22:02:07 **** Incremental Build of configuration Debug for project BlinkyClass_CM4 ****
make -j6 all 
arm-none-eabi-size   BlinkyClass_CM4.elf 
   text	   data	    bss	    dec	    hex	filename
   3128	     24	   1568	   4720	   1270	BlinkyClass_CM4.elf
Finished building: default.size.stdout
 
22:02:07 **** Incremental Build of configuration Debug for project BlinkyClass_CM7 ****
make -j6 all 
arm-none-eabi-g++ "../Core/Src/NonBlockingDelay.cpp" -mcpu=cortex-m7 -std=gnu++14 -g3 -DDEBUG -DCORE_CM7 -DUSE_HAL_DRIVER -DSTM32H745xx -c -I../Core/Inc -I../../Drivers/STM32H7xx_HAL_Driver/Inc -I../../Drivers/STM32H7xx_HAL_Driver/Inc/Legacy -I../../Drivers/CMSIS/Device/ST/STM32H7xx/Include -I../../Drivers/CMSIS/Include -O0 -ffunction-sections -fdata-sections -fno-exceptions -fno-rtti -fno-use-cxa-atexit -Wall -fstack-usage -fcyclomatic-complexity -MMD -MP -MF"Core/Src/NonBlockingDelay.d" -MT"Core/Src/NonBlockingDelay.o" --specs=nano.specs -mfpu=fpv5-d16 -mfloat-abi=hard -mthumb -o "Core/Src/NonBlockingDelay.o"
arm-none-eabi-g++ "../Core/Src/cppMain.cpp" -mcpu=cortex-m7 -std=gnu++14 -g3 -DDEBUG -DCORE_CM7 -DUSE_HAL_DRIVER -DSTM32H745xx -c -I../Core/Inc -I../../Drivers/STM32H7xx_HAL_Driver/Inc -I../../Drivers/STM32H7xx_HAL_Driver/Inc/Legacy -I../../Drivers/CMSIS/Device/ST/STM32H7xx/Include -I../../Drivers/CMSIS/Include -O0 -ffunction-sections -fdata-sections -fno-exceptions -fno-rtti -fno-use-cxa-atexit -Wall -fstack-usage -fcyclomatic-complexity -MMD -MP -MF"Core/Src/cppMain.d" -MT"Core/Src/cppMain.o" --specs=nano.specs -mfpu=fpv5-d16 -mfloat-abi=hard -mthumb -o "Core/Src/cppMain.o"
../Core/Src/cppMain.cpp: In function 'void cppMain()':
../Core/Src/cppMain.cpp:19:32: warning: empty parentheses were disambiguated as a function declaration [-Wvexing-parse]
   19 |         NonBlockingDelay delay1();
      |                                ^~
../Core/Src/cppMain.cpp:19:32: note: remove parentheses to default-initialize a variable
   19 |         NonBlockingDelay delay1();
      |                                ^~
      |                                --
../Core/Src/cppMain.cpp:19:32: note: or replace parentheses with braces to value-initialize a variable
../Core/Src/cppMain.cpp:20:32: warning: empty parentheses were disambiguated as a function declaration [-Wvexing-parse]
   20 |         NonBlockingDelay delay2();
      |                                ^~
../Core/Src/cppMain.cpp:20:32: note: remove parentheses to default-initialize a variable
   20 |         NonBlockingDelay delay2();
      |                                ^~
      |                                --
../Core/Src/cppMain.cpp:20:32: note: or replace parentheses with braces to value-initialize a variable
../Core/Src/cppMain.cpp:21:32: warning: empty parentheses were disambiguated as a function declaration [-Wvexing-parse]
   21 |         NonBlockingDelay delay3();
      |                                ^~
../Core/Src/cppMain.cpp:21:32: note: remove parentheses to default-initialize a variable
   21 |         NonBlockingDelay delay3();
      |                                ^~
      |                                --
../Core/Src/cppMain.cpp:21:32: note: or replace parentheses with braces to value-initialize a variable
../Core/Src/cppMain.cpp:23:9: error: 'Delay1' was not declared in this scope; did you mean 'delay1'?
   23 |         Delay1.init(250);
      |         ^~~~~~
      |         delay1
../Core/Src/cppMain.cpp:28:27: error: request for member 'checkExpiration' in 'delay1', which is of non-class type 'NonBlockingDelay()'
   28 |                 if(delay1.checkExpiration()){ // timer expired: do stuff
      |                           ^~~~~~~~~~~~~~~
make: *** [Core/Src/subdir.mk:41: Core/Src/cppMain.o] Error 1
make: *** Waiting for unfinished jobs....
"make -j6 all" terminated with exit code 2. Build might be incomplete.
22:02:19 **** Incremental Build of configuration Debug for project BlinkyClass_CM4 ****
make -j6 all 
arm-none-eabi-size   BlinkyClass_CM4.elf 
   text	   data	    bss	    dec	    hex	filename
   3128	     24	   1568	   4720	   1270	BlinkyClass_CM4.elf
Finished building: default.size.stdout
 
22:02:19 **** Incremental Build of configuration Debug for project BlinkyClass_CM7 ****
make -j6 all 
arm-none-eabi-g++ "../Core/Src/cppMain.cpp" -mcpu=cortex-m7 -std=gnu++14 -g3 -DDEBUG -DCORE_CM7 -DUSE_HAL_DRIVER -DSTM32H745xx -c -I../Core/Inc -I../../Drivers/STM32H7xx_HAL_Driver/Inc -I../../Drivers/STM32H7xx_HAL_Driver/Inc/Legacy -I../../Drivers/CMSIS/Device/ST/STM32H7xx/Include -I../../Drivers/CMSIS/Include -O0 -ffunction-sections -fdata-sections -fno-exceptions -fno-rtti -fno-use-cxa-atexit -Wall -fstack-usage -fcyclomatic-complexity -MMD -MP -MF"Core/Src/cppMain.d" -MT"Core/Src/cppMain.o" --specs=nano.specs -mfpu=fpv5-d16 -mfloat-abi=hard -mthumb -o "Core/Src/cppMain.o"
../Core/Src/cppMain.cpp: In function 'void cppMain()':
../Core/Src/cppMain.cpp:19:32: warning: empty parentheses were disambiguated as a function declaration [-Wvexing-parse]
   19 |         NonBlockingDelay delay1();
      |                                ^~
../Core/Src/cppMain.cpp:19:32: note: remove parentheses to default-initialize a variable
   19 |         NonBlockingDelay delay1();
      |                                ^~
      |                                --
../Core/Src/cppMain.cpp:19:32: note: or replace parentheses with braces to value-initialize a variable
../Core/Src/cppMain.cpp:20:32: warning: empty parentheses were disambiguated as a function declaration [-Wvexing-parse]
   20 |         NonBlockingDelay delay2();
      |                                ^~
../Core/Src/cppMain.cpp:20:32: note: remove parentheses to default-initialize a variable
   20 |         NonBlockingDelay delay2();
      |                                ^~
      |                                --
../Core/Src/cppMain.cpp:20:32: note: or replace parentheses with braces to value-initialize a variable
../Core/Src/cppMain.cpp:21:32: warning: empty parentheses were disambiguated as a function declaration [-Wvexing-parse]
   21 |         NonBlockingDelay delay3();
      |                                ^~
../Core/Src/cppMain.cpp:21:32: note: remove parentheses to default-initialize a variable
   21 |         NonBlockingDelay delay3();
      |                                ^~
      |                                --
../Core/Src/cppMain.cpp:21:32: note: or replace parentheses with braces to value-initialize a variable
../Core/Src/cppMain.cpp:23:16: error: request for member 'init' in 'delay1', which is of non-class type 'NonBlockingDelay()'
   23 |         delay1.init(250);
      |                ^~~~
../Core/Src/cppMain.cpp:24:16: error: request for member 'init' in 'delay1', which is of non-class type 'NonBlockingDelay()'
   24 |         delay1.init(500);
      |                ^~~~
../Core/Src/cppMain.cpp:25:16: error: request for member 'init' in 'delay1', which is of non-class type 'NonBlockingDelay()'
   25 |         delay1.init(1000);
      |                ^~~~
../Core/Src/cppMain.cpp:28:27: error: request for member 'checkExpiration' in 'delay1', which is of non-class type 'NonBlockingDelay()'
   28 |                 if(delay1.checkExpiration()){ // timer expired: do stuff
      |                           ^~~~~~~~~~~~~~~
../Core/Src/cppMain.cpp:30:25: error: 'Delay1' was not declared in this scope; did you mean 'delay1'?
   30 |                         Delay1.init(250);
      |                         ^~~~~~
      |                         delay1
make: *** [Core/Src/subdir.mk:41: Core/Src/cppMain.o] Error 1
"make -j6 all" terminated with exit code 2. Build might be incomplete.
22:02:42 **** Incremental Build of configuration Debug for project BlinkyClass_CM4 ****
make -j6 all 
arm-none-eabi-size   BlinkyClass_CM4.elf 
   text	   data	    bss	    dec	    hex	filename
   3128	     24	   1568	   4720	   1270	BlinkyClass_CM4.elf
Finished building: default.size.stdout
 
22:02:43 **** Incremental Build of configuration Debug for project BlinkyClass_CM7 ****
make -j6 all 
arm-none-eabi-g++ "../Core/Src/cppMain.cpp" -mcpu=cortex-m7 -std=gnu++14 -g3 -DDEBUG -DCORE_CM7 -DUSE_HAL_DRIVER -DSTM32H745xx -c -I../Core/Inc -I../../Drivers/STM32H7xx_HAL_Driver/Inc -I../../Drivers/STM32H7xx_HAL_Driver/Inc/Legacy -I../../Drivers/CMSIS/Device/ST/STM32H7xx/Include -I../../Drivers/CMSIS/Include -O0 -ffunction-sections -fdata-sections -fno-exceptions -fno-rtti -fno-use-cxa-atexit -Wall -fstack-usage -fcyclomatic-complexity -MMD -MP -MF"Core/Src/cppMain.d" -MT"Core/Src/cppMain.o" --specs=nano.specs -mfpu=fpv5-d16 -mfloat-abi=hard -mthumb -o "Core/Src/cppMain.o"
../Core/Src/cppMain.cpp: In function 'void cppMain()':
../Core/Src/cppMain.cpp:19:32: warning: empty parentheses were disambiguated as a function declaration [-Wvexing-parse]
   19 |         NonBlockingDelay delay1();
      |                                ^~
../Core/Src/cppMain.cpp:19:32: note: remove parentheses to default-initialize a variable
   19 |         NonBlockingDelay delay1();
      |                                ^~
      |                                --
../Core/Src/cppMain.cpp:19:32: note: or replace parentheses with braces to value-initialize a variable
../Core/Src/cppMain.cpp:20:32: warning: empty parentheses were disambiguated as a function declaration [-Wvexing-parse]
   20 |         NonBlockingDelay delay2();
      |                                ^~
../Core/Src/cppMain.cpp:20:32: note: remove parentheses to default-initialize a variable
   20 |         NonBlockingDelay delay2();
      |                                ^~
      |                                --
../Core/Src/cppMain.cpp:20:32: note: or replace parentheses with braces to value-initialize a variable
../Core/Src/cppMain.cpp:21:32: warning: empty parentheses were disambiguated as a function declaration [-Wvexing-parse]
   21 |         NonBlockingDelay delay3();
      |                                ^~
../Core/Src/cppMain.cpp:21:32: note: remove parentheses to default-initialize a variable
   21 |         NonBlockingDelay delay3();
      |                                ^~
      |                                --
../Core/Src/cppMain.cpp:21:32: note: or replace parentheses with braces to value-initialize a variable
../Core/Src/cppMain.cpp:23:16: error: request for member 'init' in 'delay1', which is of non-class type 'NonBlockingDelay()'
   23 |         delay1.init(250);
      |                ^~~~
../Core/Src/cppMain.cpp:24:16: error: request for member 'init' in 'delay1', which is of non-class type 'NonBlockingDelay()'
   24 |         delay1.init(500);
      |                ^~~~
../Core/Src/cppMain.cpp:25:16: error: request for member 'init' in 'delay1', which is of non-class type 'NonBlockingDelay()'
   25 |         delay1.init(1000);
      |                ^~~~
../Core/Src/cppMain.cpp:28:27: error: request for member 'checkExpiration' in 'delay1', which is of non-class type 'NonBlockingDelay()'
   28 |                 if(delay1.checkExpiration()){ // timer expired: do stuff
      |                           ^~~~~~~~~~~~~~~
../Core/Src/cppMain.cpp:30:32: error: request for member 'init' in 'delay1', which is of non-class type 'NonBlockingDelay()'
   30 |                         delay1.init(250);
      |                                ^~~~
make: *** [Core/Src/subdir.mk:41: Core/Src/cppMain.o] Error 1
"make -j6 all" terminated with exit code 2. Build might be incomplete.
22:03:40 **** Incremental Build of configuration Debug for project BlinkyClass_CM4 ****
make -j6 all 
arm-none-eabi-size   BlinkyClass_CM4.elf 
   text	   data	    bss	    dec	    hex	filename
   3128	     24	   1568	   4720	   1270	BlinkyClass_CM4.elf
Finished building: default.size.stdout
 
22:03:41 **** Incremental Build of configuration Debug for project BlinkyClass_CM7 ****
make -j6 all 
arm-none-eabi-g++ "../Core/Src/cppMain.cpp" -mcpu=cortex-m7 -std=gnu++14 -g3 -DDEBUG -DCORE_CM7 -DUSE_HAL_DRIVER -DSTM32H745xx -c -I../Core/Inc -I../../Drivers/STM32H7xx_HAL_Driver/Inc -I../../Drivers/STM32H7xx_HAL_Driver/Inc/Legacy -I../../Drivers/CMSIS/Device/ST/STM32H7xx/Include -I../../Drivers/CMSIS/Include -O0 -ffunction-sections -fdata-sections -fno-exceptions -fno-rtti -fno-use-cxa-atexit -Wall -fstack-usage -fcyclomatic-complexity -MMD -MP -MF"Core/Src/cppMain.d" -MT"Core/Src/cppMain.o" --specs=nano.specs -mfpu=fpv5-d16 -mfloat-abi=hard -mthumb -o "Core/Src/cppMain.o"
../Core/Src/cppMain.cpp: In function 'void cppMain()':
../Core/Src/cppMain.cpp:10:32: warning: empty parentheses were disambiguated as a function declaration [-Wvexing-parse]
   10 |         NonBlockingDelay delay1();
      |                                ^~
../Core/Src/cppMain.cpp:10:32: note: remove parentheses to default-initialize a variable
   10 |         NonBlockingDelay delay1();
      |                                ^~
      |                                --
../Core/Src/cppMain.cpp:10:32: note: or replace parentheses with braces to value-initialize a variable
../Core/Src/cppMain.cpp:11:32: warning: empty parentheses were disambiguated as a function declaration [-Wvexing-parse]
   11 |         NonBlockingDelay delay2();
      |                                ^~
../Core/Src/cppMain.cpp:11:32: note: remove parentheses to default-initialize a variable
   11 |         NonBlockingDelay delay2();
      |                                ^~
      |                                --
../Core/Src/cppMain.cpp:11:32: note: or replace parentheses with braces to value-initialize a variable
../Core/Src/cppMain.cpp:12:32: warning: empty parentheses were disambiguated as a function declaration [-Wvexing-parse]
   12 |         NonBlockingDelay delay3();
      |                                ^~
../Core/Src/cppMain.cpp:12:32: note: remove parentheses to default-initialize a variable
   12 |         NonBlockingDelay delay3();
      |                                ^~
      |                                --
../Core/Src/cppMain.cpp:12:32: note: or replace parentheses with braces to value-initialize a variable
../Core/Src/cppMain.cpp:14:16: error: request for member 'init' in 'delay1', which is of non-class type 'NonBlockingDelay()'
   14 |         delay1.init(250);
      |                ^~~~
../Core/Src/cppMain.cpp:15:16: error: request for member 'init' in 'delay1', which is of non-class type 'NonBlockingDelay()'
   15 |         delay1.init(500);
      |                ^~~~
../Core/Src/cppMain.cpp:16:16: error: request for member 'init' in 'delay1', which is of non-class type 'NonBlockingDelay()'
   16 |         delay1.init(1000);
      |                ^~~~
../Core/Src/cppMain.cpp:19:27: error: request for member 'checkExpiration' in 'delay1', which is of non-class type 'NonBlockingDelay()'
   19 |                 if(delay1.checkExpiration()){ // timer expired: do stuff
      |                           ^~~~~~~~~~~~~~~
../Core/Src/cppMain.cpp:21:32: error: request for member 'init' in 'delay1', which is of non-class type 'NonBlockingDelay()'
   21 |                         delay1.init(250);
      |                                ^~~~
make: *** [Core/Src/subdir.mk:41: Core/Src/cppMain.o] Error 1
"make -j6 all" terminated with exit code 2. Build might be incomplete.
22:04:38 **** Incremental Build of configuration Debug for project BlinkyClass_CM4 ****
make -j6 all 
arm-none-eabi-size   BlinkyClass_CM4.elf 
   text	   data	    bss	    dec	    hex	filename
   3128	     24	   1568	   4720	   1270	BlinkyClass_CM4.elf
Finished building: default.size.stdout
 
22:04:38 **** Incremental Build of configuration Debug for project BlinkyClass_CM7 ****
make -j6 all 
arm-none-eabi-g++ "../Core/Src/cppMain.cpp" -mcpu=cortex-m7 -std=gnu++14 -g3 -DDEBUG -DCORE_CM7 -DUSE_HAL_DRIVER -DSTM32H745xx -c -I../Core/Inc -I../../Drivers/STM32H7xx_HAL_Driver/Inc -I../../Drivers/STM32H7xx_HAL_Driver/Inc/Legacy -I../../Drivers/CMSIS/Device/ST/STM32H7xx/Include -I../../Drivers/CMSIS/Include -O0 -ffunction-sections -fdata-sections -fno-exceptions -fno-rtti -fno-use-cxa-atexit -Wall -fstack-usage -fcyclomatic-complexity -MMD -MP -MF"Core/Src/cppMain.d" -MT"Core/Src/cppMain.o" --specs=nano.specs -mfpu=fpv5-d16 -mfloat-abi=hard -mthumb -o "Core/Src/cppMain.o"
../Core/Src/cppMain.cpp: In function 'void cppMain()':
../Core/Src/cppMain.cpp:10:32: warning: empty parentheses were disambiguated as a function declaration [-Wvexing-parse]
   10 |         NonBlockingDelay delay1();
      |                                ^~
../Core/Src/cppMain.cpp:10:32: note: remove parentheses to default-initialize a variable
   10 |         NonBlockingDelay delay1();
      |                                ^~
      |                                --
../Core/Src/cppMain.cpp:10:32: note: or replace parentheses with braces to value-initialize a variable
../Core/Src/cppMain.cpp:11:16: error: request for member 'init' in 'delay1', which is of non-class type 'NonBlockingDelay()'
   11 |         delay1.init(250);
      |                ^~~~
../Core/Src/cppMain.cpp:14:27: error: request for member 'checkExpiration' in 'delay1', which is of non-class type 'NonBlockingDelay()'
   14 |                 if(delay1.checkExpiration()){ // timer expired: do stuff
      |                           ^~~~~~~~~~~~~~~
../Core/Src/cppMain.cpp:16:32: error: request for member 'init' in 'delay1', which is of non-class type 'NonBlockingDelay()'
   16 |                         delay1.init(250);
      |                                ^~~~
make: *** [Core/Src/subdir.mk:41: Core/Src/cppMain.o] Error 1
"make -j6 all" terminated with exit code 2. Build might be incomplete.
22:05:20 **** Incremental Build of configuration Debug for project BlinkyClass_CM4 ****
make -j6 all 
arm-none-eabi-size   BlinkyClass_CM4.elf 
   text	   data	    bss	    dec	    hex	filename
   3128	     24	   1568	   4720	   1270	BlinkyClass_CM4.elf
Finished building: default.size.stdout
 
22:05:20 **** Incremental Build of configuration Debug for project BlinkyClass_CM7 ****
make -j6 all 
arm-none-eabi-g++ "../Core/Src/cppMain.cpp" -mcpu=cortex-m7 -std=gnu++14 -g3 -DDEBUG -DCORE_CM7 -DUSE_HAL_DRIVER -DSTM32H745xx -c -I../Core/Inc -I../../Drivers/STM32H7xx_HAL_Driver/Inc -I../../Drivers/STM32H7xx_HAL_Driver/Inc/Legacy -I../../Drivers/CMSIS/Device/ST/STM32H7xx/Include -I../../Drivers/CMSIS/Include -O0 -ffunction-sections -fdata-sections -fno-exceptions -fno-rtti -fno-use-cxa-atexit -Wall -fstack-usage -fcyclomatic-complexity -MMD -MP -MF"Core/Src/cppMain.d" -MT"Core/Src/cppMain.o" --specs=nano.specs -mfpu=fpv5-d16 -mfloat-abi=hard -mthumb -o "Core/Src/cppMain.o"
../Core/Src/cppMain.cpp: In function 'void cppMain()':
../Core/Src/cppMain.cpp:10:32: warning: empty parentheses were disambiguated as a function declaration [-Wvexing-parse]
   10 |         NonBlockingDelay delay1();
      |                                ^~
../Core/Src/cppMain.cpp:10:32: note: remove parentheses to default-initialize a variable
   10 |         NonBlockingDelay delay1();
      |                                ^~
      |                                --
../Core/Src/cppMain.cpp:10:32: note: or replace parentheses with braces to value-initialize a variable
../Core/Src/cppMain.cpp:11:16: error: request for member 'init' in 'delay1', which is of non-class type 'NonBlockingDelay()'
   11 |         delay1.init(250);
      |                ^~~~
make: *** [Core/Src/subdir.mk:41: Core/Src/cppMain.o] Error 1
"make -j6 all" terminated with exit code 2. Build might be incomplete.
22:06:45 **** Incremental Build of configuration Debug for project BlinkyClass_CM4 ****
make -j6 all 
arm-none-eabi-size   BlinkyClass_CM4.elf 
   text	   data	    bss	    dec	    hex	filename
   3128	     24	   1568	   4720	   1270	BlinkyClass_CM4.elf
Finished building: default.size.stdout
 
22:06:46 **** Incremental Build of configuration Debug for project BlinkyClass_CM7 ****
make -j6 all 
arm-none-eabi-g++ "../Core/Src/cppMain.cpp" -mcpu=cortex-m7 -std=gnu++14 -g3 -DDEBUG -DCORE_CM7 -DUSE_HAL_DRIVER -DSTM32H745xx -c -I../Core/Inc -I../../Drivers/STM32H7xx_HAL_Driver/Inc -I../../Drivers/STM32H7xx_HAL_Driver/Inc/Legacy -I../../Drivers/CMSIS/Device/ST/STM32H7xx/Include -I../../Drivers/CMSIS/Include -O0 -ffunction-sections -fdata-sections -fno-exceptions -fno-rtti -fno-use-cxa-atexit -Wall -fstack-usage -fcyclomatic-complexity -MMD -MP -MF"Core/Src/cppMain.d" -MT"Core/Src/cppMain.o" --specs=nano.specs -mfpu=fpv5-d16 -mfloat-abi=hard -mthumb -o "Core/Src/cppMain.o"
../Core/Src/cppMain.cpp: In function 'void cppMain()':
../Core/Src/cppMain.cpp:11:16: error: 'class NonBlockingDelay' has no member named 'init'
   11 |         delay1.init(250);
      |                ^~~~
make: *** [Core/Src/subdir.mk:41: Core/Src/cppMain.o] Error 1
"make -j6 all" terminated with exit code 2. Build might be incomplete.
22:07:04 **** Incremental Build of configuration Debug for project BlinkyClass_CM4 ****
make -j6 all 
arm-none-eabi-size   BlinkyClass_CM4.elf 
   text	   data	    bss	    dec	    hex	filename
   3128	     24	   1568	   4720	   1270	BlinkyClass_CM4.elf
Finished building: default.size.stdout
 
22:07:04 **** Incremental Build of configuration Debug for project BlinkyClass_CM7 ****
make -j6 all 
arm-none-eabi-g++ "../Core/Src/cppMain.cpp" -mcpu=cortex-m7 -std=gnu++14 -g3 -DDEBUG -DCORE_CM7 -DUSE_HAL_DRIVER -DSTM32H745xx -c -I../Core/Inc -I../../Drivers/STM32H7xx_HAL_Driver/Inc -I../../Drivers/STM32H7xx_HAL_Driver/Inc/Legacy -I../../Drivers/CMSIS/Device/ST/STM32H7xx/Include -I../../Drivers/CMSIS/Include -O0 -ffunction-sections -fdata-sections -fno-exceptions -fno-rtti -fno-use-cxa-atexit -Wall -fstack-usage -fcyclomatic-complexity -MMD -MP -MF"Core/Src/cppMain.d" -MT"Core/Src/cppMain.o" --specs=nano.specs -mfpu=fpv5-d16 -mfloat-abi=hard -mthumb -o "Core/Src/cppMain.o"
../Core/Src/cppMain.cpp: In function 'void cppMain()':
../Core/Src/cppMain.cpp:11:16: error: 'class NonBlockingDelay' has no member named 'initialize'; did you mean 'initiatlize'?
   11 |         delay1.initialize(250);
      |                ^~~~~~~~~~
      |                initiatlize
make: *** [Core/Src/subdir.mk:41: Core/Src/cppMain.o] Error 1
"make -j6 all" terminated with exit code 2. Build might be incomplete.
22:07:23 **** Incremental Build of configuration Debug for project BlinkyClass_CM4 ****
make -j6 all 
arm-none-eabi-size   BlinkyClass_CM4.elf 
   text	   data	    bss	    dec	    hex	filename
   3128	     24	   1568	   4720	   1270	BlinkyClass_CM4.elf
Finished building: default.size.stdout
 
22:07:24 **** Incremental Build of configuration Debug for project BlinkyClass_CM7 ****
make -j6 all 
arm-none-eabi-g++ "../Core/Src/NonBlockingDelay.cpp" -mcpu=cortex-m7 -std=gnu++14 -g3 -DDEBUG -DCORE_CM7 -DUSE_HAL_DRIVER -DSTM32H745xx -c -I../Core/Inc -I../../Drivers/STM32H7xx_HAL_Driver/Inc -I../../Drivers/STM32H7xx_HAL_Driver/Inc/Legacy -I../../Drivers/CMSIS/Device/ST/STM32H7xx/Include -I../../Drivers/CMSIS/Include -O0 -ffunction-sections -fdata-sections -fno-exceptions -fno-rtti -fno-use-cxa-atexit -Wall -fstack-usage -fcyclomatic-complexity -MMD -MP -MF"Core/Src/NonBlockingDelay.d" -MT"Core/Src/NonBlockingDelay.o" --specs=nano.specs -mfpu=fpv5-d16 -mfloat-abi=hard -mthumb -o "Core/Src/NonBlockingDelay.o"
arm-none-eabi-g++ "../Core/Src/cppMain.cpp" -mcpu=cortex-m7 -std=gnu++14 -g3 -DDEBUG -DCORE_CM7 -DUSE_HAL_DRIVER -DSTM32H745xx -c -I../Core/Inc -I../../Drivers/STM32H7xx_HAL_Driver/Inc -I../../Drivers/STM32H7xx_HAL_Driver/Inc/Legacy -I../../Drivers/CMSIS/Device/ST/STM32H7xx/Include -I../../Drivers/CMSIS/Include -O0 -ffunction-sections -fdata-sections -fno-exceptions -fno-rtti -fno-use-cxa-atexit -Wall -fstack-usage -fcyclomatic-complexity -MMD -MP -MF"Core/Src/cppMain.d" -MT"Core/Src/cppMain.o" --specs=nano.specs -mfpu=fpv5-d16 -mfloat-abi=hard -mthumb -o "Core/Src/cppMain.o"
arm-none-eabi-g++ -o "BlinkyClass_CM7.elf" @"objects.list"   -mcpu=cortex-m7 -T"C:\Users\ayome\OneDrive\switchdrive\MSE\TSM_EmbReal\Projects\02\BlinkyClass\CM7\STM32H745ZITX_FLASH.ld" --specs=nosys.specs -Wl,-Map="BlinkyClass_CM7.map" -Wl,--gc-sections -static --specs=nano.specs -mfpu=fpv5-d16 -mfloat-abi=hard -mthumb -Wl,--start-group -lc -lm -lstdc++ -lsupc++ -Wl,--end-group
Finished building target: BlinkyClass_CM7.elf
 
arm-none-eabi-size   BlinkyClass_CM7.elf 
arm-none-eabi-objdump -h -S  BlinkyClass_CM7.elf  > "BlinkyClass_CM7.list"
   text	   data	    bss	    dec	    hex	filename
  26536	    216	   3248	  30000	   7530	BlinkyClass_CM7.elf
Finished building: default.size.stdout
 
Finished building: BlinkyClass_CM7.list
 
22:07:36 **** Incremental Build of configuration Debug for project BlinkyClass_CM4 ****
make -j6 all 
arm-none-eabi-size   BlinkyClass_CM4.elf 
   text	   data	    bss	    dec	    hex	filename
   3128	     24	   1568	   4720	   1270	BlinkyClass_CM4.elf
Finished building: default.size.stdout
 
22:07:36 **** Incremental Build of configuration Debug for project BlinkyClass_CM7 ****
make -j6 all 
arm-none-eabi-g++ "../Core/Src/cppMain.cpp" -mcpu=cortex-m7 -std=gnu++14 -g3 -DDEBUG -DCORE_CM7 -DUSE_HAL_DRIVER -DSTM32H745xx -c -I../Core/Inc -I../../Drivers/STM32H7xx_HAL_Driver/Inc -I../../Drivers/STM32H7xx_HAL_Driver/Inc/Legacy -I../../Drivers/CMSIS/Device/ST/STM32H7xx/Include -I../../Drivers/CMSIS/Include -O0 -ffunction-sections -fdata-sections -fno-exceptions -fno-rtti -fno-use-cxa-atexit -Wall -fstack-usage -fcyclomatic-complexity -MMD -MP -MF"Core/Src/cppMain.d" -MT"Core/Src/cppMain.o" --specs=nano.specs -mfpu=fpv5-d16 -mfloat-abi=hard -mthumb -o "Core/Src/cppMain.o"
arm-none-eabi-g++ -o "BlinkyClass_CM7.elf" @"objects.list"   -mcpu=cortex-m7 -T"C:\Users\ayome\OneDrive\switchdrive\MSE\TSM_EmbReal\Projects\02\BlinkyClass\CM7\STM32H745ZITX_FLASH.ld" --specs=nosys.specs -Wl,-Map="BlinkyClass_CM7.map" -Wl,--gc-sections -static --specs=nano.specs -mfpu=fpv5-d16 -mfloat-abi=hard -mthumb -Wl,--start-group -lc -lm -lstdc++ -lsupc++ -Wl,--end-group
Finished building target: BlinkyClass_CM7.elf
 
arm-none-eabi-size   BlinkyClass_CM7.elf 
arm-none-eabi-objdump -h -S  BlinkyClass_CM7.elf  > "BlinkyClass_CM7.list"
   text	   data	    bss	    dec	    hex	filename
  26692	    216	   3248	  30156	   75cc	BlinkyClass_CM7.elf
Finished building: default.size.stdout
 
Finished building: BlinkyClass_CM7.list
 
22:08:32 **** Incremental Build of configuration Debug for project BlinkyClass_CM4 ****
make -j6 all 
arm-none-eabi-size   BlinkyClass_CM4.elf 
   text	   data	    bss	    dec	    hex	filename
   3128	     24	   1568	   4720	   1270	BlinkyClass_CM4.elf
Finished building: default.size.stdout
 
22:08:33 **** Incremental Build of configuration Debug for project BlinkyClass_CM7 ****
make -j6 all 
arm-none-eabi-size   BlinkyClass_CM7.elf 
   text	   data	    bss	    dec	    hex	filename
  26692	    216	   3248	  30156	   75cc	BlinkyClass_CM7.elf
Finished building: default.size.stdout
 
22:10:09 **** Incremental Build of configuration Debug for project BlinkyClass_CM4 ****
make -j6 all 
arm-none-eabi-size   BlinkyClass_CM4.elf 
   text	   data	    bss	    dec	    hex	filename
   3128	     24	   1568	   4720	   1270	BlinkyClass_CM4.elf
Finished building: default.size.stdout
 
22:10:10 **** Incremental Build of configuration Debug for project BlinkyClass_CM7 ****
make -j6 all 
arm-none-eabi-size   BlinkyClass_CM7.elf 
   text	   data	    bss	    dec	    hex	filename
  26692	    216	   3248	  30156	   75cc	BlinkyClass_CM7.elf
Finished building: default.size.stdout
 
22:10:51 **** Incremental Build of configuration Debug for project BlinkyClass_CM4 ****
make -j6 all 
arm-none-eabi-size   BlinkyClass_CM4.elf 
   text	   data	    bss	    dec	    hex	filename
   3128	     24	   1568	   4720	   1270	BlinkyClass_CM4.elf
Finished building: default.size.stdout
 
22:10:52 **** Incremental Build of configuration Debug for project BlinkyClass_CM7 ****
make -j6 all 
arm-none-eabi-size   BlinkyClass_CM7.elf 
   text	   data	    bss	    dec	    hex	filename
  26692	    216	   3248	  30156	   75cc	BlinkyClass_CM7.elf
Finished building: default.size.stdout
 
22:14:14 **** Incremental Build of configuration Debug for project BlinkyClass_CM4 ****
make -j6 all 
arm-none-eabi-size   BlinkyClass_CM4.elf 
   text	   data	    bss	    dec	    hex	filename
   3128	     24	   1568	   4720	   1270	BlinkyClass_CM4.elf
Finished building: default.size.stdout
 
22:14:15 **** Incremental Build of configuration Debug for project BlinkyClass_CM7 ****
make -j6 all 
arm-none-eabi-size   BlinkyClass_CM7.elf 
   text	   data	    bss	    dec	    hex	filename
  26692	    216	   3248	  30156	   75cc	BlinkyClass_CM7.elf
Finished building: default.size.stdout
 
22:16:48 **** Incremental Build of configuration Debug for project BlinkyClass_CM4 ****
make -j6 all 
arm-none-eabi-gcc "C:/Users/ayome/OneDrive/switchdrive/MSE/TSM_EmbReal/Projects/02/BlinkyClass/Drivers/STM32H7xx_HAL_Driver/Src/stm32h7xx_hal.c" -mcpu=cortex-m4 -std=gnu11 -g3 -DDEBUG -DCORE_CM4 -DUSE_HAL_DRIVER -DSTM32H745xx -c -I../Core/Inc -I../../Drivers/STM32H7xx_HAL_Driver/Inc -I../../Drivers/STM32H7xx_HAL_Driver/Inc/Legacy -I../../Drivers/CMSIS/Device/ST/STM32H7xx/Include -I../../Drivers/CMSIS/Include -O0 -ffunction-sections -fdata-sections -Wall -fstack-usage -fcyclomatic-complexity -MMD -MP -MF"Drivers/STM32H7xx_HAL_Driver/stm32h7xx_hal.d" -MT"Drivers/STM32H7xx_HAL_Driver/stm32h7xx_hal.o" --specs=nano.specs -mfpu=fpv4-sp-d16 -mfloat-abi=hard -mthumb -o "Drivers/STM32H7xx_HAL_Driver/stm32h7xx_hal.o"
arm-none-eabi-gcc "C:/Users/ayome/OneDrive/switchdrive/MSE/TSM_EmbReal/Projects/02/BlinkyClass/Drivers/STM32H7xx_HAL_Driver/Src/stm32h7xx_hal_cortex.c" -mcpu=cortex-m4 -std=gnu11 -g3 -DDEBUG -DCORE_CM4 -DUSE_HAL_DRIVER -DSTM32H745xx -c -I../Core/Inc -I../../Drivers/STM32H7xx_HAL_Driver/Inc -I../../Drivers/STM32H7xx_HAL_Driver/Inc/Legacy -I../../Drivers/CMSIS/Device/ST/STM32H7xx/Include -I../../Drivers/CMSIS/Include -O0 -ffunction-sections -fdata-sections -Wall -fstack-usage -fcyclomatic-complexity -MMD -MP -MF"Drivers/STM32H7xx_HAL_Driver/stm32h7xx_hal_cortex.d" -MT"Drivers/STM32H7xx_HAL_Driver/stm32h7xx_hal_cortex.o" --specs=nano.specs -mfpu=fpv4-sp-d16 -mfloat-abi=hard -mthumb -o "Drivers/STM32H7xx_HAL_Driver/stm32h7xx_hal_cortex.o"
arm-none-eabi-gcc "C:/Users/ayome/OneDrive/switchdrive/MSE/TSM_EmbReal/Projects/02/BlinkyClass/Drivers/STM32H7xx_HAL_Driver/Src/stm32h7xx_hal_dma.c" -mcpu=cortex-m4 -std=gnu11 -g3 -DDEBUG -DCORE_CM4 -DUSE_HAL_DRIVER -DSTM32H745xx -c -I../Core/Inc -I../../Drivers/STM32H7xx_HAL_Driver/Inc -I../../Drivers/STM32H7xx_HAL_Driver/Inc/Legacy -I../../Drivers/CMSIS/Device/ST/STM32H7xx/Include -I../../Drivers/CMSIS/Include -O0 -ffunction-sections -fdata-sections -Wall -fstack-usage -fcyclomatic-complexity -MMD -MP -MF"Drivers/STM32H7xx_HAL_Driver/stm32h7xx_hal_dma.d" -MT"Drivers/STM32H7xx_HAL_Driver/stm32h7xx_hal_dma.o" --specs=nano.specs -mfpu=fpv4-sp-d16 -mfloat-abi=hard -mthumb -o "Drivers/STM32H7xx_HAL_Driver/stm32h7xx_hal_dma.o"
arm-none-eabi-gcc "C:/Users/ayome/OneDrive/switchdrive/MSE/TSM_EmbReal/Projects/02/BlinkyClass/Drivers/STM32H7xx_HAL_Driver/Src/stm32h7xx_hal_dma_ex.c" -mcpu=cortex-m4 -std=gnu11 -g3 -DDEBUG -DCORE_CM4 -DUSE_HAL_DRIVER -DSTM32H745xx -c -I../Core/Inc -I../../Drivers/STM32H7xx_HAL_Driver/Inc -I../../Drivers/STM32H7xx_HAL_Driver/Inc/Legacy -I../../Drivers/CMSIS/Device/ST/STM32H7xx/Include -I../../Drivers/CMSIS/Include -O0 -ffunction-sections -fdata-sections -Wall -fstack-usage -fcyclomatic-complexity -MMD -MP -MF"Drivers/STM32H7xx_HAL_Driver/stm32h7xx_hal_dma_ex.d" -MT"Drivers/STM32H7xx_HAL_Driver/stm32h7xx_hal_dma_ex.o" --specs=nano.specs -mfpu=fpv4-sp-d16 -mfloat-abi=hard -mthumb -o "Drivers/STM32H7xx_HAL_Driver/stm32h7xx_hal_dma_ex.o"
arm-none-eabi-gcc "C:/Users/ayome/OneDrive/switchdrive/MSE/TSM_EmbReal/Projects/02/BlinkyClass/Drivers/STM32H7xx_HAL_Driver/Src/stm32h7xx_hal_eth.c" -mcpu=cortex-m4 -std=gnu11 -g3 -DDEBUG -DCORE_CM4 -DUSE_HAL_DRIVER -DSTM32H745xx -c -I../Core/Inc -I../../Drivers/STM32H7xx_HAL_Driver/Inc -I../../Drivers/STM32H7xx_HAL_Driver/Inc/Legacy -I../../Drivers/CMSIS/Device/ST/STM32H7xx/Include -I../../Drivers/CMSIS/Include -O0 -ffunction-sections -fdata-sections -Wall -fstack-usage -fcyclomatic-complexity -MMD -MP -MF"Drivers/STM32H7xx_HAL_Driver/stm32h7xx_hal_eth.d" -MT"Drivers/STM32H7xx_HAL_Driver/stm32h7xx_hal_eth.o" --specs=nano.specs -mfpu=fpv4-sp-d16 -mfloat-abi=hard -mthumb -o "Drivers/STM32H7xx_HAL_Driver/stm32h7xx_hal_eth.o"
arm-none-eabi-gcc "C:/Users/ayome/OneDrive/switchdrive/MSE/TSM_EmbReal/Projects/02/BlinkyClass/Drivers/STM32H7xx_HAL_Driver/Src/stm32h7xx_hal_eth_ex.c" -mcpu=cortex-m4 -std=gnu11 -g3 -DDEBUG -DCORE_CM4 -DUSE_HAL_DRIVER -DSTM32H745xx -c -I../Core/Inc -I../../Drivers/STM32H7xx_HAL_Driver/Inc -I../../Drivers/STM32H7xx_HAL_Driver/Inc/Legacy -I../../Drivers/CMSIS/Device/ST/STM32H7xx/Include -I../../Drivers/CMSIS/Include -O0 -ffunction-sections -fdata-sections -Wall -fstack-usage -fcyclomatic-complexity -MMD -MP -MF"Drivers/STM32H7xx_HAL_Driver/stm32h7xx_hal_eth_ex.d" -MT"Drivers/STM32H7xx_HAL_Driver/stm32h7xx_hal_eth_ex.o" --specs=nano.specs -mfpu=fpv4-sp-d16 -mfloat-abi=hard -mthumb -o "Drivers/STM32H7xx_HAL_Driver/stm32h7xx_hal_eth_ex.o"
arm-none-eabi-gcc "C:/Users/ayome/OneDrive/switchdrive/MSE/TSM_EmbReal/Projects/02/BlinkyClass/Drivers/STM32H7xx_HAL_Driver/Src/stm32h7xx_hal_exti.c" -mcpu=cortex-m4 -std=gnu11 -g3 -DDEBUG -DCORE_CM4 -DUSE_HAL_DRIVER -DSTM32H745xx -c -I../Core/Inc -I../../Drivers/STM32H7xx_HAL_Driver/Inc -I../../Drivers/STM32H7xx_HAL_Driver/Inc/Legacy -I../../Drivers/CMSIS/Device/ST/STM32H7xx/Include -I../../Drivers/CMSIS/Include -O0 -ffunction-sections -fdata-sections -Wall -fstack-usage -fcyclomatic-complexity -MMD -MP -MF"Drivers/STM32H7xx_HAL_Driver/stm32h7xx_hal_exti.d" -MT"Drivers/STM32H7xx_HAL_Driver/stm32h7xx_hal_exti.o" --specs=nano.specs -mfpu=fpv4-sp-d16 -mfloat-abi=hard -mthumb -o "Drivers/STM32H7xx_HAL_Driver/stm32h7xx_hal_exti.o"
arm-none-eabi-gcc "C:/Users/ayome/OneDrive/switchdrive/MSE/TSM_EmbReal/Projects/02/BlinkyClass/Drivers/STM32H7xx_HAL_Driver/Src/stm32h7xx_hal_flash.c" -mcpu=cortex-m4 -std=gnu11 -g3 -DDEBUG -DCORE_CM4 -DUSE_HAL_DRIVER -DSTM32H745xx -c -I../Core/Inc -I../../Drivers/STM32H7xx_HAL_Driver/Inc -I../../Drivers/STM32H7xx_HAL_Driver/Inc/Legacy -I../../Drivers/CMSIS/Device/ST/STM32H7xx/Include -I../../Drivers/CMSIS/Include -O0 -ffunction-sections -fdata-sections -Wall -fstack-usage -fcyclomatic-complexity -MMD -MP -MF"Drivers/STM32H7xx_HAL_Driver/stm32h7xx_hal_flash.d" -MT"Drivers/STM32H7xx_HAL_Driver/stm32h7xx_hal_flash.o" --specs=nano.specs -mfpu=fpv4-sp-d16 -mfloat-abi=hard -mthumb -o "Drivers/STM32H7xx_HAL_Driver/stm32h7xx_hal_flash.o"
arm-none-eabi-gcc "C:/Users/ayome/OneDrive/switchdrive/MSE/TSM_EmbReal/Projects/02/BlinkyClass/Drivers/STM32H7xx_HAL_Driver/Src/stm32h7xx_hal_flash_ex.c" -mcpu=cortex-m4 -std=gnu11 -g3 -DDEBUG -DCORE_CM4 -DUSE_HAL_DRIVER -DSTM32H745xx -c -I../Core/Inc -I../../Drivers/STM32H7xx_HAL_Driver/Inc -I../../Drivers/STM32H7xx_HAL_Driver/Inc/Legacy -I../../Drivers/CMSIS/Device/ST/STM32H7xx/Include -I../../Drivers/CMSIS/Include -O0 -ffunction-sections -fdata-sections -Wall -fstack-usage -fcyclomatic-complexity -MMD -MP -MF"Drivers/STM32H7xx_HAL_Driver/stm32h7xx_hal_flash_ex.d" -MT"Drivers/STM32H7xx_HAL_Driver/stm32h7xx_hal_flash_ex.o" --specs=nano.specs -mfpu=fpv4-sp-d16 -mfloat-abi=hard -mthumb -o "Drivers/STM32H7xx_HAL_Driver/stm32h7xx_hal_flash_ex.o"
arm-none-eabi-gcc "C:/Users/ayome/OneDrive/switchdrive/MSE/TSM_EmbReal/Projects/02/BlinkyClass/Drivers/STM32H7xx_HAL_Driver/Src/stm32h7xx_hal_gpio.c" -mcpu=cortex-m4 -std=gnu11 -g3 -DDEBUG -DCORE_CM4 -DUSE_HAL_DRIVER -DSTM32H745xx -c -I../Core/Inc -I../../Drivers/STM32H7xx_HAL_Driver/Inc -I../../Drivers/STM32H7xx_HAL_Driver/Inc/Legacy -I../../Drivers/CMSIS/Device/ST/STM32H7xx/Include -I../../Drivers/CMSIS/Include -O0 -ffunction-sections -fdata-sections -Wall -fstack-usage -fcyclomatic-complexity -MMD -MP -MF"Drivers/STM32H7xx_HAL_Driver/stm32h7xx_hal_gpio.d" -MT"Drivers/STM32H7xx_HAL_Driver/stm32h7xx_hal_gpio.o" --specs=nano.specs -mfpu=fpv4-sp-d16 -mfloat-abi=hard -mthumb -o "Drivers/STM32H7xx_HAL_Driver/stm32h7xx_hal_gpio.o"
arm-none-eabi-gcc "C:/Users/ayome/OneDrive/switchdrive/MSE/TSM_EmbReal/Projects/02/BlinkyClass/Drivers/STM32H7xx_HAL_Driver/Src/stm32h7xx_hal_hsem.c" -mcpu=cortex-m4 -std=gnu11 -g3 -DDEBUG -DCORE_CM4 -DUSE_HAL_DRIVER -DSTM32H745xx -c -I../Core/Inc -I../../Drivers/STM32H7xx_HAL_Driver/Inc -I../../Drivers/STM32H7xx_HAL_Driver/Inc/Legacy -I../../Drivers/CMSIS/Device/ST/STM32H7xx/Include -I../../Drivers/CMSIS/Include -O0 -ffunction-sections -fdata-sections -Wall -fstack-usage -fcyclomatic-complexity -MMD -MP -MF"Drivers/STM32H7xx_HAL_Driver/stm32h7xx_hal_hsem.d" -MT"Drivers/STM32H7xx_HAL_Driver/stm32h7xx_hal_hsem.o" --specs=nano.specs -mfpu=fpv4-sp-d16 -mfloat-abi=hard -mthumb -o "Drivers/STM32H7xx_HAL_Driver/stm32h7xx_hal_hsem.o"
arm-none-eabi-gcc "C:/Users/ayome/OneDrive/switchdrive/MSE/TSM_EmbReal/Projects/02/BlinkyClass/Drivers/STM32H7xx_HAL_Driver/Src/stm32h7xx_hal_i2c.c" -mcpu=cortex-m4 -std=gnu11 -g3 -DDEBUG -DCORE_CM4 -DUSE_HAL_DRIVER -DSTM32H745xx -c -I../Core/Inc -I../../Drivers/STM32H7xx_HAL_Driver/Inc -I../../Drivers/STM32H7xx_HAL_Driver/Inc/Legacy -I../../Drivers/CMSIS/Device/ST/STM32H7xx/Include -I../../Drivers/CMSIS/Include -O0 -ffunction-sections -fdata-sections -Wall -fstack-usage -fcyclomatic-complexity -MMD -MP -MF"Drivers/STM32H7xx_HAL_Driver/stm32h7xx_hal_i2c.d" -MT"Drivers/STM32H7xx_HAL_Driver/stm32h7xx_hal_i2c.o" --specs=nano.specs -mfpu=fpv4-sp-d16 -mfloat-abi=hard -mthumb -o "Drivers/STM32H7xx_HAL_Driver/stm32h7xx_hal_i2c.o"
arm-none-eabi-gcc "C:/Users/ayome/OneDrive/switchdrive/MSE/TSM_EmbReal/Projects/02/BlinkyClass/Drivers/STM32H7xx_HAL_Driver/Src/stm32h7xx_hal_i2c_ex.c" -mcpu=cortex-m4 -std=gnu11 -g3 -DDEBUG -DCORE_CM4 -DUSE_HAL_DRIVER -DSTM32H745xx -c -I../Core/Inc -I../../Drivers/STM32H7xx_HAL_Driver/Inc -I../../Drivers/STM32H7xx_HAL_Driver/Inc/Legacy -I../../Drivers/CMSIS/Device/ST/STM32H7xx/Include -I../../Drivers/CMSIS/Include -O0 -ffunction-sections -fdata-sections -Wall -fstack-usage -fcyclomatic-complexity -MMD -MP -MF"Drivers/STM32H7xx_HAL_Driver/stm32h7xx_hal_i2c_ex.d" -MT"Drivers/STM32H7xx_HAL_Driver/stm32h7xx_hal_i2c_ex.o" --specs=nano.specs -mfpu=fpv4-sp-d16 -mfloat-abi=hard -mthumb -o "Drivers/STM32H7xx_HAL_Driver/stm32h7xx_hal_i2c_ex.o"
arm-none-eabi-gcc "C:/Users/ayome/OneDrive/switchdrive/MSE/TSM_EmbReal/Projects/02/BlinkyClass/Drivers/STM32H7xx_HAL_Driver/Src/stm32h7xx_hal_mdma.c" -mcpu=cortex-m4 -std=gnu11 -g3 -DDEBUG -DCORE_CM4 -DUSE_HAL_DRIVER -DSTM32H745xx -c -I../Core/Inc -I../../Drivers/STM32H7xx_HAL_Driver/Inc -I../../Drivers/STM32H7xx_HAL_Driver/Inc/Legacy -I../../Drivers/CMSIS/Device/ST/STM32H7xx/Include -I../../Drivers/CMSIS/Include -O0 -ffunction-sections -fdata-sections -Wall -fstack-usage -fcyclomatic-complexity -MMD -MP -MF"Drivers/STM32H7xx_HAL_Driver/stm32h7xx_hal_mdma.d" -MT"Drivers/STM32H7xx_HAL_Driver/stm32h7xx_hal_mdma.o" --specs=nano.specs -mfpu=fpv4-sp-d16 -mfloat-abi=hard -mthumb -o "Drivers/STM32H7xx_HAL_Driver/stm32h7xx_hal_mdma.o"
arm-none-eabi-gcc "C:/Users/ayome/OneDrive/switchdrive/MSE/TSM_EmbReal/Projects/02/BlinkyClass/Drivers/STM32H7xx_HAL_Driver/Src/stm32h7xx_hal_pwr.c" -mcpu=cortex-m4 -std=gnu11 -g3 -DDEBUG -DCORE_CM4 -DUSE_HAL_DRIVER -DSTM32H745xx -c -I../Core/Inc -I../../Drivers/STM32H7xx_HAL_Driver/Inc -I../../Drivers/STM32H7xx_HAL_Driver/Inc/Legacy -I../../Drivers/CMSIS/Device/ST/STM32H7xx/Include -I../../Drivers/CMSIS/Include -O0 -ffunction-sections -fdata-sections -Wall -fstack-usage -fcyclomatic-complexity -MMD -MP -MF"Drivers/STM32H7xx_HAL_Driver/stm32h7xx_hal_pwr.d" -MT"Drivers/STM32H7xx_HAL_Driver/stm32h7xx_hal_pwr.o" --specs=nano.specs -mfpu=fpv4-sp-d16 -mfloat-abi=hard -mthumb -o "Drivers/STM32H7xx_HAL_Driver/stm32h7xx_hal_pwr.o"
arm-none-eabi-gcc "C:/Users/ayome/OneDrive/switchdrive/MSE/TSM_EmbReal/Projects/02/BlinkyClass/Drivers/STM32H7xx_HAL_Driver/Src/stm32h7xx_hal_pwr_ex.c" -mcpu=cortex-m4 -std=gnu11 -g3 -DDEBUG -DCORE_CM4 -DUSE_HAL_DRIVER -DSTM32H745xx -c -I../Core/Inc -I../../Drivers/STM32H7xx_HAL_Driver/Inc -I../../Drivers/STM32H7xx_HAL_Driver/Inc/Legacy -I../../Drivers/CMSIS/Device/ST/STM32H7xx/Include -I../../Drivers/CMSIS/Include -O0 -ffunction-sections -fdata-sections -Wall -fstack-usage -fcyclomatic-complexity -MMD -MP -MF"Drivers/STM32H7xx_HAL_Driver/stm32h7xx_hal_pwr_ex.d" -MT"Drivers/STM32H7xx_HAL_Driver/stm32h7xx_hal_pwr_ex.o" --specs=nano.specs -mfpu=fpv4-sp-d16 -mfloat-abi=hard -mthumb -o "Drivers/STM32H7xx_HAL_Driver/stm32h7xx_hal_pwr_ex.o"
arm-none-eabi-gcc "C:/Users/ayome/OneDrive/switchdrive/MSE/TSM_EmbReal/Projects/02/BlinkyClass/Drivers/STM32H7xx_HAL_Driver/Src/stm32h7xx_hal_rcc.c" -mcpu=cortex-m4 -std=gnu11 -g3 -DDEBUG -DCORE_CM4 -DUSE_HAL_DRIVER -DSTM32H745xx -c -I../Core/Inc -I../../Drivers/STM32H7xx_HAL_Driver/Inc -I../../Drivers/STM32H7xx_HAL_Driver/Inc/Legacy -I../../Drivers/CMSIS/Device/ST/STM32H7xx/Include -I../../Drivers/CMSIS/Include -O0 -ffunction-sections -fdata-sections -Wall -fstack-usage -fcyclomatic-complexity -MMD -MP -MF"Drivers/STM32H7xx_HAL_Driver/stm32h7xx_hal_rcc.d" -MT"Drivers/STM32H7xx_HAL_Driver/stm32h7xx_hal_rcc.o" --specs=nano.specs -mfpu=fpv4-sp-d16 -mfloat-abi=hard -mthumb -o "Drivers/STM32H7xx_HAL_Driver/stm32h7xx_hal_rcc.o"
arm-none-eabi-gcc "C:/Users/ayome/OneDrive/switchdrive/MSE/TSM_EmbReal/Projects/02/BlinkyClass/Drivers/STM32H7xx_HAL_Driver/Src/stm32h7xx_hal_rcc_ex.c" -mcpu=cortex-m4 -std=gnu11 -g3 -DDEBUG -DCORE_CM4 -DUSE_HAL_DRIVER -DSTM32H745xx -c -I../Core/Inc -I../../Drivers/STM32H7xx_HAL_Driver/Inc -I../../Drivers/STM32H7xx_HAL_Driver/Inc/Legacy -I../../Drivers/CMSIS/Device/ST/STM32H7xx/Include -I../../Drivers/CMSIS/Include -O0 -ffunction-sections -fdata-sections -Wall -fstack-usage -fcyclomatic-complexity -MMD -MP -MF"Drivers/STM32H7xx_HAL_Driver/stm32h7xx_hal_rcc_ex.d" -MT"Drivers/STM32H7xx_HAL_Driver/stm32h7xx_hal_rcc_ex.o" --specs=nano.specs -mfpu=fpv4-sp-d16 -mfloat-abi=hard -mthumb -o "Drivers/STM32H7xx_HAL_Driver/stm32h7xx_hal_rcc_ex.o"
arm-none-eabi-gcc "C:/Users/ayome/OneDrive/switchdrive/MSE/TSM_EmbReal/Projects/02/BlinkyClass/Drivers/STM32H7xx_HAL_Driver/Src/stm32h7xx_hal_tim.c" -mcpu=cortex-m4 -std=gnu11 -g3 -DDEBUG -DCORE_CM4 -DUSE_HAL_DRIVER -DSTM32H745xx -c -I../Core/Inc -I../../Drivers/STM32H7xx_HAL_Driver/Inc -I../../Drivers/STM32H7xx_HAL_Driver/Inc/Legacy -I../../Drivers/CMSIS/Device/ST/STM32H7xx/Include -I../../Drivers/CMSIS/Include -O0 -ffunction-sections -fdata-sections -Wall -fstack-usage -fcyclomatic-complexity -MMD -MP -MF"Drivers/STM32H7xx_HAL_Driver/stm32h7xx_hal_tim.d" -MT"Drivers/STM32H7xx_HAL_Driver/stm32h7xx_hal_tim.o" --specs=nano.specs -mfpu=fpv4-sp-d16 -mfloat-abi=hard -mthumb -o "Drivers/STM32H7xx_HAL_Driver/stm32h7xx_hal_tim.o"
arm-none-eabi-gcc "C:/Users/ayome/OneDrive/switchdrive/MSE/TSM_EmbReal/Projects/02/BlinkyClass/Drivers/STM32H7xx_HAL_Driver/Src/stm32h7xx_hal_tim_ex.c" -mcpu=cortex-m4 -std=gnu11 -g3 -DDEBUG -DCORE_CM4 -DUSE_HAL_DRIVER -DSTM32H745xx -c -I../Core/Inc -I../../Drivers/STM32H7xx_HAL_Driver/Inc -I../../Drivers/STM32H7xx_HAL_Driver/Inc/Legacy -I../../Drivers/CMSIS/Device/ST/STM32H7xx/Include -I../../Drivers/CMSIS/Include -O0 -ffunction-sections -fdata-sections -Wall -fstack-usage -fcyclomatic-complexity -MMD -MP -MF"Drivers/STM32H7xx_HAL_Driver/stm32h7xx_hal_tim_ex.d" -MT"Drivers/STM32H7xx_HAL_Driver/stm32h7xx_hal_tim_ex.o" --specs=nano.specs -mfpu=fpv4-sp-d16 -mfloat-abi=hard -mthumb -o "Drivers/STM32H7xx_HAL_Driver/stm32h7xx_hal_tim_ex.o"
arm-none-eabi-gcc "C:/Users/ayome/OneDrive/switchdrive/MSE/TSM_EmbReal/Projects/02/BlinkyClass/Drivers/STM32H7xx_HAL_Driver/Src/stm32h7xx_hal_uart.c" -mcpu=cortex-m4 -std=gnu11 -g3 -DDEBUG -DCORE_CM4 -DUSE_HAL_DRIVER -DSTM32H745xx -c -I../Core/Inc -I../../Drivers/STM32H7xx_HAL_Driver/Inc -I../../Drivers/STM32H7xx_HAL_Driver/Inc/Legacy -I../../Drivers/CMSIS/Device/ST/STM32H7xx/Include -I../../Drivers/CMSIS/Include -O0 -ffunction-sections -fdata-sections -Wall -fstack-usage -fcyclomatic-complexity -MMD -MP -MF"Drivers/STM32H7xx_HAL_Driver/stm32h7xx_hal_uart.d" -MT"Drivers/STM32H7xx_HAL_Driver/stm32h7xx_hal_uart.o" --specs=nano.specs -mfpu=fpv4-sp-d16 -mfloat-abi=hard -mthumb -o "Drivers/STM32H7xx_HAL_Driver/stm32h7xx_hal_uart.o"
arm-none-eabi-gcc "C:/Users/ayome/OneDrive/switchdrive/MSE/TSM_EmbReal/Projects/02/BlinkyClass/Drivers/STM32H7xx_HAL_Driver/Src/stm32h7xx_hal_uart_ex.c" -mcpu=cortex-m4 -std=gnu11 -g3 -DDEBUG -DCORE_CM4 -DUSE_HAL_DRIVER -DSTM32H745xx -c -I../Core/Inc -I../../Drivers/STM32H7xx_HAL_Driver/Inc -I../../Drivers/STM32H7xx_HAL_Driver/Inc/Legacy -I../../Drivers/CMSIS/Device/ST/STM32H7xx/Include -I../../Drivers/CMSIS/Include -O0 -ffunction-sections -fdata-sections -Wall -fstack-usage -fcyclomatic-complexity -MMD -MP -MF"Drivers/STM32H7xx_HAL_Driver/stm32h7xx_hal_uart_ex.d" -MT"Drivers/STM32H7xx_HAL_Driver/stm32h7xx_hal_uart_ex.o" --specs=nano.specs -mfpu=fpv4-sp-d16 -mfloat-abi=hard -mthumb -o "Drivers/STM32H7xx_HAL_Driver/stm32h7xx_hal_uart_ex.o"
arm-none-eabi-gcc "../Core/Src/main.c" -mcpu=cortex-m4 -std=gnu11 -g3 -DDEBUG -DCORE_CM4 -DUSE_HAL_DRIVER -DSTM32H745xx -c -I../Core/Inc -I../../Drivers/STM32H7xx_HAL_Driver/Inc -I../../Drivers/STM32H7xx_HAL_Driver/Inc/Legacy -I../../Drivers/CMSIS/Device/ST/STM32H7xx/Include -I../../Drivers/CMSIS/Include -O0 -ffunction-sections -fdata-sections -Wall -fstack-usage -fcyclomatic-complexity -MMD -MP -MF"Core/Src/main.d" -MT"Core/Src/main.o" --specs=nano.specs -mfpu=fpv4-sp-d16 -mfloat-abi=hard -mthumb -o "Core/Src/main.o"
arm-none-eabi-g++ -o "BlinkyClass_CM4.elf" @"objects.list"   -mcpu=cortex-m4 -T"C:\Users\ayome\OneDrive\switchdrive\MSE\TSM_EmbReal\Projects\02\BlinkyClass\CM4\STM32H745ZITX_FLASH.ld" --specs=nosys.specs -Wl,-Map="BlinkyClass_CM4.map" -Wl,--gc-sections -static --specs=nano.specs -mfpu=fpv4-sp-d16 -mfloat-abi=hard -mthumb -Wl,--start-group -lc -lm -lstdc++ -lsupc++ -Wl,--end-group
Finished building target: BlinkyClass_CM4.elf
 
arm-none-eabi-size   BlinkyClass_CM4.elf 
arm-none-eabi-objdump -h -S  BlinkyClass_CM4.elf  > "BlinkyClass_CM4.list"
   text	   data	    bss	    dec	    hex	filename
   3128	     24	   1568	   4720	   1270	BlinkyClass_CM4.elf
Finished building: default.size.stdout
 
Finished building: BlinkyClass_CM4.list
 
22:16:52 **** Incremental Build of configuration Debug for project BlinkyClass_CM7 ****
make -j6 all 
arm-none-eabi-gcc "C:/Users/ayome/OneDrive/switchdrive/MSE/TSM_EmbReal/Projects/02/BlinkyClass/Drivers/STM32H7xx_HAL_Driver/Src/stm32h7xx_hal.c" -mcpu=cortex-m7 -std=gnu11 -g3 -DDEBUG -DCORE_CM7 -DUSE_HAL_DRIVER -DSTM32H745xx -c -I../Core/Inc -I../../Drivers/STM32H7xx_HAL_Driver/Inc -I../../Drivers/STM32H7xx_HAL_Driver/Inc/Legacy -I../../Drivers/CMSIS/Device/ST/STM32H7xx/Include -I../../Drivers/CMSIS/Include -O0 -ffunction-sections -fdata-sections -Wall -fstack-usage -fcyclomatic-complexity -MMD -MP -MF"Drivers/STM32H7xx_HAL_Driver/stm32h7xx_hal.d" -MT"Drivers/STM32H7xx_HAL_Driver/stm32h7xx_hal.o" --specs=nano.specs -mfpu=fpv5-d16 -mfloat-abi=hard -mthumb -o "Drivers/STM32H7xx_HAL_Driver/stm32h7xx_hal.o"
arm-none-eabi-gcc "C:/Users/ayome/OneDrive/switchdrive/MSE/TSM_EmbReal/Projects/02/BlinkyClass/Drivers/STM32H7xx_HAL_Driver/Src/stm32h7xx_hal_cortex.c" -mcpu=cortex-m7 -std=gnu11 -g3 -DDEBUG -DCORE_CM7 -DUSE_HAL_DRIVER -DSTM32H745xx -c -I../Core/Inc -I../../Drivers/STM32H7xx_HAL_Driver/Inc -I../../Drivers/STM32H7xx_HAL_Driver/Inc/Legacy -I../../Drivers/CMSIS/Device/ST/STM32H7xx/Include -I../../Drivers/CMSIS/Include -O0 -ffunction-sections -fdata-sections -Wall -fstack-usage -fcyclomatic-complexity -MMD -MP -MF"Drivers/STM32H7xx_HAL_Driver/stm32h7xx_hal_cortex.d" -MT"Drivers/STM32H7xx_HAL_Driver/stm32h7xx_hal_cortex.o" --specs=nano.specs -mfpu=fpv5-d16 -mfloat-abi=hard -mthumb -o "Drivers/STM32H7xx_HAL_Driver/stm32h7xx_hal_cortex.o"
arm-none-eabi-gcc "C:/Users/ayome/OneDrive/switchdrive/MSE/TSM_EmbReal/Projects/02/BlinkyClass/Drivers/STM32H7xx_HAL_Driver/Src/stm32h7xx_hal_dma.c" -mcpu=cortex-m7 -std=gnu11 -g3 -DDEBUG -DCORE_CM7 -DUSE_HAL_DRIVER -DSTM32H745xx -c -I../Core/Inc -I../../Drivers/STM32H7xx_HAL_Driver/Inc -I../../Drivers/STM32H7xx_HAL_Driver/Inc/Legacy -I../../Drivers/CMSIS/Device/ST/STM32H7xx/Include -I../../Drivers/CMSIS/Include -O0 -ffunction-sections -fdata-sections -Wall -fstack-usage -fcyclomatic-complexity -MMD -MP -MF"Drivers/STM32H7xx_HAL_Driver/stm32h7xx_hal_dma.d" -MT"Drivers/STM32H7xx_HAL_Driver/stm32h7xx_hal_dma.o" --specs=nano.specs -mfpu=fpv5-d16 -mfloat-abi=hard -mthumb -o "Drivers/STM32H7xx_HAL_Driver/stm32h7xx_hal_dma.o"
arm-none-eabi-gcc "C:/Users/ayome/OneDrive/switchdrive/MSE/TSM_EmbReal/Projects/02/BlinkyClass/Drivers/STM32H7xx_HAL_Driver/Src/stm32h7xx_hal_dma_ex.c" -mcpu=cortex-m7 -std=gnu11 -g3 -DDEBUG -DCORE_CM7 -DUSE_HAL_DRIVER -DSTM32H745xx -c -I../Core/Inc -I../../Drivers/STM32H7xx_HAL_Driver/Inc -I../../Drivers/STM32H7xx_HAL_Driver/Inc/Legacy -I../../Drivers/CMSIS/Device/ST/STM32H7xx/Include -I../../Drivers/CMSIS/Include -O0 -ffunction-sections -fdata-sections -Wall -fstack-usage -fcyclomatic-complexity -MMD -MP -MF"Drivers/STM32H7xx_HAL_Driver/stm32h7xx_hal_dma_ex.d" -MT"Drivers/STM32H7xx_HAL_Driver/stm32h7xx_hal_dma_ex.o" --specs=nano.specs -mfpu=fpv5-d16 -mfloat-abi=hard -mthumb -o "Drivers/STM32H7xx_HAL_Driver/stm32h7xx_hal_dma_ex.o"
arm-none-eabi-gcc "C:/Users/ayome/OneDrive/switchdrive/MSE/TSM_EmbReal/Projects/02/BlinkyClass/Drivers/STM32H7xx_HAL_Driver/Src/stm32h7xx_hal_eth.c" -mcpu=cortex-m7 -std=gnu11 -g3 -DDEBUG -DCORE_CM7 -DUSE_HAL_DRIVER -DSTM32H745xx -c -I../Core/Inc -I../../Drivers/STM32H7xx_HAL_Driver/Inc -I../../Drivers/STM32H7xx_HAL_Driver/Inc/Legacy -I../../Drivers/CMSIS/Device/ST/STM32H7xx/Include -I../../Drivers/CMSIS/Include -O0 -ffunction-sections -fdata-sections -Wall -fstack-usage -fcyclomatic-complexity -MMD -MP -MF"Drivers/STM32H7xx_HAL_Driver/stm32h7xx_hal_eth.d" -MT"Drivers/STM32H7xx_HAL_Driver/stm32h7xx_hal_eth.o" --specs=nano.specs -mfpu=fpv5-d16 -mfloat-abi=hard -mthumb -o "Drivers/STM32H7xx_HAL_Driver/stm32h7xx_hal_eth.o"
arm-none-eabi-gcc "C:/Users/ayome/OneDrive/switchdrive/MSE/TSM_EmbReal/Projects/02/BlinkyClass/Drivers/STM32H7xx_HAL_Driver/Src/stm32h7xx_hal_eth_ex.c" -mcpu=cortex-m7 -std=gnu11 -g3 -DDEBUG -DCORE_CM7 -DUSE_HAL_DRIVER -DSTM32H745xx -c -I../Core/Inc -I../../Drivers/STM32H7xx_HAL_Driver/Inc -I../../Drivers/STM32H7xx_HAL_Driver/Inc/Legacy -I../../Drivers/CMSIS/Device/ST/STM32H7xx/Include -I../../Drivers/CMSIS/Include -O0 -ffunction-sections -fdata-sections -Wall -fstack-usage -fcyclomatic-complexity -MMD -MP -MF"Drivers/STM32H7xx_HAL_Driver/stm32h7xx_hal_eth_ex.d" -MT"Drivers/STM32H7xx_HAL_Driver/stm32h7xx_hal_eth_ex.o" --specs=nano.specs -mfpu=fpv5-d16 -mfloat-abi=hard -mthumb -o "Drivers/STM32H7xx_HAL_Driver/stm32h7xx_hal_eth_ex.o"
arm-none-eabi-gcc "C:/Users/ayome/OneDrive/switchdrive/MSE/TSM_EmbReal/Projects/02/BlinkyClass/Drivers/STM32H7xx_HAL_Driver/Src/stm32h7xx_hal_exti.c" -mcpu=cortex-m7 -std=gnu11 -g3 -DDEBUG -DCORE_CM7 -DUSE_HAL_DRIVER -DSTM32H745xx -c -I../Core/Inc -I../../Drivers/STM32H7xx_HAL_Driver/Inc -I../../Drivers/STM32H7xx_HAL_Driver/Inc/Legacy -I../../Drivers/CMSIS/Device/ST/STM32H7xx/Include -I../../Drivers/CMSIS/Include -O0 -ffunction-sections -fdata-sections -Wall -fstack-usage -fcyclomatic-complexity -MMD -MP -MF"Drivers/STM32H7xx_HAL_Driver/stm32h7xx_hal_exti.d" -MT"Drivers/STM32H7xx_HAL_Driver/stm32h7xx_hal_exti.o" --specs=nano.specs -mfpu=fpv5-d16 -mfloat-abi=hard -mthumb -o "Drivers/STM32H7xx_HAL_Driver/stm32h7xx_hal_exti.o"
arm-none-eabi-gcc "C:/Users/ayome/OneDrive/switchdrive/MSE/TSM_EmbReal/Projects/02/BlinkyClass/Drivers/STM32H7xx_HAL_Driver/Src/stm32h7xx_hal_flash.c" -mcpu=cortex-m7 -std=gnu11 -g3 -DDEBUG -DCORE_CM7 -DUSE_HAL_DRIVER -DSTM32H745xx -c -I../Core/Inc -I../../Drivers/STM32H7xx_HAL_Driver/Inc -I../../Drivers/STM32H7xx_HAL_Driver/Inc/Legacy -I../../Drivers/CMSIS/Device/ST/STM32H7xx/Include -I../../Drivers/CMSIS/Include -O0 -ffunction-sections -fdata-sections -Wall -fstack-usage -fcyclomatic-complexity -MMD -MP -MF"Drivers/STM32H7xx_HAL_Driver/stm32h7xx_hal_flash.d" -MT"Drivers/STM32H7xx_HAL_Driver/stm32h7xx_hal_flash.o" --specs=nano.specs -mfpu=fpv5-d16 -mfloat-abi=hard -mthumb -o "Drivers/STM32H7xx_HAL_Driver/stm32h7xx_hal_flash.o"
arm-none-eabi-gcc "C:/Users/ayome/OneDrive/switchdrive/MSE/TSM_EmbReal/Projects/02/BlinkyClass/Drivers/STM32H7xx_HAL_Driver/Src/stm32h7xx_hal_flash_ex.c" -mcpu=cortex-m7 -std=gnu11 -g3 -DDEBUG -DCORE_CM7 -DUSE_HAL_DRIVER -DSTM32H745xx -c -I../Core/Inc -I../../Drivers/STM32H7xx_HAL_Driver/Inc -I../../Drivers/STM32H7xx_HAL_Driver/Inc/Legacy -I../../Drivers/CMSIS/Device/ST/STM32H7xx/Include -I../../Drivers/CMSIS/Include -O0 -ffunction-sections -fdata-sections -Wall -fstack-usage -fcyclomatic-complexity -MMD -MP -MF"Drivers/STM32H7xx_HAL_Driver/stm32h7xx_hal_flash_ex.d" -MT"Drivers/STM32H7xx_HAL_Driver/stm32h7xx_hal_flash_ex.o" --specs=nano.specs -mfpu=fpv5-d16 -mfloat-abi=hard -mthumb -o "Drivers/STM32H7xx_HAL_Driver/stm32h7xx_hal_flash_ex.o"
arm-none-eabi-gcc "C:/Users/ayome/OneDrive/switchdrive/MSE/TSM_EmbReal/Projects/02/BlinkyClass/Drivers/STM32H7xx_HAL_Driver/Src/stm32h7xx_hal_gpio.c" -mcpu=cortex-m7 -std=gnu11 -g3 -DDEBUG -DCORE_CM7 -DUSE_HAL_DRIVER -DSTM32H745xx -c -I../Core/Inc -I../../Drivers/STM32H7xx_HAL_Driver/Inc -I../../Drivers/STM32H7xx_HAL_Driver/Inc/Legacy -I../../Drivers/CMSIS/Device/ST/STM32H7xx/Include -I../../Drivers/CMSIS/Include -O0 -ffunction-sections -fdata-sections -Wall -fstack-usage -fcyclomatic-complexity -MMD -MP -MF"Drivers/STM32H7xx_HAL_Driver/stm32h7xx_hal_gpio.d" -MT"Drivers/STM32H7xx_HAL_Driver/stm32h7xx_hal_gpio.o" --specs=nano.specs -mfpu=fpv5-d16 -mfloat-abi=hard -mthumb -o "Drivers/STM32H7xx_HAL_Driver/stm32h7xx_hal_gpio.o"
arm-none-eabi-gcc "C:/Users/ayome/OneDrive/switchdrive/MSE/TSM_EmbReal/Projects/02/BlinkyClass/Drivers/STM32H7xx_HAL_Driver/Src/stm32h7xx_hal_hsem.c" -mcpu=cortex-m7 -std=gnu11 -g3 -DDEBUG -DCORE_CM7 -DUSE_HAL_DRIVER -DSTM32H745xx -c -I../Core/Inc -I../../Drivers/STM32H7xx_HAL_Driver/Inc -I../../Drivers/STM32H7xx_HAL_Driver/Inc/Legacy -I../../Drivers/CMSIS/Device/ST/STM32H7xx/Include -I../../Drivers/CMSIS/Include -O0 -ffunction-sections -fdata-sections -Wall -fstack-usage -fcyclomatic-complexity -MMD -MP -MF"Drivers/STM32H7xx_HAL_Driver/stm32h7xx_hal_hsem.d" -MT"Drivers/STM32H7xx_HAL_Driver/stm32h7xx_hal_hsem.o" --specs=nano.specs -mfpu=fpv5-d16 -mfloat-abi=hard -mthumb -o "Drivers/STM32H7xx_HAL_Driver/stm32h7xx_hal_hsem.o"
arm-none-eabi-gcc "C:/Users/ayome/OneDrive/switchdrive/MSE/TSM_EmbReal/Projects/02/BlinkyClass/Drivers/STM32H7xx_HAL_Driver/Src/stm32h7xx_hal_i2c.c" -mcpu=cortex-m7 -std=gnu11 -g3 -DDEBUG -DCORE_CM7 -DUSE_HAL_DRIVER -DSTM32H745xx -c -I../Core/Inc -I../../Drivers/STM32H7xx_HAL_Driver/Inc -I../../Drivers/STM32H7xx_HAL_Driver/Inc/Legacy -I../../Drivers/CMSIS/Device/ST/STM32H7xx/Include -I../../Drivers/CMSIS/Include -O0 -ffunction-sections -fdata-sections -Wall -fstack-usage -fcyclomatic-complexity -MMD -MP -MF"Drivers/STM32H7xx_HAL_Driver/stm32h7xx_hal_i2c.d" -MT"Drivers/STM32H7xx_HAL_Driver/stm32h7xx_hal_i2c.o" --specs=nano.specs -mfpu=fpv5-d16 -mfloat-abi=hard -mthumb -o "Drivers/STM32H7xx_HAL_Driver/stm32h7xx_hal_i2c.o"
arm-none-eabi-gcc "C:/Users/ayome/OneDrive/switchdrive/MSE/TSM_EmbReal/Projects/02/BlinkyClass/Drivers/STM32H7xx_HAL_Driver/Src/stm32h7xx_hal_i2c_ex.c" -mcpu=cortex-m7 -std=gnu11 -g3 -DDEBUG -DCORE_CM7 -DUSE_HAL_DRIVER -DSTM32H745xx -c -I../Core/Inc -I../../Drivers/STM32H7xx_HAL_Driver/Inc -I../../Drivers/STM32H7xx_HAL_Driver/Inc/Legacy -I../../Drivers/CMSIS/Device/ST/STM32H7xx/Include -I../../Drivers/CMSIS/Include -O0 -ffunction-sections -fdata-sections -Wall -fstack-usage -fcyclomatic-complexity -MMD -MP -MF"Drivers/STM32H7xx_HAL_Driver/stm32h7xx_hal_i2c_ex.d" -MT"Drivers/STM32H7xx_HAL_Driver/stm32h7xx_hal_i2c_ex.o" --specs=nano.specs -mfpu=fpv5-d16 -mfloat-abi=hard -mthumb -o "Drivers/STM32H7xx_HAL_Driver/stm32h7xx_hal_i2c_ex.o"
arm-none-eabi-gcc "C:/Users/ayome/OneDrive/switchdrive/MSE/TSM_EmbReal/Projects/02/BlinkyClass/Drivers/STM32H7xx_HAL_Driver/Src/stm32h7xx_hal_mdma.c" -mcpu=cortex-m7 -std=gnu11 -g3 -DDEBUG -DCORE_CM7 -DUSE_HAL_DRIVER -DSTM32H745xx -c -I../Core/Inc -I../../Drivers/STM32H7xx_HAL_Driver/Inc -I../../Drivers/STM32H7xx_HAL_Driver/Inc/Legacy -I../../Drivers/CMSIS/Device/ST/STM32H7xx/Include -I../../Drivers/CMSIS/Include -O0 -ffunction-sections -fdata-sections -Wall -fstack-usage -fcyclomatic-complexity -MMD -MP -MF"Drivers/STM32H7xx_HAL_Driver/stm32h7xx_hal_mdma.d" -MT"Drivers/STM32H7xx_HAL_Driver/stm32h7xx_hal_mdma.o" --specs=nano.specs -mfpu=fpv5-d16 -mfloat-abi=hard -mthumb -o "Drivers/STM32H7xx_HAL_Driver/stm32h7xx_hal_mdma.o"
arm-none-eabi-gcc "C:/Users/ayome/OneDrive/switchdrive/MSE/TSM_EmbReal/Projects/02/BlinkyClass/Drivers/STM32H7xx_HAL_Driver/Src/stm32h7xx_hal_pcd.c" -mcpu=cortex-m7 -std=gnu11 -g3 -DDEBUG -DCORE_CM7 -DUSE_HAL_DRIVER -DSTM32H745xx -c -I../Core/Inc -I../../Drivers/STM32H7xx_HAL_Driver/Inc -I../../Drivers/STM32H7xx_HAL_Driver/Inc/Legacy -I../../Drivers/CMSIS/Device/ST/STM32H7xx/Include -I../../Drivers/CMSIS/Include -O0 -ffunction-sections -fdata-sections -Wall -fstack-usage -fcyclomatic-complexity -MMD -MP -MF"Drivers/STM32H7xx_HAL_Driver/stm32h7xx_hal_pcd.d" -MT"Drivers/STM32H7xx_HAL_Driver/stm32h7xx_hal_pcd.o" --specs=nano.specs -mfpu=fpv5-d16 -mfloat-abi=hard -mthumb -o "Drivers/STM32H7xx_HAL_Driver/stm32h7xx_hal_pcd.o"
arm-none-eabi-gcc "C:/Users/ayome/OneDrive/switchdrive/MSE/TSM_EmbReal/Projects/02/BlinkyClass/Drivers/STM32H7xx_HAL_Driver/Src/stm32h7xx_hal_pcd_ex.c" -mcpu=cortex-m7 -std=gnu11 -g3 -DDEBUG -DCORE_CM7 -DUSE_HAL_DRIVER -DSTM32H745xx -c -I../Core/Inc -I../../Drivers/STM32H7xx_HAL_Driver/Inc -I../../Drivers/STM32H7xx_HAL_Driver/Inc/Legacy -I../../Drivers/CMSIS/Device/ST/STM32H7xx/Include -I../../Drivers/CMSIS/Include -O0 -ffunction-sections -fdata-sections -Wall -fstack-usage -fcyclomatic-complexity -MMD -MP -MF"Drivers/STM32H7xx_HAL_Driver/stm32h7xx_hal_pcd_ex.d" -MT"Drivers/STM32H7xx_HAL_Driver/stm32h7xx_hal_pcd_ex.o" --specs=nano.specs -mfpu=fpv5-d16 -mfloat-abi=hard -mthumb -o "Drivers/STM32H7xx_HAL_Driver/stm32h7xx_hal_pcd_ex.o"
arm-none-eabi-gcc "C:/Users/ayome/OneDrive/switchdrive/MSE/TSM_EmbReal/Projects/02/BlinkyClass/Drivers/STM32H7xx_HAL_Driver/Src/stm32h7xx_hal_pwr.c" -mcpu=cortex-m7 -std=gnu11 -g3 -DDEBUG -DCORE_CM7 -DUSE_HAL_DRIVER -DSTM32H745xx -c -I../Core/Inc -I../../Drivers/STM32H7xx_HAL_Driver/Inc -I../../Drivers/STM32H7xx_HAL_Driver/Inc/Legacy -I../../Drivers/CMSIS/Device/ST/STM32H7xx/Include -I../../Drivers/CMSIS/Include -O0 -ffunction-sections -fdata-sections -Wall -fstack-usage -fcyclomatic-complexity -MMD -MP -MF"Drivers/STM32H7xx_HAL_Driver/stm32h7xx_hal_pwr.d" -MT"Drivers/STM32H7xx_HAL_Driver/stm32h7xx_hal_pwr.o" --specs=nano.specs -mfpu=fpv5-d16 -mfloat-abi=hard -mthumb -o "Drivers/STM32H7xx_HAL_Driver/stm32h7xx_hal_pwr.o"
[...]
arm-none-eabi-g++ "../Core/Src/STM32H7Led.cpp" -mcpu=cortex-m7 -std=gnu++14 -g3 -DDEBUG -DCORE_CM7 -DUSE_HAL_DRIVER -DSTM32H745xx -c -I../Core/Inc -I../../Drivers/STM32H7xx_HAL_Driver/Inc -I../../Drivers/STM32H7xx_HAL_Driver/Inc/Legacy -I../../Drivers/CMSIS/Device/ST/STM32H7xx/Include -I../../Drivers/CMSIS/Include -O0 -ffunction-sections -fdata-sections -fno-exceptions -fno-rtti -fno-use-cxa-atexit -Wall -fstack-usage -fcyclomatic-complexity -MMD -MP -MF"Core/Src/STM32H7Led.d" -MT"Core/Src/STM32H7Led.o" --specs=nano.specs -mfpu=fpv5-d16 -mfloat-abi=hard -mthumb -o "Core/Src/STM32H7Led.o"
arm-none-eabi-g++ "../Core/Src/cppMain.cpp" -mcpu=cortex-m7 -std=gnu++14 -g3 -DDEBUG -DCORE_CM7 -DUSE_HAL_DRIVER -DSTM32H745xx -c -I../Core/Inc -I../../Drivers/STM32H7xx_HAL_Driver/Inc -I../../Drivers/STM32H7xx_HAL_Driver/Inc/Legacy -I../../Drivers/CMSIS/Device/ST/STM32H7xx/Include -I../../Drivers/CMSIS/Include -O0 -ffunction-sections -fdata-sections -fno-exceptions -fno-rtti -fno-use-cxa-atexit -Wall -fstack-usage -fcyclomatic-complexity -MMD -MP -MF"Core/Src/cppMain.d" -MT"Core/Src/cppMain.o" --specs=nano.specs -mfpu=fpv5-d16 -mfloat-abi=hard -mthumb -o "Core/Src/cppMain.o"
../Core/Src/STM32H7Led.cpp: In constructor 'myhal::STM32H7Led::STM32H7Led(GPIO_TypeDef*, uint16_t)':
../Core/Src/STM32H7Led.cpp:15:22: warning: '*this.myhal::STM32H7Led::port' is used uninitialized [-Wuninitialized]
   15 |         this->port = port;
      |                      ^~~~
../Core/Src/STM32H7Led.cpp:16:21: warning: '*this.myhal::STM32H7Led::pin' is used uninitialized [-Wuninitialized]
   16 |         this->pin = pin;
      |                     ^~~
arm-none-eabi-g++ -o "BlinkyClass_CM7.elf" @"objects.list"   -mcpu=cortex-m7 -T"C:\Users\ayome\OneDrive\switchdrive\MSE\TSM_EmbReal\Projects\02\BlinkyClass\CM7\STM32H745ZITX_FLASH.ld" --specs=nosys.specs -Wl,-Map="BlinkyClass_CM7.map" -Wl,--gc-sections -static --specs=nano.specs -mfpu=fpv5-d16 -mfloat-abi=hard -mthumb -Wl,--start-group -lc -lm -lstdc++ -lsupc++ -Wl,--end-group
Finished building target: BlinkyClass_CM7.elf
 
arm-none-eabi-size   BlinkyClass_CM7.elf 
arm-none-eabi-objdump -h -S  BlinkyClass_CM7.elf  > "BlinkyClass_CM7.list"
   text	   data	    bss	    dec	    hex	filename
  27040	    216	   3248	  30504	   7728	BlinkyClass_CM7.elf
Finished building: default.size.stdout
 
Finished building: BlinkyClass_CM7.list
 
22:51:09 **** Incremental Build of configuration Debug for project BlinkyClass_CM4 ****
make -j6 all 
arm-none-eabi-size   BlinkyClass_CM4.elf 
   text	   data	    bss	    dec	    hex	filename
   3128	     24	   1568	   4720	   1270	BlinkyClass_CM4.elf
Finished building: default.size.stdout
 
22:51:10 **** Incremental Build of configuration Debug for project BlinkyClass_CM7 ****
make -j6 all 
arm-none-eabi-g++ "../Core/Src/STM32H7Led.cpp" -mcpu=cortex-m7 -std=gnu++14 -g3 -DDEBUG -DCORE_CM7 -DUSE_HAL_DRIVER -DSTM32H745xx -c -I../Core/Inc -I../../Drivers/STM32H7xx_HAL_Driver/Inc -I../../Drivers/STM32H7xx_HAL_Driver/Inc/Legacy -I../../Drivers/CMSIS/Device/ST/STM32H7xx/Include -I../../Drivers/CMSIS/Include -O0 -ffunction-sections -fdata-sections -fno-exceptions -fno-rtti -fno-use-cxa-atexit -Wall -fstack-usage -fcyclomatic-complexity -MMD -MP -MF"Core/Src/STM32H7Led.d" -MT"Core/Src/STM32H7Led.o" --specs=nano.specs -mfpu=fpv5-d16 -mfloat-abi=hard -mthumb -o "Core/Src/STM32H7Led.o"
arm-none-eabi-g++ -o "BlinkyClass_CM7.elf" @"objects.list"   -mcpu=cortex-m7 -T"C:\Users\ayome\OneDrive\switchdrive\MSE\TSM_EmbReal\Projects\02\BlinkyClass\CM7\STM32H745ZITX_FLASH.ld" --specs=nosys.specs -Wl,-Map="BlinkyClass_CM7.map" -Wl,--gc-sections -static --specs=nano.specs -mfpu=fpv5-d16 -mfloat-abi=hard -mthumb -Wl,--start-group -lc -lm -lstdc++ -lsupc++ -Wl,--end-group
Finished building target: BlinkyClass_CM7.elf
 
arm-none-eabi-size   BlinkyClass_CM7.elf 
arm-none-eabi-objdump -h -S  BlinkyClass_CM7.elf  > "BlinkyClass_CM7.list"
   text	   data	    bss	    dec	    hex	filename
  27036	    216	   3248	  30500	   7724	BlinkyClass_CM7.elf
Finished building: default.size.stdout
 
Finished building: BlinkyClass_CM7.list
 
22:51:39 **** Incremental Build of configuration Debug for project BlinkyClass_CM4 ****
make -j6 all 
arm-none-eabi-size   BlinkyClass_CM4.elf 
   text	   data	    bss	    dec	    hex	filename
   3128	     24	   1568	   4720	   1270	BlinkyClass_CM4.elf
Finished building: default.size.stdout
 
22:51:39 **** Incremental Build of configuration Debug for project BlinkyClass_CM7 ****
make -j6 all 
arm-none-eabi-g++ "../Core/Src/BlinkingLed.cpp" -mcpu=cortex-m7 -std=gnu++14 -g3 -DDEBUG -DCORE_CM7 -DUSE_HAL_DRIVER -DSTM32H745xx -c -I../Core/Inc -I../../Drivers/STM32H7xx_HAL_Driver/Inc -I../../Drivers/STM32H7xx_HAL_Driver/Inc/Legacy -I../../Drivers/CMSIS/Device/ST/STM32H7xx/Include -I../../Drivers/CMSIS/Include -O0 -ffunction-sections -fdata-sections -fno-exceptions -fno-rtti -fno-use-cxa-atexit -Wall -fstack-usage -fcyclomatic-complexity -MMD -MP -MF"Core/Src/BlinkingLed.d" -MT"Core/Src/BlinkingLed.o" --specs=nano.specs -mfpu=fpv5-d16 -mfloat-abi=hard -mthumb -o "Core/Src/BlinkingLed.o"
arm-none-eabi-g++ "../Core/Src/STM32H7Led.cpp" -mcpu=cortex-m7 -std=gnu++14 -g3 -DDEBUG -DCORE_CM7 -DUSE_HAL_DRIVER -DSTM32H745xx -c -I../Core/Inc -I../../Drivers/STM32H7xx_HAL_Driver/Inc -I../../Drivers/STM32H7xx_HAL_Driver/Inc/Legacy -I../../Drivers/CMSIS/Device/ST/STM32H7xx/Include -I../../Drivers/CMSIS/Include -O0 -ffunction-sections -fdata-sections -fno-exceptions -fno-rtti -fno-use-cxa-atexit -Wall -fstack-usage -fcyclomatic-complexity -MMD -MP -MF"Core/Src/STM32H7Led.d" -MT"Core/Src/STM32H7Led.o" --specs=nano.specs -mfpu=fpv5-d16 -mfloat-abi=hard -mthumb -o "Core/Src/STM32H7Led.o"
arm-none-eabi-g++ "../Core/Src/cppMain.cpp" -mcpu=cortex-m7 -std=gnu++14 -g3 -DDEBUG -DCORE_CM7 -DUSE_HAL_DRIVER -DSTM32H745xx -c -I../Core/Inc -I../../Drivers/STM32H7xx_HAL_Driver/Inc -I../../Drivers/STM32H7xx_HAL_Driver/Inc/Legacy -I../../Drivers/CMSIS/Device/ST/STM32H7xx/Include -I../../Drivers/CMSIS/Include -O0 -ffunction-sections -fdata-sections -fno-exceptions -fno-rtti -fno-use-cxa-atexit -Wall -fstack-usage -fcyclomatic-complexity -MMD -MP -MF"Core/Src/cppMain.d" -MT"Core/Src/cppMain.o" --specs=nano.specs -mfpu=fpv5-d16 -mfloat-abi=hard -mthumb -o "Core/Src/cppMain.o"
../Core/Src/STM32H7Led.cpp:14:1: error: no declaration matches 'myhal::STM32H7Led::STM32H7Led(const GPIO_TypeDef*, uint16_t)'
   14 | STM32H7Led::STM32H7Led(const GPIO_TypeDef* porta, const uint16_t pina) {
      | ^~~~~~~~~~
In file included from ../Core/Src/STM32H7Led.cpp:8:
../Core/Inc/STM32H7Led.h:16:7: note: candidates are: 'constexpr myhal::STM32H7Led::STM32H7Led(myhal::STM32H7Led&&)'
   16 | class STM32H7Led {
      |       ^~~~~~~~~~
../Core/Inc/STM32H7Led.h:16:7: note:                 'constexpr myhal::STM32H7Led::STM32H7Led(const myhal::STM32H7Led&)'
../Core/Inc/STM32H7Led.h:25:9: note:                 'myhal::STM32H7Led::STM32H7Led(GPIO_TypeDef*, uint16_t)'
   25 |         STM32H7Led(GPIO_TypeDef* port, uint16_t pin);
      |         ^~~~~~~~~~
../Core/Inc/STM32H7Led.h:16:7: note: 'class myhal::STM32H7Led' defined here
   16 | class STM32H7Led {
      |       ^~~~~~~~~~
../Core/Src/BlinkingLed.cpp:11:1: error: no declaration matches 'BlinkingLed::BlinkingLed(GPIO_TypeDef*, uint16_t)'
   11 | BlinkingLed::BlinkingLed(GPIO_TypeDef* port, uint16_t pin)
      | ^~~~~~~~~~~
In file included from ../Core/Src/BlinkingLed.cpp:8:
../Core/Src/BlinkingLed.h:20:7: note: candidates are: 'constexpr BlinkingLed::BlinkingLed(BlinkingLed&&)'
   20 | class BlinkingLed : myhal::STM32H7Led, myhal::NonBlockingDelay {
      |       ^~~~~~~~~~~
../Core/Src/BlinkingLed.h:20:7: note:                 'constexpr BlinkingLed::BlinkingLed(const BlinkingLed&)'
../Core/Src/BlinkingLed.h:27:9: note:                 'BlinkingLed::BlinkingLed(const GPIO_TypeDef*, uint16_t, float_t, uint8_t)'
   27 |         BlinkingLed(const GPIO_TypeDef* porta, const uint16_t pina, float_t frequency, uint8_t dutyCycle);
      |         ^~~~~~~~~~~
../Core/Src/BlinkingLed.h:26:9: note:                 'BlinkingLed::BlinkingLed(const GPIO_TypeDef*, uint16_t)'
   26 |         BlinkingLed(const GPIO_TypeDef* porta, const uint16_t pina);
      |         ^~~~~~~~~~~
../Core/Src/BlinkingLed.h:20:7: note: 'class BlinkingLed' defined here
   20 | class BlinkingLed : myhal::STM32H7Led, myhal::NonBlockingDelay {
      |       ^~~~~~~~~~~
../Core/Src/BlinkingLed.cpp:15:1: error: no declaration matches 'BlinkingLed::BlinkingLed(GPIO_TypeDef*, uint16_t, float_t, uint8_t)'
   15 | BlinkingLed::BlinkingLed(GPIO_TypeDef* port, uint16_t pin, float_t frequency, uint8_t dutyCycle)
      | ^~~~~~~~~~~
In file included from ../Core/Src/BlinkingLed.cpp:8:
../Core/Src/BlinkingLed.h:20:7: note: candidates are: 'constexpr BlinkingLed::BlinkingLed(BlinkingLed&&)'
   20 | class BlinkingLed : myhal::STM32H7Led, myhal::NonBlockingDelay {
      |       ^~~~~~~~~~~
../Core/Src/BlinkingLed.h:20:7: note:                 'constexpr BlinkingLed::BlinkingLed(const BlinkingLed&)'
../Core/Src/BlinkingLed.h:27:9: note:                 'BlinkingLed::BlinkingLed(const GPIO_TypeDef*, uint16_t, float_t, uint8_t)'
   27 |         BlinkingLed(const GPIO_TypeDef* porta, const uint16_t pina, float_t frequency, uint8_t dutyCycle);
      |         ^~~~~~~~~~~
../Core/Src/BlinkingLed.h:26:9: note:                 'BlinkingLed::BlinkingLed(const GPIO_TypeDef*, uint16_t)'
   26 |         BlinkingLed(const GPIO_TypeDef* porta, const uint16_t pina);
      |         ^~~~~~~~~~~
../Core/Src/BlinkingLed.h:20:7: note: 'class BlinkingLed' defined here
   20 | class BlinkingLed : myhal::STM32H7Led, myhal::NonBlockingDelay {
      |       ^~~~~~~~~~~
make: *** [Core/Src/subdir.mk:47: Core/Src/STM32H7Led.o] Error 1
make: *** Waiting for unfinished jobs....
make: *** [Core/Src/subdir.mk:47: Core/Src/BlinkingLed.o] Error 1
"make -j6 all" terminated with exit code 2. Build might be incomplete.
22:52:31 **** Incremental Build of configuration Debug for project BlinkyClass_CM4 ****
make -j6 all 
arm-none-eabi-size   BlinkyClass_CM4.elf 
   text	   data	    bss	    dec	    hex	filename
   3128	     24	   1568	   4720	   1270	BlinkyClass_CM4.elf
Finished building: default.size.stdout
 
22:52:31 **** Incremental Build of configuration Debug for project BlinkyClass_CM7 ****
make -j6 all 
arm-none-eabi-g++ "../Core/Src/BlinkingLed.cpp" -mcpu=cortex-m7 -std=gnu++14 -g3 -DDEBUG -DCORE_CM7 -DUSE_HAL_DRIVER -DSTM32H745xx -c -I../Core/Inc -I../../Drivers/STM32H7xx_HAL_Driver/Inc -I../../Drivers/STM32H7xx_HAL_Driver/Inc/Legacy -I../../Drivers/CMSIS/Device/ST/STM32H7xx/Include -I../../Drivers/CMSIS/Include -O0 -ffunction-sections -fdata-sections -fno-exceptions -fno-rtti -fno-use-cxa-atexit -Wall -fstack-usage -fcyclomatic-complexity -MMD -MP -MF"Core/Src/BlinkingLed.d" -MT"Core/Src/BlinkingLed.o" --specs=nano.specs -mfpu=fpv5-d16 -mfloat-abi=hard -mthumb -o "Core/Src/BlinkingLed.o"
arm-none-eabi-g++ "../Core/Src/STM32H7Led.cpp" -mcpu=cortex-m7 -std=gnu++14 -g3 -DDEBUG -DCORE_CM7 -DUSE_HAL_DRIVER -DSTM32H745xx -c -I../Core/Inc -I../../Drivers/STM32H7xx_HAL_Driver/Inc -I../../Drivers/STM32H7xx_HAL_Driver/Inc/Legacy -I../../Drivers/CMSIS/Device/ST/STM32H7xx/Include -I../../Drivers/CMSIS/Include -O0 -ffunction-sections -fdata-sections -fno-exceptions -fno-rtti -fno-use-cxa-atexit -Wall -fstack-usage -fcyclomatic-complexity -MMD -MP -MF"Core/Src/STM32H7Led.d" -MT"Core/Src/STM32H7Led.o" --specs=nano.specs -mfpu=fpv5-d16 -mfloat-abi=hard -mthumb -o "Core/Src/STM32H7Led.o"
arm-none-eabi-g++ "../Core/Src/cppMain.cpp" -mcpu=cortex-m7 -std=gnu++14 -g3 -DDEBUG -DCORE_CM7 -DUSE_HAL_DRIVER -DSTM32H745xx -c -I../Core/Inc -I../../Drivers/STM32H7xx_HAL_Driver/Inc -I../../Drivers/STM32H7xx_HAL_Driver/Inc/Legacy -I../../Drivers/CMSIS/Device/ST/STM32H7xx/Include -I../../Drivers/CMSIS/Include -O0 -ffunction-sections -fdata-sections -fno-exceptions -fno-rtti -fno-use-cxa-atexit -Wall -fstack-usage -fcyclomatic-complexity -MMD -MP -MF"Core/Src/cppMain.d" -MT"Core/Src/cppMain.o" --specs=nano.specs -mfpu=fpv5-d16 -mfloat-abi=hard -mthumb -o "Core/Src/cppMain.o"
../Core/Src/STM32H7Led.cpp: In constructor 'myhal::STM32H7Led::STM32H7Led(const GPIO_TypeDef*, uint16_t)':
../Core/Src/STM32H7Led.cpp:15:22: error: invalid conversion from 'const GPIO_TypeDef*' to 'GPIO_TypeDef*' [-fpermissive]
   15 |         this->port = porta;
      |                      ^~~~~
      |                      |
      |                      const GPIO_TypeDef*
make: *** [Core/Src/subdir.mk:47: Core/Src/STM32H7Led.o] Error 1
make: *** Waiting for unfinished jobs....
"make -j6 all" terminated with exit code 2. Build might be incomplete.
23:00:15 **** Incremental Build of configuration Debug for project BlinkyClass_CM4 ****
make -j6 all 
arm-none-eabi-size   BlinkyClass_CM4.elf 
   text	   data	    bss	    dec	    hex	filename
   3128	     24	   1568	   4720	   1270	BlinkyClass_CM4.elf
Finished building: default.size.stdout
 
23:00:15 **** Incremental Build of configuration Debug for project BlinkyClass_CM7 ****
make -j6 all 
arm-none-eabi-g++ "../Core/Src/BlinkingLed.cpp" -mcpu=cortex-m7 -std=gnu++14 -g3 -DDEBUG -DCORE_CM7 -DUSE_HAL_DRIVER -DSTM32H745xx -c -I../Core/Inc -I../../Drivers/STM32H7xx_HAL_Driver/Inc -I../../Drivers/STM32H7xx_HAL_Driver/Inc/Legacy -I../../Drivers/CMSIS/Device/ST/STM32H7xx/Include -I../../Drivers/CMSIS/Include -O0 -ffunction-sections -fdata-sections -fno-exceptions -fno-rtti -fno-use-cxa-atexit -Wall -fstack-usage -fcyclomatic-complexity -MMD -MP -MF"Core/Src/BlinkingLed.d" -MT"Core/Src/BlinkingLed.o" --specs=nano.specs -mfpu=fpv5-d16 -mfloat-abi=hard -mthumb -o "Core/Src/BlinkingLed.o"
arm-none-eabi-g++ "../Core/Src/STM32H7Led.cpp" -mcpu=cortex-m7 -std=gnu++14 -g3 -DDEBUG -DCORE_CM7 -DUSE_HAL_DRIVER -DSTM32H745xx -c -I../Core/Inc -I../../Drivers/STM32H7xx_HAL_Driver/Inc -I../../Drivers/STM32H7xx_HAL_Driver/Inc/Legacy -I../../Drivers/CMSIS/Device/ST/STM32H7xx/Include -I../../Drivers/CMSIS/Include -O0 -ffunction-sections -fdata-sections -fno-exceptions -fno-rtti -fno-use-cxa-atexit -Wall -fstack-usage -fcyclomatic-complexity -MMD -MP -MF"Core/Src/STM32H7Led.d" -MT"Core/Src/STM32H7Led.o" --specs=nano.specs -mfpu=fpv5-d16 -mfloat-abi=hard -mthumb -o "Core/Src/STM32H7Led.o"
arm-none-eabi-g++ "../Core/Src/cppMain.cpp" -mcpu=cortex-m7 -std=gnu++14 -g3 -DDEBUG -DCORE_CM7 -DUSE_HAL_DRIVER -DSTM32H745xx -c -I../Core/Inc -I../../Drivers/STM32H7xx_HAL_Driver/Inc -I../../Drivers/STM32H7xx_HAL_Driver/Inc/Legacy -I../../Drivers/CMSIS/Device/ST/STM32H7xx/Include -I../../Drivers/CMSIS/Include -O0 -ffunction-sections -fdata-sections -fno-exceptions -fno-rtti -fno-use-cxa-atexit -Wall -fstack-usage -fcyclomatic-complexity -MMD -MP -MF"Core/Src/cppMain.d" -MT"Core/Src/cppMain.o" --specs=nano.specs -mfpu=fpv5-d16 -mfloat-abi=hard -mthumb -o "Core/Src/cppMain.o"
../Core/Src/STM32H7Led.cpp: In constructor 'myhal::STM32H7Led::STM32H7Led(GPIO_TypeDef*, uint16_t)':
../Core/Src/STM32H7Led.cpp:15:22: warning: '*this.myhal::STM32H7Led::port' is used uninitialized [-Wuninitialized]
   15 |         this->port = port;
      |                      ^~~~
../Core/Src/STM32H7Led.cpp:16:21: warning: '*this.myhal::STM32H7Led::pin' is used uninitialized [-Wuninitialized]
   16 |         this->pin = pin;
      |                     ^~~
arm-none-eabi-g++ -o "BlinkyClass_CM7.elf" @"objects.list"   -mcpu=cortex-m7 -T"C:\Users\ayome\OneDrive\switchdrive\MSE\TSM_EmbReal\Projects\02\BlinkyClass\CM7\STM32H745ZITX_FLASH.ld" --specs=nosys.specs -Wl,-Map="BlinkyClass_CM7.map" -Wl,--gc-sections -static --specs=nano.specs -mfpu=fpv5-d16 -mfloat-abi=hard -mthumb -Wl,--start-group -lc -lm -lstdc++ -lsupc++ -Wl,--end-group
Finished building target: BlinkyClass_CM7.elf
 
arm-none-eabi-size   BlinkyClass_CM7.elf 
arm-none-eabi-objdump -h -S  BlinkyClass_CM7.elf  > "BlinkyClass_CM7.list"
   text	   data	    bss	    dec	    hex	filename
  27040	    216	   3248	  30504	   7728	BlinkyClass_CM7.elf
Finished building: default.size.stdout
 
Finished building: BlinkyClass_CM7.list
 
23:00:25 **** Incremental Build of configuration Debug for project BlinkyClass_CM4 ****
make -j6 all 
arm-none-eabi-size   BlinkyClass_CM4.elf 
   text	   data	    bss	    dec	    hex	filename
   3128	     24	   1568	   4720	   1270	BlinkyClass_CM4.elf
Finished building: default.size.stdout
 
23:00:25 **** Incremental Build of configuration Debug for project BlinkyClass_CM7 ****
make -j6 all 
arm-none-eabi-g++ "../Core/Src/STM32H7Led.cpp" -mcpu=cortex-m7 -std=gnu++14 -g3 -DDEBUG -DCORE_CM7 -DUSE_HAL_DRIVER -DSTM32H745xx -c -I../Core/Inc -I../../Drivers/STM32H7xx_HAL_Driver/Inc -I../../Drivers/STM32H7xx_HAL_Driver/Inc/Legacy -I../../Drivers/CMSIS/Device/ST/STM32H7xx/Include -I../../Drivers/CMSIS/Include -O0 -ffunction-sections -fdata-sections -fno-exceptions -fno-rtti -fno-use-cxa-atexit -Wall -fstack-usage -fcyclomatic-complexity -MMD -MP -MF"Core/Src/STM32H7Led.d" -MT"Core/Src/STM32H7Led.o" --specs=nano.specs -mfpu=fpv5-d16 -mfloat-abi=hard -mthumb -o "Core/Src/STM32H7Led.o"
arm-none-eabi-g++ -o "BlinkyClass_CM7.elf" @"objects.list"   -mcpu=cortex-m7 -T"C:\Users\ayome\OneDrive\switchdrive\MSE\TSM_EmbReal\Projects\02\BlinkyClass\CM7\STM32H745ZITX_FLASH.ld" --specs=nosys.specs -Wl,-Map="BlinkyClass_CM7.map" -Wl,--gc-sections -static --specs=nano.specs -mfpu=fpv5-d16 -mfloat-abi=hard -mthumb -Wl,--start-group -lc -lm -lstdc++ -lsupc++ -Wl,--end-group
Finished building target: BlinkyClass_CM7.elf
 
arm-none-eabi-size   BlinkyClass_CM7.elf 
arm-none-eabi-objdump -h -S  BlinkyClass_CM7.elf  > "BlinkyClass_CM7.list"
   text	   data	    bss	    dec	    hex	filename
  27036	    216	   3248	  30500	   7724	BlinkyClass_CM7.elf
Finished building: default.size.stdout
 
Finished building: BlinkyClass_CM7.list
 
23:05:02 **** Incremental Build of configuration Debug for project BlinkyClass_CM4 ****
make -j6 all 
arm-none-eabi-size   BlinkyClass_CM4.elf 
   text	   data	    bss	    dec	    hex	filename
   3128	     24	   1568	   4720	   1270	BlinkyClass_CM4.elf
Finished building: default.size.stdout
 
23:05:03 **** Incremental Build of configuration Debug for project BlinkyClass_CM7 ****
make -j6 all 
arm-none-eabi-g++ "../Core/Src/cppMain.cpp" -mcpu=cortex-m7 -std=gnu++14 -g3 -DDEBUG -DCORE_CM7 -DUSE_HAL_DRIVER -DSTM32H745xx -c -I../Core/Inc -I../../Drivers/STM32H7xx_HAL_Driver/Inc -I../../Drivers/STM32H7xx_HAL_Driver/Inc/Legacy -I../../Drivers/CMSIS/Device/ST/STM32H7xx/Include -I../../Drivers/CMSIS/Include -O0 -ffunction-sections -fdata-sections -fno-exceptions -fno-rtti -fno-use-cxa-atexit -Wall -fstack-usage -fcyclomatic-complexity -MMD -MP -MF"Core/Src/cppMain.d" -MT"Core/Src/cppMain.o" --specs=nano.specs -mfpu=fpv5-d16 -mfloat-abi=hard -mthumb -o "Core/Src/cppMain.o"
arm-none-eabi-g++ -o "BlinkyClass_CM7.elf" @"objects.list"   -mcpu=cortex-m7 -T"C:\Users\ayome\OneDrive\switchdrive\MSE\TSM_EmbReal\Projects\02\BlinkyClass\CM7\STM32H745ZITX_FLASH.ld" --specs=nosys.specs -Wl,-Map="BlinkyClass_CM7.map" -Wl,--gc-sections -static --specs=nano.specs -mfpu=fpv5-d16 -mfloat-abi=hard -mthumb -Wl,--start-group -lc -lm -lstdc++ -lsupc++ -Wl,--end-group
Finished building target: BlinkyClass_CM7.elf
 
arm-none-eabi-size   BlinkyClass_CM7.elf 
arm-none-eabi-objdump -h -S  BlinkyClass_CM7.elf  > "BlinkyClass_CM7.list"
   text	   data	    bss	    dec	    hex	filename
  27092	    220	   3320	  30632	   77a8	BlinkyClass_CM7.elf
Finished building: default.size.stdout
 
Finished building: BlinkyClass_CM7.list
 
