Archive member included to satisfy reference by file (symbol)

C:/ST/STM32CubeIDE_1.13.2/STM32CubeIDE/plugins/com.st.stm32cube.ide.mcu.externaltools.gnu-tools-for-stm32.11.3.rel1.win32_1.1.1.202309131626/tools/bin/../lib/gcc/arm-none-eabi/11.3.1/../../../../arm-none-eabi/lib/thumb/v7e-m+dp/hard\libstdc++_nano.a(del_op.o)
                              ./Core/Src/cppMain.o (operator delete(void*))
C:/ST/STM32CubeIDE_1.13.2/STM32CubeIDE/plugins/com.st.stm32cube.ide.mcu.externaltools.gnu-tools-for-stm32.11.3.rel1.win32_1.1.1.202309131626/tools/bin/../lib/gcc/arm-none-eabi/11.3.1/../../../../arm-none-eabi/lib/thumb/v7e-m+dp/hard\libstdc++_nano.a(del_ops.o)
                              ./Core/Src/cppMain.o (operator delete(void*, unsigned int))
C:/ST/STM32CubeIDE_1.13.2/STM32CubeIDE/plugins/com.st.stm32cube.ide.mcu.externaltools.gnu-tools-for-stm32.11.3.rel1.win32_1.1.1.202309131626/tools/bin/../lib/gcc/arm-none-eabi/11.3.1/../../../../arm-none-eabi/lib/thumb/v7e-m+dp/hard\libstdc++_nano.a(new_op.o)
                              ./Core/Src/cppMain.o (operator new(unsigned int))
C:/ST/STM32CubeIDE_1.13.2/STM32CubeIDE/plugins/com.st.stm32cube.ide.mcu.externaltools.gnu-tools-for-stm32.11.3.rel1.win32_1.1.1.202309131626/tools/bin/../lib/gcc/arm-none-eabi/11.3.1/../../../../arm-none-eabi/lib/thumb/v7e-m+dp/hard\libstdc++_nano.a(tree.o)
                              ./Core/Src/cppMain.o (std::_Rb_tree_increment(std::_Rb_tree_node_base*))
C:/ST/STM32CubeIDE_1.13.2/STM32CubeIDE/plugins/com.st.stm32cube.ide.mcu.externaltools.gnu-tools-for-stm32.11.3.rel1.win32_1.1.1.202309131626/tools/bin/../lib/gcc/arm-none-eabi/11.3.1/../../../../arm-none-eabi/lib/thumb/v7e-m+dp/hard\libstdc++_nano.a(functexcept.o)
                              ./Core/Src/cppMain.o (std::__throw_bad_alloc())
C:/ST/STM32CubeIDE_1.13.2/STM32CubeIDE/plugins/com.st.stm32cube.ide.mcu.externaltools.gnu-tools-for-stm32.11.3.rel1.win32_1.1.1.202309131626/tools/bin/../lib/gcc/arm-none-eabi/11.3.1/../../../../arm-none-eabi/lib/thumb/v7e-m+dp/hard\libstdc++_nano.a(snprintf_lite.o)
                              C:/ST/STM32CubeIDE_1.13.2/STM32CubeIDE/plugins/com.st.stm32cube.ide.mcu.externaltools.gnu-tools-for-stm32.11.3.rel1.win32_1.1.1.202309131626/tools/bin/../lib/gcc/arm-none-eabi/11.3.1/../../../../arm-none-eabi/lib/thumb/v7e-m+dp/hard\libstdc++_nano.a(functexcept.o) (__gnu_cxx::__snprintf_lite(char*, unsigned int, char const*, std::__va_list))
C:/ST/STM32CubeIDE_1.13.2/STM32CubeIDE/plugins/com.st.stm32cube.ide.mcu.externaltools.gnu-tools-for-stm32.11.3.rel1.win32_1.1.1.202309131626/tools/bin/../lib/gcc/arm-none-eabi/11.3.1/../../../../arm-none-eabi/lib/thumb/v7e-m+dp/hard\libstdc++_nano.a(new_handler.o)
                              C:/ST/STM32CubeIDE_1.13.2/STM32CubeIDE/plugins/com.st.stm32cube.ide.mcu.externaltools.gnu-tools-for-stm32.11.3.rel1.win32_1.1.1.202309131626/tools/bin/../lib/gcc/arm-none-eabi/11.3.1/../../../../arm-none-eabi/lib/thumb/v7e-m+dp/hard\libstdc++_nano.a(new_op.o) (std::get_new_handler())
C:/ST/STM32CubeIDE_1.13.2/STM32CubeIDE/plugins/com.st.stm32cube.ide.mcu.externaltools.gnu-tools-for-stm32.11.3.rel1.win32_1.1.1.202309131626/tools/bin/../lib/gcc/arm-none-eabi/11.3.1/../../../../arm-none-eabi/lib/thumb/v7e-m+dp/hard\libc_nano.a(libc_a-abort.o)
                              C:/ST/STM32CubeIDE_1.13.2/STM32CubeIDE/plugins/com.st.stm32cube.ide.mcu.externaltools.gnu-tools-for-stm32.11.3.rel1.win32_1.1.1.202309131626/tools/bin/../lib/gcc/arm-none-eabi/11.3.1/../../../../arm-none-eabi/lib/thumb/v7e-m+dp/hard\libstdc++_nano.a(new_op.o) (abort)
C:/ST/STM32CubeIDE_1.13.2/STM32CubeIDE/plugins/com.st.stm32cube.ide.mcu.externaltools.gnu-tools-for-stm32.11.3.rel1.win32_1.1.1.202309131626/tools/bin/../lib/gcc/arm-none-eabi/11.3.1/../../../../arm-none-eabi/lib/thumb/v7e-m+dp/hard\libc_nano.a(libc_a-exit.o)
                              C:/ST/STM32CubeIDE_1.13.2/STM32CubeIDE/plugins/com.st.stm32cube.ide.mcu.externaltools.gnu-tools-for-stm32.11.3.rel1.win32_1.1.1.202309131626/tools/bin/../lib/gcc/arm-none-eabi/11.3.1/../../../../arm-none-eabi/lib/thumb/v7e-m+dp/hard/crt0.o (exit)
C:/ST/STM32CubeIDE_1.13.2/STM32CubeIDE/plugins/com.st.stm32cube.ide.mcu.externaltools.gnu-tools-for-stm32.11.3.rel1.win32_1.1.1.202309131626/tools/bin/../lib/gcc/arm-none-eabi/11.3.1/../../../../arm-none-eabi/lib/thumb/v7e-m+dp/hard\libc_nano.a(libc_a-malloc.o)
                              C:/ST/STM32CubeIDE_1.13.2/STM32CubeIDE/plugins/com.st.stm32cube.ide.mcu.externaltools.gnu-tools-for-stm32.11.3.rel1.win32_1.1.1.202309131626/tools/bin/../lib/gcc/arm-none-eabi/11.3.1/../../../../arm-none-eabi/lib/thumb/v7e-m+dp/hard\libstdc++_nano.a(new_op.o) (malloc)
C:/ST/STM32CubeIDE_1.13.2/STM32CubeIDE/plugins/com.st.stm32cube.ide.mcu.externaltools.gnu-tools-for-stm32.11.3.rel1.win32_1.1.1.202309131626/tools/bin/../lib/gcc/arm-none-eabi/11.3.1/../../../../arm-none-eabi/lib/thumb/v7e-m+dp/hard\libc_nano.a(libc_a-mallocr.o)
[...]
Memory Configuration

Name             Origin             Length             Attributes
RAM_D1           0x0000000024000000 0x0000000000080000 xrw
FLASH            0x0000000008000000 0x0000000000100000 xr
DTCMRAM          0x0000000020000000 0x0000000000020000 xrw
RAM_D2           0x0000000030000000 0x0000000000048000 xrw
RAM_D3           0x0000000038000000 0x0000000000010000 xrw
ITCMRAM          0x0000000000000000 0x0000000000010000 xrw
*default*        0x0000000000000000 0xffffffffffffffff

Linker script and memory map

LOAD C:/ST/STM32CubeIDE_1.13.2/STM32CubeIDE/plugins/com.st.stm32cube.ide.mcu.externaltools.gnu-tools-for-stm32.11.3.rel1.win32_1.1.1.202309131626/tools/bin/../lib/gcc/arm-none-eabi/11.3.1/thumb/v7e-m+dp/hard/crti.o
LOAD C:/ST/STM32CubeIDE_1.13.2/STM32CubeIDE/plugins/com.st.stm32cube.ide.mcu.externaltools.gnu-tools-for-stm32.11.3.rel1.win32_1.1.1.202309131626/tools/bin/../lib/gcc/arm-none-eabi/11.3.1/thumb/v7e-m+dp/hard/crtbegin.o
LOAD C:/ST/STM32CubeIDE_1.13.2/STM32CubeIDE/plugins/com.st.stm32cube.ide.mcu.externaltools.gnu-tools-for-stm32.11.3.rel1.win32_1.1.1.202309131626/tools/bin/../lib/gcc/arm-none-eabi/11.3.1/../../../../arm-none-eabi/lib/thumb/v7e-m+dp/hard/crt0.o
LOAD ./Common/Src/system_stm32h7xx_dualcore_boot_cm4_cm7.o
LOAD ./Core/Src/cppMain.o
LOAD ./Core/Src/main.o
LOAD ./Core/Src/stm32h7xx_hal_msp.o
LOAD ./Core/Src/stm32h7xx_it.o
LOAD ./Core/Src/syscalls.o
LOAD ./Core/Src/sysmem.o
LOAD ./Core/Startup/startup_stm32h745zitx.o
LOAD ./Drivers/STM32H7xx_HAL_Driver/stm32h7xx_hal.o
LOAD ./Drivers/STM32H7xx_HAL_Driver/stm32h7xx_hal_cortex.o
LOAD ./Drivers/STM32H7xx_HAL_Driver/stm32h7xx_hal_dma.o
LOAD ./Drivers/STM32H7xx_HAL_Driver/stm32h7xx_hal_dma_ex.o
LOAD ./Drivers/STM32H7xx_HAL_Driver/stm32h7xx_hal_eth.o
LOAD ./Drivers/STM32H7xx_HAL_Driver/stm32h7xx_hal_eth_ex.o
LOAD ./Drivers/STM32H7xx_HAL_Driver/stm32h7xx_hal_exti.o
LOAD ./Drivers/STM32H7xx_HAL_Driver/stm32h7xx_hal_flash.o
LOAD ./Drivers/STM32H7xx_HAL_Driver/stm32h7xx_hal_flash_ex.o
LOAD ./Drivers/STM32H7xx_HAL_Driver/stm32h7xx_hal_gpio.o
LOAD ./Drivers/STM32H7xx_HAL_Driver/stm32h7xx_hal_hsem.o
LOAD ./Drivers/STM32H7xx_HAL_Driver/stm32h7xx_hal_i2c.o
LOAD ./Drivers/STM32H7xx_HAL_Driver/stm32h7xx_hal_i2c_ex.o
LOAD ./Drivers/STM32H7xx_HAL_Driver/stm32h7xx_hal_mdma.o
LOAD ./Drivers/STM32H7xx_HAL_Driver/stm32h7xx_hal_pcd.o
LOAD ./Drivers/STM32H7xx_HAL_Driver/stm32h7xx_hal_pcd_ex.o
LOAD ./Drivers/STM32H7xx_HAL_Driver/stm32h7xx_hal_pwr.o
LOAD ./Drivers/STM32H7xx_HAL_Driver/stm32h7xx_hal_pwr_ex.o
LOAD ./Drivers/STM32H7xx_HAL_Driver/stm32h7xx_hal_rcc.o
LOAD ./Drivers/STM32H7xx_HAL_Driver/stm32h7xx_hal_rcc_ex.o
LOAD ./Drivers/STM32H7xx_HAL_Driver/stm32h7xx_hal_tim.o
LOAD ./Drivers/STM32H7xx_HAL_Driver/stm32h7xx_hal_tim_ex.o
LOAD ./Drivers/STM32H7xx_HAL_Driver/stm32h7xx_hal_uart.o
LOAD ./Drivers/STM32H7xx_HAL_Driver/stm32h7xx_hal_uart_ex.o
LOAD ./Drivers/STM32H7xx_HAL_Driver/stm32h7xx_ll_usb.o
START GROUP
LOAD C:/ST/STM32CubeIDE_1.13.2/STM32CubeIDE/plugins/com.st.stm32cube.ide.mcu.externaltools.gnu-tools-for-stm32.11.3.rel1.win32_1.1.1.202309131626/tools/bin/../lib/gcc/arm-none-eabi/11.3.1/../../../../arm-none-eabi/lib/thumb/v7e-m+dp/hard\libstdc++_nano.a
LOAD C:/ST/STM32CubeIDE_1.13.2/STM32CubeIDE/plugins/com.st.stm32cube.ide.mcu.externaltools.gnu-tools-for-stm32.11.3.rel1.win32_1.1.1.202309131626/tools/bin/../lib/gcc/arm-none-eabi/11.3.1/../../../../arm-none-eabi/lib/thumb/v7e-m+dp/hard\libsupc++_nano.a
END GROUP
LOAD C:/ST/STM32CubeIDE_1.13.2/STM32CubeIDE/plugins/com.st.stm32cube.ide.mcu.externaltools.gnu-tools-for-stm32.11.3.rel1.win32_1.1.1.202309131626/tools/bin/../lib/gcc/arm-none-eabi/11.3.1/../../../../arm-none-eabi/lib/thumb/v7e-m+dp/hard\libstdc++_nano.a
LOAD C:/ST/STM32CubeIDE_1.13.2/STM32CubeIDE/plugins/com.st.stm32cube.ide.mcu.externaltools.gnu-tools-for-stm32.11.3.rel1.win32_1.1.1.202309131626/tools/bin/../lib/gcc/arm-none-eabi/11.3.1/../../../../arm-none-eabi/lib/thumb/v7e-m+dp/hard\libm.a
LOAD C:/ST/STM32CubeIDE_1.13.2/STM32CubeIDE/plugins/com.st.stm32cube.ide.mcu.externaltools.gnu-tools-for-stm32.11.3.rel1.win32_1.1.1.202309131626/tools/bin/../lib/gcc/arm-none-eabi/11.3.1/../../../../arm-none-eabi/lib/thumb/v7e-m+dp/hard\libc_nano.a
START GROUP
LOAD C:/ST/STM32CubeIDE_1.13.2/STM32CubeIDE/plugins/com.st.stm32cube.ide.mcu.externaltools.gnu-tools-for-stm32.11.3.rel1.win32_1.1.1.202309131626/tools/bin/../lib/gcc/arm-none-eabi/11.3.1/thumb/v7e-m+dp/hard\libgcc.a
LOAD C:/ST/STM32CubeIDE_1.13.2/STM32CubeIDE/plugins/com.st.stm32cube.ide.mcu.externaltools.gnu-tools-for-stm32.11.3.rel1.win32_1.1.1.202309131626/tools/bin/../lib/gcc/arm-none-eabi/11.3.1/../../../../arm-none-eabi/lib/thumb/v7e-m+dp/hard\libc_nano.a
END GROUP
START GROUP
LOAD C:/ST/STM32CubeIDE_1.13.2/STM32CubeIDE/plugins/com.st.stm32cube.ide.mcu.externaltools.gnu-tools-for-stm32.11.3.rel1.win32_1.1.1.202309131626/tools/bin/../lib/gcc/arm-none-eabi/11.3.1/thumb/v7e-m+dp/hard\libgcc.a
LOAD C:/ST/STM32CubeIDE_1.13.2/STM32CubeIDE/plugins/com.st.stm32cube.ide.mcu.externaltools.gnu-tools-for-stm32.11.3.rel1.win32_1.1.1.202309131626/tools/bin/../lib/gcc/arm-none-eabi/11.3.1/../../../../arm-none-eabi/lib/thumb/v7e-m+dp/hard\libc_nano.a
LOAD C:/ST/STM32CubeIDE_1.13.2/STM32CubeIDE/plugins/com.st.stm32cube.ide.mcu.externaltools.gnu-tools-for-stm32.11.3.rel1.win32_1.1.1.202309131626/tools/bin/../lib/gcc/arm-none-eabi/11.3.1/../../../../arm-none-eabi/lib/thumb/v7e-m+dp/hard\libnosys.a
END GROUP
START GROUP
LOAD C:/ST/STM32CubeIDE_1.13.2/STM32CubeIDE/plugins/com.st.stm32cube.ide.mcu.externaltools.gnu-tools-for-stm32.11.3.rel1.win32_1.1.1.202309131626/tools/bin/../lib/gcc/arm-none-eabi/11.3.1/thumb/v7e-m+dp/hard\libgcc.a
LOAD C:/ST/STM32CubeIDE_1.13.2/STM32CubeIDE/plugins/com.st.stm32cube.ide.mcu.externaltools.gnu-tools-for-stm32.11.3.rel1.win32_1.1.1.202309131626/tools/bin/../lib/gcc/arm-none-eabi/11.3.1/../../../../arm-none-eabi/lib/thumb/v7e-m+dp/hard\libc_nano.a
LOAD C:/ST/STM32CubeIDE_1.13.2/STM32CubeIDE/plugins/com.st.stm32cube.ide.mcu.externaltools.gnu-tools-for-stm32.11.3.rel1.win32_1.1.1.202309131626/tools/bin/../lib/gcc/arm-none-eabi/11.3.1/../../../../arm-none-eabi/lib/thumb/v7e-m+dp/hard\libnosys.a
END GROUP
LOAD C:/ST/STM32CubeIDE_1.13.2/STM32CubeIDE/plugins/com.st.stm32cube.ide.mcu.externaltools.gnu-tools-for-stm32.11.3.rel1.win32_1.1.1.202309131626/tools/bin/../lib/gcc/arm-none-eabi/11.3.1/thumb/v7e-m+dp/hard/crtend.o
LOAD C:/ST/STM32CubeIDE_1.13.2/STM32CubeIDE/plugins/com.st.stm32cube.ide.mcu.externaltools.gnu-tools-for-stm32.11.3.rel1.win32_1.1.1.202309131626/tools/bin/../lib/gcc/arm-none-eabi/11.3.1/thumb/v7e-m+dp/hard/crtn.o
                0x0000000024080000                _estack = (ORIGIN (RAM_D1) + LENGTH (RAM_D1))
                0x0000000000000200                _Min_Heap_Size = 0x200
                0x0000000000000400                _Min_Stack_Size = 0x400

.isr_vector     0x0000000008000000      0x298
                0x0000000008000000                . = ALIGN (0x4)
 *(.isr_vector)
 .isr_vector    0x0000000008000000      0x298 ./Core/Startup/startup_stm32h745zitx.o
                0x0000000008000000                g_pfnVectors
                0x0000000008000298                . = ALIGN (0x4)

.text           0x0000000008000298     0x8028
                0x0000000008000298                . = ALIGN (0x4)
 *(.text)
 .text          0x0000000008000298       0x40 C:/ST/STM32CubeIDE_1.13.2/STM32CubeIDE/plugins/com.st.stm32cube.ide.mcu.externaltools.gnu-tools-for-stm32.11.3.rel1.win32_1.1.1.202309131626/tools/bin/../lib/gcc/arm-none-eabi/11.3.1/thumb/v7e-m+dp/hard/crtbegin.o
 .text          0x00000000080002d8       0x30 C:/ST/STM32CubeIDE_1.13.2/STM32CubeIDE/plugins/com.st.stm32cube.ide.mcu.externaltools.gnu-tools-for-stm32.11.3.rel1.win32_1.1.1.202309131626/tools/bin/../lib/gcc/arm-none-eabi/11.3.1/thumb/v7e-m+dp/hard\libgcc.a(_aeabi_uldivmod.o)
                0x00000000080002d8                __aeabi_uldivmod
 .text          0x0000000008000308      0x2c8 C:/ST/STM32CubeIDE_1.13.2/STM32CubeIDE/plugins/com.st.stm32cube.ide.mcu.externaltools.gnu-tools-for-stm32.11.3.rel1.win32_1.1.1.202309131626/tools/bin/../lib/gcc/arm-none-eabi/11.3.1/thumb/v7e-m+dp/hard\libgcc.a(_udivmoddi4.o)
                0x0000000008000308                __udivmoddi4
 .text          0x00000000080005d0        0x4 C:/ST/STM32CubeIDE_1.13.2/STM32CubeIDE/plugins/com.st.stm32cube.ide.mcu.externaltools.gnu-tools-for-stm32.11.3.rel1.win32_1.1.1.202309131626/tools/bin/../lib/gcc/arm-none-eabi/11.3.1/thumb/v7e-m+dp/hard\libgcc.a(_dvmd_tls.o)
                0x00000000080005d0                __aeabi_idiv0
                0x00000000080005d0                __aeabi_ldiv0
 *(.text*)
 .text.SystemInit
                0x00000000080005d4      0x12c ./Common/Src/system_stm32h7xx_dualcore_boot_cm4_cm7.o
                0x00000000080005d4                SystemInit
 .text._ZSt21is_constant_evaluatedv
                0x0000000008000700       0x10 ./Core/Src/cppMain.o
                0x0000000008000700                std::is_constant_evaluated()
 .text._ZnwjPv  0x0000000008000710       0x18 ./Core/Src/cppMain.o
                0x0000000008000710                operator new(unsigned int, void*)
 .text._ZNSt15_Rb_tree_headerC2Ev
                0x0000000008000728       0x1e ./Core/Src/cppMain.o
                0x0000000008000728                std::_Rb_tree_header::_Rb_tree_header()
                0x0000000008000728                std::_Rb_tree_header::_Rb_tree_header()
 .text._ZNSt15_Rb_tree_header8_M_resetEv
                0x0000000008000746       0x2c ./Core/Src/cppMain.o
                0x0000000008000746                std::_Rb_tree_header::_M_reset()
 *fill*         0x0000000008000772        0x2 
 .text._ZN12StateMachineC2E3Ledmmm
                0x0000000008000774       0x7c ./Core/Src/cppMain.o
                0x0000000008000774                StateMachine::StateMachine(Led, unsigned long, unsigned long, unsigned long)
                0x0000000008000774                StateMachine::StateMachine(Led, unsigned long, unsigned long, unsigned long)
 .text._ZN12StateMachine5blinkEv
                0x00000000080007f0       0xcc ./Core/Src/cppMain.o
                0x00000000080007f0                StateMachine::blink()
 .text._ZN12StateMachine17NonBlocking_DelayEm
                0x00000000080008bc       0x84 ./Core/Src/cppMain.o
                0x00000000080008bc                StateMachine::NonBlocking_Delay(unsigned long)
 .text._Z9toggleLED3Led
                0x0000000008000940       0x38 ./Core/Src/cppMain.o
                0x0000000008000940                toggleLED(Led)
 .text.cppMain  0x0000000008000978       0x3c ./Core/Src/cppMain.o
                0x0000000008000978                cppMain
 .text._ZNSaISt4pairIK5StateS0_EEC2Ev
                0x00000000080009b4       0x18 ./Core/Src/cppMain.o
                0x00000000080009b4                std::allocator<std::pair<State const, State> >::allocator()
                0x00000000080009b4                std::allocator<std::pair<State const, State> >::allocator()
 .text._ZNSaISt4pairIK5StateS0_EED2Ev
                0x00000000080009cc       0x16 ./Core/Src/cppMain.o
                0x00000000080009cc                std::allocator<std::pair<State const, State> >::~allocator()
                0x00000000080009cc                std::allocator<std::pair<State const, State> >::~allocator()
 .text._ZNSt3mapI5StateS0_St4lessIS0_ESaISt4pairIKS0_S0_EEEC2ESt16initializer_listIS5_ERKS2_RKS6_
                0x00000000080009e2       0x60 ./Core/Src/cppMain.o
                0x00000000080009e2                std::map<State, State, std::less<State>, std::allocator<std::pair<State const, State> > >::map(std::initializer_list<std::pair<State const, State> >, std::less<State> const&, std::allocator<std::pair<State const, State> > const&)
                0x00000000080009e2                std::map<State, State, std::less<State>, std::allocator<std::pair<State const, State> > >::map(std::initializer_list<std::pair<State const, State> >, std::less<State> const&, std::allocator<std::pair<State const, State> > const&)
 *fill*         0x0000000008000a42        0x2 
 .text._ZNSt3mapI5StateS0_St4lessIS0_ESaISt4pairIKS0_S0_EEEixERS4_
                0x0000000008000a44       0xb8 ./Core/Src/cppMain.o
                0x0000000008000a44                std::map<State, State, std::less<State>, std::allocator<std::pair<State const, State> > >::operator[](State const&)
 .text._ZN9__gnu_cxx13new_allocatorISt4pairIK5StateS2_EEC2Ev
                0x0000000008000afc       0x16 ./Core/Src/cppMain.o
                0x0000000008000afc                __gnu_cxx::new_allocator<std::pair<State const, State> >::new_allocator()
                0x0000000008000afc                __gnu_cxx::new_allocator<std::pair<State const, State> >::new_allocator()
 .text._ZNSaISt4pairIK5StateS0_EEC2ERKS3_
                0x0000000008000b12       0x1c ./Core/Src/cppMain.o
                0x0000000008000b12                std::allocator<std::pair<State const, State> >::allocator(std::allocator<std::pair<State const, State> > const&)
                0x0000000008000b12                std::allocator<std::pair<State const, State> >::allocator(std::allocator<std::pair<State const, State> > const&)
 .text._ZNSt8_Rb_treeI5StateSt4pairIKS0_S0_ESt10_Select1stIS3_ESt4lessIS0_ESaIS3_EEC2ERKS7_RKS8_
                0x0000000008000b2e       0x3c ./Core/Src/cppMain.o
                0x0000000008000b2e                std::_Rb_tree<State, std::pair<State const, State>, std::_Select1st<std::pair<State const, State> >, std::less<State>, std::allocator<std::pair<State const, State> > >::_Rb_tree(std::less<State> const&, std::allocator<std::pair<State const, State> > const&)
                0x0000000008000b2e                std::_Rb_tree<State, std::pair<State const, State>, std::_Select1st<std::pair<State const, State> >, std::less<State>, std::allocator<std::pair<State const, State> > >::_Rb_tree(std::less<State> const&, std::allocator<std::pair<State const, State> > const&)
 .text._ZNKSt16initializer_listISt4pairIK5StateS1_EE5beginEv
                0x0000000008000b6a       0x18 ./Core/Src/cppMain.o
                0x0000000008000b6a                std::initializer_list<std::pair<State const, State> >::begin() const
 .text._ZNKSt16initializer_listISt4pairIK5StateS1_EE3endEv
                0x0000000008000b82       0x24 ./Core/Src/cppMain.o
                0x0000000008000b82                std::initializer_list<std::pair<State const, State> >::end() const
 .text._ZNSt8_Rb_treeI5StateSt4pairIKS0_S0_ESt10_Select1stIS3_ESt4lessIS0_ESaIS3_EE22_M_insert_range_uniqueIPKS3_EENSt9enable_ifIXsrSt7is_sameIS3_NSt15iterator_traitsIT_E10value_typeEE5valueEvE4typeESG_SG_
                0x0000000008000ba6       0x5a ./Core/Src/cppMain.o
                0x0000000008000ba6                std::enable_if<std::is_same<std::pair<State const, State>, std::iterator_traits<std::pair<State const, State> const*>::value_type>::value, void>::type std::_Rb_tree<State, std::pair<State const, State>, std::_Select1st<std::pair<State const, State> >, std::less<State>, std::allocator<std::pair<State const, State> > >::_M_insert_range_unique<std::pair<State const, State> const*>(std::pair<State const, State> const*, std::pair<State const, State> const*)
 .text._ZNSaISt13_Rb_tree_nodeISt4pairIK5StateS1_EEED2Ev
                0x0000000008000c00       0x16 ./Core/Src/cppMain.o
                0x0000000008000c00                std::allocator<std::_Rb_tree_node<std::pair<State const, State> > >::~allocator()
                0x0000000008000c00                std::allocator<std::_Rb_tree_node<std::pair<State const, State> > >::~allocator()
 .text._ZNSt8_Rb_treeI5StateSt4pairIKS0_S0_ESt10_Select1stIS3_ESt4lessIS0_ESaIS3_EE8_M_beginEv
                0x0000000008000c16       0x18 ./Core/Src/cppMain.o
                0x0000000008000c16                std::_Rb_tree<State, std::pair<State const, State>, std::_Select1st<std::pair<State const, State> >, std::less<State>, std::allocator<std::pair<State const, State> > >::_M_begin()
 .text._ZNSt3mapI5StateS0_St4lessIS0_ESaISt4pairIKS0_S0_EEE11lower_boundERS4_
                0x0000000008000c2e       0x1e ./Core/Src/cppMain.o
                0x0000000008000c2e                std::map<State, State, std::less<State>, std::allocator<std::pair<State const, State> > >::lower_bound(State const&)
 .text._ZNSt3mapI5StateS0_St4lessIS0_ESaISt4pairIKS0_S0_EEE3endEv
                0x0000000008000c4c       0x1a ./Core/Src/cppMain.o
                0x0000000008000c4c                std::map<State, State, std::less<State>, std::allocator<std::pair<State const, State> > >::end()
 .text._ZSteqRKSt17_Rb_tree_iteratorISt4pairIK5StateS1_EES6_
                0x0000000008000c66       0x28 ./Core/Src/cppMain.o
                0x0000000008000c66                std::operator==(std::_Rb_tree_iterator<std::pair<State const, State> > const&, std::_Rb_tree_iterator<std::pair<State const, State> > const&)
 .text._ZNKSt3mapI5StateS0_St4lessIS0_ESaISt4pairIKS0_S0_EEE8key_compEv
                0x0000000008000c8e       0x1a ./Core/Src/cppMain.o
                0x0000000008000c8e                std::map<State, State, std::less<State>, std::allocator<std::pair<State const, State> > >::key_comp() const
 .text._ZNKSt17_Rb_tree_iteratorISt4pairIK5StateS1_EEdeEv
                0x0000000008000ca8       0x1c ./Core/Src/cppMain.o
                0x0000000008000ca8                std::_Rb_tree_iterator<std::pair<State const, State> >::operator*() const
 .text._ZNKSt4lessI5StateEclERKS0_S3_
                0x0000000008000cc4       0x2a ./Core/Src/cppMain.o
                0x0000000008000cc4                std::less<State>::operator()(State const&, State const&) const
 .text._ZNSt5tupleIJRK5StateEEC2ILb1ELb1EEES2_
                0x0000000008000cee       0x1e ./Core/Src/cppMain.o
                0x0000000008000cee                std::tuple<State const&>::tuple<true, true>(State const&)
                0x0000000008000cee                std::tuple<State const&>::tuple<true, true>(State const&)
 .text._ZNSt23_Rb_tree_const_iteratorISt4pairIK5StateS1_EEC2ERKSt17_Rb_tree_iteratorIS3_E
                0x0000000008000d0c       0x20 ./Core/Src/cppMain.o
                0x0000000008000d0c                std::_Rb_tree_const_iterator<std::pair<State const, State> >::_Rb_tree_const_iterator(std::_Rb_tree_iterator<std::pair<State const, State> > const&)
                0x0000000008000d0c                std::_Rb_tree_const_iterator<std::pair<State const, State> >::_Rb_tree_const_iterator(std::_Rb_tree_iterator<std::pair<State const, State> > const&)
 .text._ZNSt8_Rb_treeI5StateSt4pairIKS0_S0_ESt10_Select1stIS3_ESt4lessIS0_ESaIS3_EE22_M_emplace_hint_uniqueIJRKSt21piecewise_construct_tSt5tupleIJRS2_EESE_IJEEEEESt17_Rb_tree_iteratorIS3_ESt23_Rb_tree_const_iteratorIS3_EDpOT_
                0x0000000008000d2c       0x7c ./Core/Src/cppMain.o
                0x0000000008000d2c                std::_Rb_tree_iterator<std::pair<State const, State> > std::_Rb_tree<State, std::pair<State const, State>, std::_Select1st<std::pair<State const, State> >, std::less<State>, std::allocator<std::pair<State const, State> > >::_M_emplace_hint_unique<std::piecewise_construct_t const&, std::tuple<State const&>, std::tuple<> >(std::_Rb_tree_const_iterator<std::pair<State const, State> >, std::piecewise_construct_t const&, std::tuple<State const&>&&, std::tuple<>&&)
 .text._ZN9__gnu_cxx13new_allocatorISt4pairIK5StateS2_EEC2ERKS5_
                0x0000000008000da8       0x18 ./Core/Src/cppMain.o
                0x0000000008000da8                __gnu_cxx::new_allocator<std::pair<State const, State> >::new_allocator(__gnu_cxx::new_allocator<std::pair<State const, State> > const&)
                0x0000000008000da8                __gnu_cxx::new_allocator<std::pair<State const, State> >::new_allocator(__gnu_cxx::new_allocator<std::pair<State const, State> > const&)
 .text._ZNSaISt13_Rb_tree_nodeISt4pairIK5StateS1_EEEC2IS3_EERKSaIT_E
                0x0000000008000dc0       0x1a ./Core/Src/cppMain.o
                0x0000000008000dc0                std::allocator<std::_Rb_tree_node<std::pair<State const, State> > >::allocator<std::pair<State const, State> >(std::allocator<std::pair<State const, State> > const&)
                0x0000000008000dc0                std::allocator<std::_Rb_tree_node<std::pair<State const, State> > >::allocator<std::pair<State const, State> >(std::allocator<std::pair<State const, State> > const&)
 .text._ZNSt8_Rb_treeI5StateSt4pairIKS0_S0_ESt10_Select1stIS3_ESt4lessIS0_ESaIS3_EE13_Rb_tree_implIS7_Lb1EEC2ERKS7_OSaISt13_Rb_tree_nodeIS3_EE
                0x0000000008000dda       0x3a ./Core/Src/cppMain.o
                0x0000000008000dda                std::_Rb_tree<State, std::pair<State const, State>, std::_Select1st<std::pair<State const, State> >, std::less<State>, std::allocator<std::pair<State const, State> > >::_Rb_tree_impl<std::less<State>, true>::_Rb_tree_impl(std::less<State> const&, std::allocator<std::_Rb_tree_node<std::pair<State const, State> > >&&)
                0x0000000008000dda                std::_Rb_tree<State, std::pair<State const, State>, std::_Select1st<std::pair<State const, State> >, std::less<State>, std::allocator<std::pair<State const, State> > >::_Rb_tree_impl<std::less<State>, true>::_Rb_tree_impl(std::less<State> const&, std::allocator<std::_Rb_tree_node<std::pair<State const, State> > >&&)
 .text._ZNKSt16initializer_listISt4pairIK5StateS1_EE4sizeEv
                0x0000000008000e14       0x18 ./Core/Src/cppMain.o
                0x0000000008000e14                std::initializer_list<std::pair<State const, State> >::size() const
 .text._ZNSt8_Rb_treeI5StateSt4pairIKS0_S0_ESt10_Select1stIS3_ESt4lessIS0_ESaIS3_EE11_Alloc_nodeC2ERS9_
                0x0000000008000e2c       0x1e ./Core/Src/cppMain.o
                0x0000000008000e2c                std::_Rb_tree<State, std::pair<State const, State>, std::_Select1st<std::pair<State const, State> >, std::less<State>, std::allocator<std::pair<State const, State> > >::_Alloc_node::_Alloc_node(std::_Rb_tree<State, std::pair<State const, State>, std::_Select1st<std::pair<State const, State> >, std::less<State>, std::allocator<std::pair<State const, State> > >&)
                0x0000000008000e2c                std::_Rb_tree<State, std::pair<State const, State>, std::_Select1st<std::pair<State const, State> >, std::less<State>, std::allocator<std::pair<State const, State> > >::_Alloc_node::_Alloc_node(std::_Rb_tree<State, std::pair<State const, State>, std::_Select1st<std::pair<State const, State> >, std::less<State>, std::allocator<std::pair<State const, State> > >&)
 .text._ZNSt8_Rb_treeI5StateSt4pairIKS0_S0_ESt10_Select1stIS3_ESt4lessIS0_ESaIS3_EE3endEv
                0x0000000008000e4a       0x22 ./Core/Src/cppMain.o
                0x0000000008000e4a                std::_Rb_tree<State, std::pair<State const, State>, std::_Select1st<std::pair<State const, State> >, std::less<State>, std::allocator<std::pair<State const, State> > >::end()
 .text._ZNSt8_Rb_treeI5StateSt4pairIKS0_S0_ESt10_Select1stIS3_ESt4lessIS0_ESaIS3_EE17_M_insert_unique_IRKS3_NS9_11_Alloc_nodeEEESt17_Rb_tree_iteratorIS3_ESt23_Rb_tree_const_iteratorIS3_EOT_RT0_
                0x0000000008000e6c       0x66 ./Core/Src/cppMain.o
                0x0000000008000e6c                std::_Rb_tree_iterator<std::pair<State const, State> > std::_Rb_tree<State, std::pair<State const, State>, std::_Select1st<std::pair<State const, State> >, std::less<State>, std::allocator<std::pair<State const, State> > >::_M_insert_unique_<std::pair<State const, State> const&, std::_Rb_tree<State, std::pair<State const, State>, std::_Select1st<std::pair<State const, State> >, std::less<State>, std::allocator<std::pair<State const, State> > >::_Alloc_node>(std::_Rb_tree_const_iterator<std::pair<State const, State> >, std::pair<State const, State> const&, std::_Rb_tree<State, std::pair<State const, State>, std::_Select1st<std::pair<State const, State> >, std::less<State>, std::allocator<std::pair<State const, State> > >::_Alloc_node&)
 .text._ZNSt8_Rb_treeI5StateSt4pairIKS0_S0_ESt10_Select1stIS3_ESt4lessIS0_ESaIS3_EE8_S_rightEPSt18_Rb_tree_node_base
                0x0000000008000ed2       0x18 ./Core/Src/cppMain.o
                0x0000000008000ed2                std::_Rb_tree<State, std::pair<State const, State>, std::_Select1st<std::pair<State const, State> >, std::less<State>, std::allocator<std::pair<State const, State> > >::_S_right(std::_Rb_tree_node_base*)
 .text._ZNSt8_Rb_treeI5StateSt4pairIKS0_S0_ESt10_Select1stIS3_ESt4lessIS0_ESaIS3_EE7_S_leftEPSt18_Rb_tree_node_base
                0x0000000008000eea       0x18 ./Core/Src/cppMain.o
                0x0000000008000eea                std::_Rb_tree<State, std::pair<State const, State>, std::_Select1st<std::pair<State const, State> >, std::less<State>, std::allocator<std::pair<State const, State> > >::_S_left(std::_Rb_tree_node_base*)
 .text._ZNSt8_Rb_treeI5StateSt4pairIKS0_S0_ESt10_Select1stIS3_ESt4lessIS0_ESaIS3_EE12_M_drop_nodeEPSt13_Rb_tree_nodeIS3_E
                0x0000000008000f02       0x22 ./Core/Src/cppMain.o
                0x0000000008000f02                std::_Rb_tree<State, std::pair<State const, State>, std::_Select1st<std::pair<State const, State> >, std::less<State>, std::allocator<std::pair<State const, State> > >::_M_drop_node(std::_Rb_tree_node<std::pair<State const, State> >*)
 .text._ZNKSt8_Rb_treeI5StateSt4pairIKS0_S0_ESt10_Select1stIS3_ESt4lessIS0_ESaIS3_EE9_M_mbeginEv
                0x0000000008000f24       0x18 ./Core/Src/cppMain.o
                0x0000000008000f24                std::_Rb_tree<State, std::pair<State const, State>, std::_Select1st<std::pair<State const, State> >, std::less<State>, std::allocator<std::pair<State const, State> > >::_M_mbegin() const
 .text._ZNSt8_Rb_treeI5StateSt4pairIKS0_S0_ESt10_Select1stIS3_ESt4lessIS0_ESaIS3_EE11lower_boundERS2_
                0x0000000008000f3c       0x2e ./Core/Src/cppMain.o
                0x0000000008000f3c                std::_Rb_tree<State, std::pair<State const, State>, std::_Select1st<std::pair<State const, State> >, std::less<State>, std::allocator<std::pair<State const, State> > >::lower_bound(State const&)
 .text._ZNKSt8_Rb_treeI5StateSt4pairIKS0_S0_ESt10_Select1stIS3_ESt4lessIS0_ESaIS3_EE8key_compEv
                0x0000000008000f6a       0x16 ./Core/Src/cppMain.o
                0x0000000008000f6a                std::_Rb_tree<State, std::pair<State const, State>, std::_Select1st<std::pair<State const, State> >, std::less<State>, std::allocator<std::pair<State const, State> > >::key_comp() const
 .text._ZNSt13_Rb_tree_nodeISt4pairIK5StateS1_EE9_M_valptrEv
                0x0000000008000f80       0x1c ./Core/Src/cppMain.o
                0x0000000008000f80                std::_Rb_tree_node<std::pair<State const, State> >::_M_valptr()
 .text._ZNSt11_Tuple_implILj0EJRK5StateEEC2ES2_
                0x0000000008000f9c       0x1e ./Core/Src/cppMain.o
                0x0000000008000f9c                std::_Tuple_impl<0u, State const&>::_Tuple_impl(State const&)
                0x0000000008000f9c                std::_Tuple_impl<0u, State const&>::_Tuple_impl(State const&)
 .text._ZSt7forwardIRKSt21piecewise_construct_tEOT_RNSt16remove_referenceIS3_E4typeE
                0x0000000008000fba       0x16 ./Core/Src/cppMain.o
                0x0000000008000fba                std::piecewise_construct_t const& std::forward<std::piecewise_construct_t const&>(std::remove_reference<std::piecewise_construct_t const&>::type&)
 .text._ZSt7forwardISt5tupleIJRK5StateEEEOT_RNSt16remove_referenceIS5_E4typeE
                0x0000000008000fd0       0x16 ./Core/Src/cppMain.o
                0x0000000008000fd0                std::tuple<State const&>&& std::forward<std::tuple<State const&> >(std::remove_reference<std::tuple<State const&> >::type&)
 .text._ZSt7forwardISt5tupleIJEEEOT_RNSt16remove_referenceIS2_E4typeE
                0x0000000008000fe6       0x16 ./Core/Src/cppMain.o
                0x0000000008000fe6                std::tuple<>&& std::forward<std::tuple<> >(std::remove_reference<std::tuple<> >::type&)
 .text._ZNSt8_Rb_treeI5StateSt4pairIKS0_S0_ESt10_Select1stIS3_ESt4lessIS0_ESaIS3_EE14_M_create_nodeIJRKSt21piecewise_construct_tSt5tupleIJRS2_EESE_IJEEEEEPSt13_Rb_tree_nodeIS3_EDpOT_
                0x0000000008000ffc       0x46 ./Core/Src/cppMain.o
                0x0000000008000ffc                std::_Rb_tree_node<std::pair<State const, State> >* std::_Rb_tree<State, std::pair<State const, State>, std::_Select1st<std::pair<State const, State> >, std::less<State>, std::allocator<std::pair<State const, State> > >::_M_create_node<std::piecewise_construct_t const&, std::tuple<State const&>, std::tuple<> >(std::piecewise_construct_t const&, std::tuple<State const&>&&, std::tuple<>&&)
 .text._ZNSt8_Rb_treeI5StateSt4pairIKS0_S0_ESt10_Select1stIS3_ESt4lessIS0_ESaIS3_EE29_M_get_insert_hint_unique_posESt23_Rb_tree_const_iteratorIS3_ERS2_
                0x0000000008001042      0x246 ./Core/Src/cppMain.o
                0x0000000008001042                std::_Rb_tree<State, std::pair<State const, State>, std::_Select1st<std::pair<State const, State> >, std::less<State>, std::allocator<std::pair<State const, State> > >::_M_get_insert_hint_unique_pos(std::_Rb_tree_const_iterator<std::pair<State const, State> >, State const&)
 .text._ZNSt8_Rb_treeI5StateSt4pairIKS0_S0_ESt10_Select1stIS3_ESt4lessIS0_ESaIS3_EE6_S_keyEPKSt13_Rb_tree_nodeIS3_E
                0x0000000008001288       0x26 ./Core/Src/cppMain.o
                0x0000000008001288                std::_Rb_tree<State, std::pair<State const, State>, std::_Select1st<std::pair<State const, State> >, std::less<State>, std::allocator<std::pair<State const, State> > >::_S_key(std::_Rb_tree_node<std::pair<State const, State> > const*)
 .text._ZNSt8_Rb_treeI5StateSt4pairIKS0_S0_ESt10_Select1stIS3_ESt4lessIS0_ESaIS3_EE14_M_insert_nodeEPSt18_Rb_tree_node_baseSB_PSt13_Rb_tree_nodeIS3_E
                0x00000000080012ae       0x7a ./Core/Src/cppMain.o
                0x00000000080012ae                std::_Rb_tree<State, std::pair<State const, State>, std::_Select1st<std::pair<State const, State> >, std::less<State>, std::allocator<std::pair<State const, State> > >::_M_insert_node(std::_Rb_tree_node_base*, std::_Rb_tree_node_base*, std::_Rb_tree_node<std::pair<State const, State> >*)
 .text._ZNSt17_Rb_tree_iteratorISt4pairIK5StateS1_EEC2EPSt18_Rb_tree_node_base
                0x0000000008001328       0x1e ./Core/Src/cppMain.o
                0x0000000008001328                std::_Rb_tree_iterator<std::pair<State const, State> >::_Rb_tree_iterator(std::_Rb_tree_node_base*)
                0x0000000008001328                std::_Rb_tree_iterator<std::pair<State const, State> >::_Rb_tree_iterator(std::_Rb_tree_node_base*)
 .text._ZN9__gnu_cxx13new_allocatorISt13_Rb_tree_nodeISt4pairIK5StateS3_EEEC2Ev
                0x0000000008001346       0x16 ./Core/Src/cppMain.o
                0x0000000008001346                __gnu_cxx::new_allocator<std::_Rb_tree_node<std::pair<State const, State> > >::new_allocator()
                0x0000000008001346                __gnu_cxx::new_allocator<std::_Rb_tree_node<std::pair<State const, State> > >::new_allocator()
 .text._ZSt4moveIRSaISt13_Rb_tree_nodeISt4pairIK5StateS2_EEEEONSt16remove_referenceIT_E4typeEOS9_
                0x000000000800135c       0x16 ./Core/Src/cppMain.o
                0x000000000800135c                std::remove_reference<std::allocator<std::_Rb_tree_node<std::pair<State const, State> > >&>::type&& std::move<std::allocator<std::_Rb_tree_node<std::pair<State const, State> > >&>(std::allocator<std::_Rb_tree_node<std::pair<State const, State> > >&)
 .text._ZNSaISt13_Rb_tree_nodeISt4pairIK5StateS1_EEEC2ERKS5_
                0x0000000008001372       0x1c ./Core/Src/cppMain.o
                0x0000000008001372                std::allocator<std::_Rb_tree_node<std::pair<State const, State> > >::allocator(std::allocator<std::_Rb_tree_node<std::pair<State const, State> > > const&)
                0x0000000008001372                std::allocator<std::_Rb_tree_node<std::pair<State const, State> > >::allocator(std::allocator<std::_Rb_tree_node<std::pair<State const, State> > > const&)
 .text._ZNSt20_Rb_tree_key_compareISt4lessI5StateEEC2ERKS2_
                0x000000000800138e       0x18 ./Core/Src/cppMain.o
                0x000000000800138e                std::_Rb_tree_key_compare<std::less<State> >::_Rb_tree_key_compare(std::less<State> const&)
                0x000000000800138e                std::_Rb_tree_key_compare<std::less<State> >::_Rb_tree_key_compare(std::less<State> const&)
 .text._ZNKSt10_Select1stISt4pairIK5StateS1_EEclERKS3_
                0x00000000080013a6       0x18 ./Core/Src/cppMain.o
                0x00000000080013a6                std::_Select1st<std::pair<State const, State> >::operator()(std::pair<State const, State> const&) const
 .text._ZSt7forwardIRKSt4pairIK5StateS1_EEOT_RNSt16remove_referenceIS6_E4typeE
                0x00000000080013be       0x16 ./Core/Src/cppMain.o
                0x00000000080013be                std::pair<State const, State> const& std::forward<std::pair<State const, State> const&>(std::remove_reference<std::pair<State const, State> const&>::type&)
 .text._ZNSt8_Rb_treeI5StateSt4pairIKS0_S0_ESt10_Select1stIS3_ESt4lessIS0_ESaIS3_EE10_M_insert_IRKS3_NS9_11_Alloc_nodeEEESt17_Rb_tree_iteratorIS3_EPSt18_Rb_tree_node_baseSH_OT_RT0_
                0x00000000080013d4       0x92 ./Core/Src/cppMain.o
                0x00000000080013d4                std::_Rb_tree_iterator<std::pair<State const, State> > std::_Rb_tree<State, std::pair<State const, State>, std::_Select1st<std::pair<State const, State> >, std::less<State>, std::allocator<std::pair<State const, State> > >::_M_insert_<std::pair<State const, State> const&, std::_Rb_tree<State, std::pair<State const, State>, std::_Select1st<std::pair<State const, State> >, std::less<State>, std::allocator<std::pair<State const, State> > >::_Alloc_node>(std::_Rb_tree_node_base*, std::_Rb_tree_node_base*, std::pair<State const, State> const&, std::_Rb_tree<State, std::pair<State const, State>, std::_Select1st<std::pair<State const, State> >, std::less<State>, std::allocator<std::pair<State const, State> > >::_Alloc_node&)
 .text._ZNSt8_Rb_treeI5StateSt4pairIKS0_S0_ESt10_Select1stIS3_ESt4lessIS0_ESaIS3_EE15_M_destroy_nodeEPSt13_Rb_tree_nodeIS3_E
                0x0000000008001466       0x2a ./Core/Src/cppMain.o
                0x0000000008001466                std::_Rb_tree<State, std::pair<State const, State>, std::_Select1st<std::pair<State const, State> >, std::less<State>, std::allocator<std::pair<State const, State> > >::_M_destroy_node(std::_Rb_tree_node<std::pair<State const, State> >*)
 .text._ZNSt8_Rb_treeI5StateSt4pairIKS0_S0_ESt10_Select1stIS3_ESt4lessIS0_ESaIS3_EE11_M_put_nodeEPSt13_Rb_tree_nodeIS3_E
                0x0000000008001490       0x24 ./Core/Src/cppMain.o
                0x0000000008001490                std::_Rb_tree<State, std::pair<State const, State>, std::_Select1st<std::pair<State const, State> >, std::less<State>, std::allocator<std::pair<State const, State> > >::_M_put_node(std::_Rb_tree_node<std::pair<State const, State> >*)
 .text._ZNSt8_Rb_treeI5StateSt4pairIKS0_S0_ESt10_Select1stIS3_ESt4lessIS0_ESaIS3_EE6_M_endEv
                0x00000000080014b4       0x18 ./Core/Src/cppMain.o
                0x00000000080014b4                std::_Rb_tree<State, std::pair<State const, State>, std::_Select1st<std::pair<State const, State> >, std::less<State>, std::allocator<std::pair<State const, State> > >::_M_end()
 .text._ZNSt8_Rb_treeI5StateSt4pairIKS0_S0_ESt10_Select1stIS3_ESt4lessIS0_ESaIS3_EE14_M_lower_boundEPSt13_Rb_tree_nodeIS3_EPSt18_Rb_tree_node_baseRS2_
                0x00000000080014cc       0x62 ./Core/Src/cppMain.o
                0x00000000080014cc                std::_Rb_tree<State, std::pair<State const, State>, std::_Select1st<std::pair<State const, State> >, std::less<State>, std::allocator<std::pair<State const, State> > >::_M_lower_bound(std::_Rb_tree_node<std::pair<State const, State> >*, std::_Rb_tree_node_base*, State const&)
 .text._ZN9__gnu_cxx16__aligned_membufISt4pairIK5StateS2_EE6_M_ptrEv
                0x000000000800152e       0x18 ./Core/Src/cppMain.o
                0x000000000800152e                __gnu_cxx::__aligned_membuf<std::pair<State const, State> >::_M_ptr()
 .text._ZNSt10_Head_baseILj0ERK5StateLb0EEC2ES2_
                0x0000000008001546       0x1e ./Core/Src/cppMain.o
                0x0000000008001546                std::_Head_base<0u, State const&, false>::_Head_base(State const&)
                0x0000000008001546                std::_Head_base<0u, State const&, false>::_Head_base(State const&)
 .text._ZNSt8_Rb_treeI5StateSt4pairIKS0_S0_ESt10_Select1stIS3_ESt4lessIS0_ESaIS3_EE11_M_get_nodeEv
                0x0000000008001564       0x22 ./Core/Src/cppMain.o
                0x0000000008001564                std::_Rb_tree<State, std::pair<State const, State>, std::_Select1st<std::pair<State const, State> >, std::less<State>, std::allocator<std::pair<State const, State> > >::_M_get_node()
 .text._ZNSt8_Rb_treeI5StateSt4pairIKS0_S0_ESt10_Select1stIS3_ESt4lessIS0_ESaIS3_EE17_M_construct_nodeIJRKSt21piecewise_construct_tSt5tupleIJRS2_EESE_IJEEEEEvPSt13_Rb_tree_nodeIS3_EDpOT_
                0x0000000008001586       0x5a ./Core/Src/cppMain.o
                0x0000000008001586                void std::_Rb_tree<State, std::pair<State const, State>, std::_Select1st<std::pair<State const, State> >, std::less<State>, std::allocator<std::pair<State const, State> > >::_M_construct_node<std::piecewise_construct_t const&, std::tuple<State const&>, std::tuple<> >(std::_Rb_tree_node<std::pair<State const, State> >*, std::piecewise_construct_t const&, std::tuple<State const&>&&, std::tuple<>&&)
 .text._ZNKSt23_Rb_tree_const_iteratorISt4pairIK5StateS1_EE13_M_const_castEv
                0x00000000080015e0       0x22 ./Core/Src/cppMain.o
                0x00000000080015e0                std::_Rb_tree_const_iterator<std::pair<State const, State> >::_M_const_cast() const
 .text._ZNKSt8_Rb_treeI5StateSt4pairIKS0_S0_ESt10_Select1stIS3_ESt4lessIS0_ESaIS3_EE4sizeEv
                0x0000000008001602       0x18 ./Core/Src/cppMain.o
                0x0000000008001602                std::_Rb_tree<State, std::pair<State const, State>, std::_Select1st<std::pair<State const, State> >, std::less<State>, std::allocator<std::pair<State const, State> > >::size() const
 .text._ZNSt8_Rb_treeI5StateSt4pairIKS0_S0_ESt10_Select1stIS3_ESt4lessIS0_ESaIS3_EE12_M_rightmostEv
                0x000000000800161a       0x18 ./Core/Src/cppMain.o
                0x000000000800161a                std::_Rb_tree<State, std::pair<State const, State>, std::_Select1st<std::pair<State const, State> >, std::less<State>, std::allocator<std::pair<State const, State> > >::_M_rightmost()
 .text._ZNSt8_Rb_treeI5StateSt4pairIKS0_S0_ESt10_Select1stIS3_ESt4lessIS0_ESaIS3_EE6_S_keyEPKSt18_Rb_tree_node_base
                0x0000000008001632       0x18 ./Core/Src/cppMain.o
                0x0000000008001632                std::_Rb_tree<State, std::pair<State const, State>, std::_Select1st<std::pair<State const, State> >, std::less<State>, std::allocator<std::pair<State const, State> > >::_S_key(std::_Rb_tree_node_base const*)
 .text._ZNSt4pairIPSt18_Rb_tree_node_baseS1_EC2IRS1_Lb1EEERKS1_OT_
                0x000000000800164a       0x2c ./Core/Src/cppMain.o
                0x000000000800164a                std::pair<std::_Rb_tree_node_base*, std::_Rb_tree_node_base*>::pair<std::_Rb_tree_node_base*&, true>(std::_Rb_tree_node_base* const&, std::_Rb_tree_node_base*&)
                0x000000000800164a                std::pair<std::_Rb_tree_node_base*, std::_Rb_tree_node_base*>::pair<std::_Rb_tree_node_base*&, true>(std::_Rb_tree_node_base* const&, std::_Rb_tree_node_base*&)
 .text._ZNSt8_Rb_treeI5StateSt4pairIKS0_S0_ESt10_Select1stIS3_ESt4lessIS0_ESaIS3_EE24_M_get_insert_unique_posERS2_
                0x0000000008001676      0x10a ./Core/Src/cppMain.o
                0x0000000008001676                std::_Rb_tree<State, std::pair<State const, State>, std::_Select1st<std::pair<State const, State> >, std::less<State>, std::allocator<std::pair<State const, State> > >::_M_get_insert_unique_pos(State const&)
 .text._ZNSt8_Rb_treeI5StateSt4pairIKS0_S0_ESt10_Select1stIS3_ESt4lessIS0_ESaIS3_EE11_M_leftmostEv
                0x0000000008001780       0x18 ./Core/Src/cppMain.o
                0x0000000008001780                std::_Rb_tree<State, std::pair<State const, State>, std::_Select1st<std::pair<State const, State> >, std::less<State>, std::allocator<std::pair<State const, State> > >::_M_leftmost()
 .text._ZNSt4pairIPSt18_Rb_tree_node_baseS1_EC2IRS1_S4_Lb1EEEOT_OT0_
                0x0000000008001798       0x32 ./Core/Src/cppMain.o
                0x0000000008001798                std::pair<std::_Rb_tree_node_base*, std::_Rb_tree_node_base*>::pair<std::_Rb_tree_node_base*&, std::_Rb_tree_node_base*&, true>(std::_Rb_tree_node_base*&, std::_Rb_tree_node_base*&)
                0x0000000008001798                std::pair<std::_Rb_tree_node_base*, std::_Rb_tree_node_base*>::pair<std::_Rb_tree_node_base*&, std::_Rb_tree_node_base*&, true>(std::_Rb_tree_node_base*&, std::_Rb_tree_node_base*&)
 .text._ZNSt17_Rb_tree_iteratorISt4pairIK5StateS1_EEmmEv
                0x00000000080017ca       0x22 ./Core/Src/cppMain.o
                0x00000000080017ca                std::_Rb_tree_iterator<std::pair<State const, State> >::operator--()
 .text._ZNSt17_Rb_tree_iteratorISt4pairIK5StateS1_EEppEv
                0x00000000080017ec       0x22 ./Core/Src/cppMain.o
                0x00000000080017ec                std::_Rb_tree_iterator<std::pair<State const, State> >::operator++()
 .text._ZNSt4pairIPSt18_Rb_tree_node_baseS1_EC2IRS1_Lb1EEEOT_RKS1_
                0x000000000800180e       0x2c ./Core/Src/cppMain.o
                0x000000000800180e                std::pair<std::_Rb_tree_node_base*, std::_Rb_tree_node_base*>::pair<std::_Rb_tree_node_base*&, true>(std::_Rb_tree_node_base*&, std::_Rb_tree_node_base* const&)
                0x000000000800180e                std::pair<std::_Rb_tree_node_base*, std::_Rb_tree_node_base*>::pair<std::_Rb_tree_node_base*&, true>(std::_Rb_tree_node_base*&, std::_Rb_tree_node_base* const&)
 .text._ZNKSt13_Rb_tree_nodeISt4pairIK5StateS1_EE9_M_valptrEv
                0x000000000800183a       0x1c ./Core/Src/cppMain.o
                0x000000000800183a                std::_Rb_tree_node<std::pair<State const, State> >::_M_valptr() const
 .text._ZN9__gnu_cxx13new_allocatorISt13_Rb_tree_nodeISt4pairIK5StateS3_EEEC2ERKS7_
                0x0000000008001856       0x18 ./Core/Src/cppMain.o
                0x0000000008001856                __gnu_cxx::new_allocator<std::_Rb_tree_node<std::pair<State const, State> > >::new_allocator(__gnu_cxx::new_allocator<std::_Rb_tree_node<std::pair<State const, State> > > const&)
                0x0000000008001856                __gnu_cxx::new_allocator<std::_Rb_tree_node<std::pair<State const, State> > >::new_allocator(__gnu_cxx::new_allocator<std::_Rb_tree_node<std::pair<State const, State> > > const&)
 .text._ZNKSt8_Rb_treeI5StateSt4pairIKS0_S0_ESt10_Select1stIS3_ESt4lessIS0_ESaIS3_EE11_Alloc_nodeclIRKS3_EEPSt13_Rb_tree_nodeIS3_EOT_
                0x000000000800186e       0x28 ./Core/Src/cppMain.o
                0x000000000800186e                std::_Rb_tree_node<std::pair<State const, State> >* std::_Rb_tree<State, std::pair<State const, State>, std::_Select1st<std::pair<State const, State> >, std::less<State>, std::allocator<std::pair<State const, State> > >::_Alloc_node::operator()<std::pair<State const, State> const&>(std::pair<State const, State> const&) const
 .text._ZNSt8_Rb_treeI5StateSt4pairIKS0_S0_ESt10_Select1stIS3_ESt4lessIS0_ESaIS3_EE21_M_get_Node_allocatorEv
                0x0000000008001896       0x16 ./Core/Src/cppMain.o
                0x0000000008001896                std::_Rb_tree<State, std::pair<State const, State>, std::_Select1st<std::pair<State const, State> >, std::less<State>, std::allocator<std::pair<State const, State> > >::_M_get_Node_allocator()
 .text._ZNSt16allocator_traitsISaISt13_Rb_tree_nodeISt4pairIK5StateS2_EEEE7destroyIS4_EEvRS6_PT_
                0x00000000080018ac       0x18 ./Core/Src/cppMain.o
                0x00000000080018ac                void std::allocator_traits<std::allocator<std::_Rb_tree_node<std::pair<State const, State> > > >::destroy<std::pair<State const, State> >(std::allocator<std::_Rb_tree_node<std::pair<State const, State> > >&, std::pair<State const, State>*)
 .text._ZNSt16allocator_traitsISaISt13_Rb_tree_nodeISt4pairIK5StateS2_EEEE10deallocateERS6_PS5_j
                0x00000000080018c4       0x3e ./Core/Src/cppMain.o
                0x00000000080018c4                std::allocator_traits<std::allocator<std::_Rb_tree_node<std::pair<State const, State> > > >::deallocate(std::allocator<std::_Rb_tree_node<std::pair<State const, State> > >&, std::_Rb_tree_node<std::pair<State const, State> >*, unsigned int)
 .text._ZN9__gnu_cxx16__aligned_membufISt4pairIK5StateS2_EE7_M_addrEv
                0x0000000008001902       0x16 ./Core/Src/cppMain.o
                0x0000000008001902                __gnu_cxx::__aligned_membuf<std::pair<State const, State> >::_M_addr()
 .text._ZNSt16allocator_traitsISaISt13_Rb_tree_nodeISt4pairIK5StateS2_EEEE8allocateERS6_j
                0x0000000008001918       0x46 ./Core/Src/cppMain.o
                0x0000000008001918                std::allocator_traits<std::allocator<std::_Rb_tree_node<std::pair<State const, State> > > >::allocate(std::allocator<std::_Rb_tree_node<std::pair<State const, State> > >&, unsigned int)
 .text._ZNSt5tupleIJRK5StateEEC2EOS3_
                0x000000000800195e       0x20 ./Core/Src/cppMain.o
                0x000000000800195e                std::tuple<State const&>::tuple(std::tuple<State const&>&&)
                0x000000000800195e                std::tuple<State const&>::tuple(std::tuple<State const&>&&)
 .text._ZSt12construct_atISt4pairIK5StateS1_EJRKSt21piecewise_construct_tSt5tupleIJRS2_EES7_IJEEEEDTgsnwcvPvLi0E_T_pispcl7declvalIT0_EEEEPSC_DpOSD_
                0x000000000800197e       0x54 ./Core/Src/cppMain.o
                0x000000000800197e                decltype (::new ((void*)(0)) std::pair<State const, State>((declval<std::piecewise_construct_t const&>)(), (declval<std::tuple<State const&> >)(), (declval<std::tuple<> >)())) std::construct_at<std::pair<State const, State>, std::piecewise_construct_t const&, std::tuple<State const&>, std::tuple<> >(std::pair<State const, State>*, std::piecewise_construct_t const&, std::tuple<State const&>&&, std::tuple<>&&)
 .text._ZNSt16allocator_traitsISaISt13_Rb_tree_nodeISt4pairIK5StateS2_EEEE9constructIS4_JRKSt21piecewise_construct_tSt5tupleIJRS3_EESC_IJEEEEEvRS6_PT_DpOT0_
                0x00000000080019d2       0x38 ./Core/Src/cppMain.o
                0x00000000080019d2                void std::allocator_traits<std::allocator<std::_Rb_tree_node<std::pair<State const, State> > > >::construct<std::pair<State const, State>, std::piecewise_construct_t const&, std::tuple<State const&>, std::tuple<> >(std::allocator<std::_Rb_tree_node<std::pair<State const, State> > >&, std::pair<State const, State>*, std::piecewise_construct_t const&, std::tuple<State const&>&&, std::tuple<>&&)
 .text._ZSt7forwardIRPSt18_Rb_tree_node_baseEOT_RNSt16remove_referenceIS3_E4typeE
                0x0000000008001a0a       0x16 ./Core/Src/cppMain.o
                0x0000000008001a0a                std::_Rb_tree_node_base*& std::forward<std::_Rb_tree_node_base*&>(std::remove_reference<std::_Rb_tree_node_base*&>::type&)
 .text._ZNSt8_Rb_treeI5StateSt4pairIKS0_S0_ESt10_Select1stIS3_ESt4lessIS0_ESaIS3_EE5beginEv
                0x0000000008001a20       0x22 ./Core/Src/cppMain.o
                0x0000000008001a20                std::_Rb_tree<State, std::pair<State const, State>, std::_Select1st<std::pair<State const, State> >, std::less<State>, std::allocator<std::pair<State const, State> > >::begin()
 .text._ZNSt4pairIPSt18_Rb_tree_node_baseS1_EC2IRPSt13_Rb_tree_nodeIS_IK5StateS5_EERS1_Lb1EEEOT_OT0_
                0x0000000008001a42       0x32 ./Core/Src/cppMain.o
                0x0000000008001a42                std::pair<std::_Rb_tree_node_base*, std::_Rb_tree_node_base*>::pair<std::_Rb_tree_node<std::pair<State const, State> >*&, std::_Rb_tree_node_base*&, true>(std::_Rb_tree_node<std::pair<State const, State> >*&, std::_Rb_tree_node_base*&)
                0x0000000008001a42                std::pair<std::_Rb_tree_node_base*, std::_Rb_tree_node_base*>::pair<std::_Rb_tree_node<std::pair<State const, State> >*&, std::_Rb_tree_node_base*&, true>(std::_Rb_tree_node<std::pair<State const, State> >*&, std::_Rb_tree_node_base*&)
 .text._ZNK9__gnu_cxx16__aligned_membufISt4pairIK5StateS2_EE6_M_ptrEv
                0x0000000008001a74       0x18 ./Core/Src/cppMain.o
                0x0000000008001a74                __gnu_cxx::__aligned_membuf<std::pair<State const, State> >::_M_ptr() const
 .text._ZNSt8_Rb_treeI5StateSt4pairIKS0_S0_ESt10_Select1stIS3_ESt4lessIS0_ESaIS3_EE14_M_create_nodeIJRKS3_EEEPSt13_Rb_tree_nodeIS3_EDpOT_
                0x0000000008001a8c       0x2e ./Core/Src/cppMain.o
                0x0000000008001a8c                std::_Rb_tree_node<std::pair<State const, State> >* std::_Rb_tree<State, std::pair<State const, State>, std::_Select1st<std::pair<State const, State> >, std::less<State>, std::allocator<std::pair<State const, State> > >::_M_create_node<std::pair<State const, State> const&>(std::pair<State const, State> const&)
 .text._ZSt10destroy_atISt4pairIK5StateS1_EEvPT_
                0x0000000008001aba       0x14 ./Core/Src/cppMain.o
                0x0000000008001aba                void std::destroy_at<std::pair<State const, State> >(std::pair<State const, State>*)
 .text._ZNSt11_Tuple_implILj0EJRK5StateEEC2EOS3_
                0x0000000008001ace       0x20 ./Core/Src/cppMain.o
                0x0000000008001ace                std::_Tuple_impl<0u, State const&>::_Tuple_impl(std::_Tuple_impl<0u, State const&>&&)
                0x0000000008001ace                std::_Tuple_impl<0u, State const&>::_Tuple_impl(std::_Tuple_impl<0u, State const&>&&)
 .text._ZNSt4pairIK5StateS0_EC2IJRS1_EJLj0EEJEJEEERSt5tupleIJDpT_EERS5_IJDpT1_EESt12_Index_tupleIJXspT0_EEESE_IJXspT2_EEE
                0x0000000008001aee       0x34 ./Core/Src/cppMain.o
                0x0000000008001aee                std::pair<State const, State>::pair<State const&, 0u>(std::tuple<State const&>&, std::tuple<>&, std::_Index_tuple<0u>, std::_Index_tuple<>)
                0x0000000008001aee                std::pair<State const, State>::pair<State const&, 0u>(std::tuple<State const&>&, std::tuple<>&, std::_Index_tuple<0u>, std::_Index_tuple<>)
 .text._ZNSt4pairIK5StateS0_EC2IJRS1_EJEEESt21piecewise_construct_tSt5tupleIJDpT_EES6_IJDpT0_EE
                0x0000000008001b22       0x28 ./Core/Src/cppMain.o
                0x0000000008001b22                std::pair<State const, State>::pair<State const&>(std::piecewise_construct_t, std::tuple<State const&>, std::tuple<>)
                0x0000000008001b22                std::pair<State const, State>::pair<State const&>(std::piecewise_construct_t, std::tuple<State const&>, std::tuple<>)
 .text._ZSt7forwardIRPSt13_Rb_tree_nodeISt4pairIK5StateS2_EEEOT_RNSt16remove_referenceIS8_E4typeE
                0x0000000008001b4a       0x16 ./Core/Src/cppMain.o
                0x0000000008001b4a                std::_Rb_tree_node<std::pair<State const, State> >*& std::forward<std::_Rb_tree_node<std::pair<State const, State> >*&>(std::remove_reference<std::_Rb_tree_node<std::pair<State const, State> >*&>::type&)
 .text._ZNK9__gnu_cxx16__aligned_membufISt4pairIK5StateS2_EE7_M_addrEv
                0x0000000008001b60       0x16 ./Core/Src/cppMain.o
                0x0000000008001b60                __gnu_cxx::__aligned_membuf<std::pair<State const, State> >::_M_addr() const
 .text._ZNSt8_Rb_treeI5StateSt4pairIKS0_S0_ESt10_Select1stIS3_ESt4lessIS0_ESaIS3_EE17_M_construct_nodeIJRKS3_EEEvPSt13_Rb_tree_nodeIS3_EDpOT_
                0x0000000008001b76       0x40 ./Core/Src/cppMain.o
                0x0000000008001b76                void std::_Rb_tree<State, std::pair<State const, State>, std::_Select1st<std::pair<State const, State> >, std::less<State>, std::allocator<std::pair<State const, State> > >::_M_construct_node<std::pair<State const, State> const&>(std::_Rb_tree_node<std::pair<State const, State> >*, std::pair<State const, State> const&)
 .text._ZN9__gnu_cxx13new_allocatorISt13_Rb_tree_nodeISt4pairIK5StateS3_EEE10deallocateEPS6_j
                0x0000000008001bb6       0x24 ./Core/Src/cppMain.o
                0x0000000008001bb6                __gnu_cxx::new_allocator<std::_Rb_tree_node<std::pair<State const, State> > >::deallocate(std::_Rb_tree_node<std::pair<State const, State> >*, unsigned int)
 *fill*         0x0000000008001bda        0x2 
 .text._ZNK9__gnu_cxx13new_allocatorISt13_Rb_tree_nodeISt4pairIK5StateS3_EEE11_M_max_sizeEv
                0x0000000008001bdc       0x1c ./Core/Src/cppMain.o
                0x0000000008001bdc                __gnu_cxx::new_allocator<std::_Rb_tree_node<std::pair<State const, State> > >::_M_max_size() const
 .text._ZN9__gnu_cxx13new_allocatorISt13_Rb_tree_nodeISt4pairIK5StateS3_EEE8allocateEjPKv
                0x0000000008001bf8       0x60 ./Core/Src/cppMain.o
                0x0000000008001bf8                __gnu_cxx::new_allocator<std::_Rb_tree_node<std::pair<State const, State> > >::allocate(unsigned int, void const*)
 .text._ZSt3getILj0EJRK5StateEERNSt13tuple_elementIXT_ESt5tupleIJDpT0_EEE4typeERS7_
                0x0000000008001c58       0x1a ./Core/Src/cppMain.o
                0x0000000008001c58                std::tuple_element<0u, std::tuple<State const&> >::type& std::get<0u, State const&>(std::tuple<State const&>&)
 .text._ZSt7forwardIRK5StateEOT_RNSt16remove_referenceIS3_E4typeE
                0x0000000008001c72       0x16 ./Core/Src/cppMain.o
                0x0000000008001c72                State const& std::forward<State const&>(std::remove_reference<State const&>::type&)
 .text._ZSt12construct_atISt4pairIK5StateS1_EJRKS3_EEDTgsnwcvPvLi0E_T_pispcl7declvalIT0_EEEEPS7_DpOS8_
                0x0000000008001c88       0x34 ./Core/Src/cppMain.o
                0x0000000008001c88                decltype (::new ((void*)(0)) std::pair<State const, State>((declval<std::pair<State const, State> const&>)())) std::construct_at<std::pair<State const, State>, std::pair<State const, State> const&>(std::pair<State const, State>*, std::pair<State const, State> const&)
 .text._ZNSt16allocator_traitsISaISt13_Rb_tree_nodeISt4pairIK5StateS2_EEEE9constructIS4_JRKS4_EEEvRS6_PT_DpOT0_
                0x0000000008001cbc       0x24 ./Core/Src/cppMain.o
                0x0000000008001cbc                void std::allocator_traits<std::allocator<std::_Rb_tree_node<std::pair<State const, State> > > >::construct<std::pair<State const, State>, std::pair<State const, State> const&>(std::allocator<std::_Rb_tree_node<std::pair<State const, State> > >&, std::pair<State const, State>*, std::pair<State const, State> const&)
 .text._ZSt12__get_helperILj0ERK5StateJEERT0_RSt11_Tuple_implIXT_EJS3_DpT1_EE
                0x0000000008001ce0       0x18 ./Core/Src/cppMain.o
                0x0000000008001ce0                State const& std::__get_helper<0u, State const&>(std::_Tuple_impl<0u, State const&>&)
 .text._ZNSt11_Tuple_implILj0EJRK5StateEE7_M_headERS3_
                0x0000000008001cf8       0x1a ./Core/Src/cppMain.o
                0x0000000008001cf8                std::_Tuple_impl<0u, State const&>::_M_head(std::_Tuple_impl<0u, State const&>&)
 .text._ZNSt10_Head_baseILj0ERK5StateLb0EE7_M_headERS3_
                0x0000000008001d12       0x18 ./Core/Src/cppMain.o
                0x0000000008001d12                std::_Head_base<0u, State const&, false>::_M_head(std::_Head_base<0u, State const&, false>&)
 *fill*         0x0000000008001d2a        0x2 
 .text.main     0x0000000008001d2c       0xa4 ./Core/Src/main.o
                0x0000000008001d2c                main
 .text.SystemClock_Config
                0x0000000008001dd0      0x110 ./Core/Src/main.o
                0x0000000008001dd0                SystemClock_Config
 .text.MX_ETH_Init
                0x0000000008001ee0       0x98 ./Core/Src/main.o
 .text.MX_USART3_UART_Init
                0x0000000008001f78       0x98 ./Core/Src/main.o
 .text.MX_USB_OTG_FS_PCD_Init
                0x0000000008002010       0x64 ./Core/Src/main.o
 .text.MX_GPIO_Init
                0x0000000008002074      0x104 ./Core/Src/main.o
 .text.Error_Handler
                0x0000000008002178        0xa ./Core/Src/main.o
                0x0000000008002178                Error_Handler
 *fill*         0x0000000008002182        0x2 
 .text.HAL_MspInit
                0x0000000008002184       0x34 ./Core/Src/stm32h7xx_hal_msp.o
                0x0000000008002184                HAL_MspInit
 .text.HAL_ETH_MspInit
                0x00000000080021b8      0x19c ./Core/Src/stm32h7xx_hal_msp.o
                0x00000000080021b8                HAL_ETH_MspInit
 .text.HAL_UART_MspInit
                0x0000000008002354       0xd4 ./Core/Src/stm32h7xx_hal_msp.o
                0x0000000008002354                HAL_UART_MspInit
 .text.HAL_PCD_MspInit
                0x0000000008002428      0x118 ./Core/Src/stm32h7xx_hal_msp.o
                0x0000000008002428                HAL_PCD_MspInit
 .text.NMI_Handler
                0x0000000008002540        0x6 ./Core/Src/stm32h7xx_it.o
                0x0000000008002540                NMI_Handler
 .text.HardFault_Handler
                0x0000000008002546        0x6 ./Core/Src/stm32h7xx_it.o
                0x0000000008002546                HardFault_Handler
 .text.MemManage_Handler
                0x000000000800254c        0x6 ./Core/Src/stm32h7xx_it.o
                0x000000000800254c                MemManage_Handler
 .text.BusFault_Handler
                0x0000000008002552        0x6 ./Core/Src/stm32h7xx_it.o
                0x0000000008002552                BusFault_Handler
 .text.UsageFault_Handler
                0x0000000008002558        0x6 ./Core/Src/stm32h7xx_it.o
                0x0000000008002558                UsageFault_Handler
 .text.SVC_Handler
                0x000000000800255e        0xe ./Core/Src/stm32h7xx_it.o
                0x000000000800255e                SVC_Handler
 .text.DebugMon_Handler
                0x000000000800256c        0xe ./Core/Src/stm32h7xx_it.o
                0x000000000800256c                DebugMon_Handler
 .text.PendSV_Handler
                0x000000000800257a        0xe ./Core/Src/stm32h7xx_it.o
                0x000000000800257a                PendSV_Handler
 .text.SysTick_Handler
                0x0000000008002588        0xc ./Core/Src/stm32h7xx_it.o
                0x0000000008002588                SysTick_Handler
 .text._getpid  0x0000000008002594       0x10 ./Core/Src/syscalls.o
                0x0000000008002594                _getpid
 .text._kill    0x00000000080025a4       0x20 ./Core/Src/syscalls.o
                0x00000000080025a4                _kill
 .text._exit    0x00000000080025c4       0x14 ./Core/Src/syscalls.o
                0x00000000080025c4                _exit
 .text._sbrk    0x00000000080025d8       0x6c ./Core/Src/sysmem.o
                0x00000000080025d8                _sbrk
 .text.Reset_Handler
                0x0000000008002644       0x50 ./Core/Startup/startup_stm32h745zitx.o
                0x0000000008002644                Reset_Handler
 .text.Default_Handler
                0x0000000008002694        0x2 ./Core/Startup/startup_stm32h745zitx.o
                0x0000000008002694                RTC_Alarm_IRQHandler
                0x0000000008002694                EXTI2_IRQHandler
                0x0000000008002694                TIM8_CC_IRQHandler
                0x0000000008002694                HRTIM1_Master_IRQHandler
                0x0000000008002694                UART8_IRQHandler
                0x0000000008002694                SPI4_IRQHandler
                0x0000000008002694                TIM1_CC_IRQHandler
                0x0000000008002694                BDMA_Channel6_IRQHandler
                0x0000000008002694                DMA2_Stream5_IRQHandler
                0x0000000008002694                HRTIM1_FLT_IRQHandler
                0x0000000008002694                JPEG_IRQHandler
                0x0000000008002694                DMA1_Stream5_IRQHandler
                0x0000000008002694                BDMA_Channel1_IRQHandler
                0x0000000008002694                HRTIM1_TIMD_IRQHandler
                0x0000000008002694                TAMP_STAMP_IRQHandler
                0x0000000008002694                EXTI3_IRQHandler
                0x0000000008002694                LPTIM4_IRQHandler
                0x0000000008002694                TIM8_TRG_COM_TIM14_IRQHandler
                0x0000000008002694                LPTIM2_IRQHandler
                0x0000000008002694                DFSDM1_FLT1_IRQHandler
                0x0000000008002694                DMAMUX2_OVR_IRQHandler
                0x0000000008002694                TIM8_UP_TIM13_IRQHandler
                0x0000000008002694                I2C3_ER_IRQHandler
                0x0000000008002694                DFSDM1_FLT2_IRQHandler
                0x0000000008002694                MDMA_IRQHandler
                0x0000000008002694                LPTIM3_IRQHandler
                0x0000000008002694                HSEM1_IRQHandler
                0x0000000008002694                EXTI0_IRQHandler
                0x0000000008002694                I2C2_EV_IRQHandler
                0x0000000008002694                DMA1_Stream2_IRQHandler
                0x0000000008002694                FPU_IRQHandler
                0x0000000008002694                OTG_HS_WKUP_IRQHandler
                0x0000000008002694                FDCAN1_IT1_IRQHandler
                0x0000000008002694                LTDC_ER_IRQHandler
                0x0000000008002694                DMA2_Stream2_IRQHandler
                0x0000000008002694                HRTIM1_TIME_IRQHandler
                0x0000000008002694                SPI1_IRQHandler
                0x0000000008002694                TIM6_DAC_IRQHandler
                0x0000000008002694                DCMI_IRQHandler
                0x0000000008002694                HRTIM1_TIMC_IRQHandler
                0x0000000008002694                DMA2_Stream3_IRQHandler
                0x0000000008002694                SAI2_IRQHandler
                0x0000000008002694                DFSDM1_FLT3_IRQHandler
                0x0000000008002694                USART6_IRQHandler
                0x0000000008002694                TIM17_IRQHandler
                0x0000000008002694                USART3_IRQHandler
                0x0000000008002694                BDMA_Channel7_IRQHandler
                0x0000000008002694                LPTIM5_IRQHandler
                0x0000000008002694                UART5_IRQHandler
                0x0000000008002694                ADC3_IRQHandler
                0x0000000008002694                DMA2_Stream0_IRQHandler
                0x0000000008002694                TIM4_IRQHandler
                0x0000000008002694                BDMA_Channel2_IRQHandler
                0x0000000008002694                QUADSPI_IRQHandler
                0x0000000008002694                I2C1_EV_IRQHandler
                0x0000000008002694                DMA1_Stream6_IRQHandler
                0x0000000008002694                DMAMUX1_OVR_IRQHandler
                0x0000000008002694                DMA1_Stream1_IRQHandler
                0x0000000008002694                TIM16_IRQHandler
                0x0000000008002694                UART4_IRQHandler
                0x0000000008002694                BDMA_Channel5_IRQHandler
                0x0000000008002694                TIM3_IRQHandler
                0x0000000008002694                RCC_IRQHandler
                0x0000000008002694                TIM8_BRK_TIM12_IRQHandler
                0x0000000008002694                TIM1_TRG_COM_IRQHandler
                0x0000000008002694                Default_Handler
                0x0000000008002694                ECC_IRQHandler
                0x0000000008002694                CEC_IRQHandler
                0x0000000008002694                EXTI15_10_IRQHandler
                0x0000000008002694                BDMA_Channel0_IRQHandler
                0x0000000008002694                ADC_IRQHandler
                0x0000000008002694                DMA1_Stream7_IRQHandler
                0x0000000008002694                HRTIM1_TIMA_IRQHandler
                0x0000000008002694                SPI5_IRQHandler
                0x0000000008002694                TIM7_IRQHandler
                0x0000000008002694                SDMMC1_IRQHandler
                0x0000000008002694                TIM5_IRQHandler
                0x0000000008002694                DMA2_Stream7_IRQHandler
                0x0000000008002694                TIM15_IRQHandler
                0x0000000008002694                PVD_AVD_IRQHandler
                0x0000000008002694                I2C3_EV_IRQHandler
                0x0000000008002694                EXTI9_5_IRQHandler
                0x0000000008002694                RTC_WKUP_IRQHandler
                0x0000000008002694                LTDC_IRQHandler
                0x0000000008002694                SAI3_IRQHandler
                0x0000000008002694                ETH_WKUP_IRQHandler
                0x0000000008002694                SPDIF_RX_IRQHandler
                0x0000000008002694                SPI2_IRQHandler
                0x0000000008002694                OTG_HS_EP1_IN_IRQHandler
                0x0000000008002694                DMA1_Stream0_IRQHandler
                0x0000000008002694                CRS_IRQHandler
                0x0000000008002694                CM7_SEV_IRQHandler
                0x0000000008002694                EXTI4_IRQHandler
                0x0000000008002694                RNG_IRQHandler
                0x0000000008002694                CM4_SEV_IRQHandler
                0x0000000008002694                HRTIM1_TIMB_IRQHandler
                0x0000000008002694                FDCAN2_IT1_IRQHandler
                0x0000000008002694                ETH_IRQHandler
                0x0000000008002694                TIM1_UP_IRQHandler
                0x0000000008002694                WWDG_RST_IRQHandler
                0x0000000008002694                BDMA_Channel4_IRQHandler
                0x0000000008002694                OTG_HS_EP1_OUT_IRQHandler
                0x0000000008002694                WWDG_IRQHandler
                0x0000000008002694                SPI6_IRQHandler
                0x0000000008002694                MDIOS_IRQHandler
                0x0000000008002694                I2C4_EV_IRQHandler
                0x0000000008002694                FDCAN2_IT0_IRQHandler
                0x0000000008002694                LPUART1_IRQHandler
                0x0000000008002694                FDCAN1_IT0_IRQHandler
                0x0000000008002694                TIM2_IRQHandler
                0x0000000008002694                OTG_FS_WKUP_IRQHandler
                0x0000000008002694                OTG_HS_IRQHandler
                0x0000000008002694                HSEM2_IRQHandler
                0x0000000008002694                DMA2D_IRQHandler
                0x0000000008002694                TIM1_BRK_IRQHandler
                0x0000000008002694                EXTI1_IRQHandler
                0x0000000008002694                SDMMC2_IRQHandler
                0x0000000008002694                OTG_FS_EP1_OUT_IRQHandler
                0x0000000008002694                BDMA_Channel3_IRQHandler
                0x0000000008002694                HOLD_CORE_IRQHandler
                0x0000000008002694                UART7_IRQHandler
                0x0000000008002694                MDIOS_WKUP_IRQHandler
                0x0000000008002694                USART2_IRQHandler
                0x0000000008002694                DFSDM1_FLT0_IRQHandler
                0x0000000008002694                SAI4_IRQHandler
                0x0000000008002694                I2C2_ER_IRQHandler
                0x0000000008002694                DMA2_Stream1_IRQHandler
                0x0000000008002694                FLASH_IRQHandler
                0x0000000008002694                DMA2_Stream4_IRQHandler
                0x0000000008002694                USART1_IRQHandler
                0x0000000008002694                OTG_FS_IRQHandler
                0x0000000008002694                SPI3_IRQHandler
                0x0000000008002694                WAKEUP_PIN_IRQHandler
                0x0000000008002694                DMA1_Stream4_IRQHandler
                0x0000000008002694                OTG_FS_EP1_IN_IRQHandler
                0x0000000008002694                I2C1_ER_IRQHandler
                0x0000000008002694                FMC_IRQHandler
                0x0000000008002694                FDCAN_CAL_IRQHandler
                0x0000000008002694                SWPMI1_IRQHandler
                0x0000000008002694                COMP1_IRQHandler
                0x0000000008002694                LPTIM1_IRQHandler
                0x0000000008002694                I2C4_ER_IRQHandler
                0x0000000008002694                DMA2_Stream6_IRQHandler
                0x0000000008002694                SAI1_IRQHandler
                0x0000000008002694                DMA1_Stream3_IRQHandler
 *fill*         0x0000000008002696        0x2 
 .text.HAL_Init
                0x0000000008002698       0x78 ./Drivers/STM32H7xx_HAL_Driver/stm32h7xx_hal.o
                0x0000000008002698                HAL_Init
 .text.HAL_InitTick
                0x0000000008002710       0x6c ./Drivers/STM32H7xx_HAL_Driver/stm32h7xx_hal.o
                0x0000000008002710                HAL_InitTick
 .text.HAL_IncTick
                0x000000000800277c       0x28 ./Drivers/STM32H7xx_HAL_Driver/stm32h7xx_hal.o
                0x000000000800277c                HAL_IncTick
 .text.HAL_GetTick
                0x00000000080027a4       0x18 ./Drivers/STM32H7xx_HAL_Driver/stm32h7xx_hal.o
                0x00000000080027a4                HAL_GetTick
 .text.HAL_Delay
                0x00000000080027bc       0x48 ./Drivers/STM32H7xx_HAL_Driver/stm32h7xx_hal.o
                0x00000000080027bc                HAL_Delay
 .text.HAL_GetREVID
                0x0000000008002804       0x18 ./Drivers/STM32H7xx_HAL_Driver/stm32h7xx_hal.o
                0x0000000008002804                HAL_GetREVID
 .text.HAL_SYSCFG_ETHInterfaceSelect
                0x000000000800281c       0x28 ./Drivers/STM32H7xx_HAL_Driver/stm32h7xx_hal.o
                0x000000000800281c                HAL_SYSCFG_ETHInterfaceSelect
 .text.__NVIC_SetPriorityGrouping
                0x0000000008002844       0x48 ./Drivers/STM32H7xx_HAL_Driver/stm32h7xx_hal_cortex.o
 .text.__NVIC_GetPriorityGrouping
                0x000000000800288c       0x1c ./Drivers/STM32H7xx_HAL_Driver/stm32h7xx_hal_cortex.o
 .text.__NVIC_SetPriority
                0x00000000080028a8       0x54 ./Drivers/STM32H7xx_HAL_Driver/stm32h7xx_hal_cortex.o
 .text.NVIC_EncodePriority
                0x00000000080028fc       0x66 ./Drivers/STM32H7xx_HAL_Driver/stm32h7xx_hal_cortex.o
 *fill*         0x0000000008002962        0x2 
 .text.SysTick_Config
                0x0000000008002964       0x44 ./Drivers/STM32H7xx_HAL_Driver/stm32h7xx_hal_cortex.o
 .text.HAL_NVIC_SetPriorityGrouping
                0x00000000080029a8       0x16 ./Drivers/STM32H7xx_HAL_Driver/stm32h7xx_hal_cortex.o
                0x00000000080029a8                HAL_NVIC_SetPriorityGrouping
 .text.HAL_NVIC_SetPriority
                0x00000000080029be       0x34 ./Drivers/STM32H7xx_HAL_Driver/stm32h7xx_hal_cortex.o
                0x00000000080029be                HAL_NVIC_SetPriority
 .text.HAL_SYSTICK_Config
                0x00000000080029f2       0x18 ./Drivers/STM32H7xx_HAL_Driver/stm32h7xx_hal_cortex.o
                0x00000000080029f2                HAL_SYSTICK_Config
 *fill*         0x0000000008002a0a        0x2 
 .text.HAL_ETH_Init
                0x0000000008002a0c      0x1cc ./Drivers/STM32H7xx_HAL_Driver/stm32h7xx_hal_eth.o
                0x0000000008002a0c                HAL_ETH_Init
 .text.HAL_ETH_SetMDIOClockRange
                0x0000000008002bd8       0xb0 ./Drivers/STM32H7xx_HAL_Driver/stm32h7xx_hal_eth.o
                0x0000000008002bd8                HAL_ETH_SetMDIOClockRange
 .text.ETH_SetMACConfig
                0x0000000008002c88      0x238 ./Drivers/STM32H7xx_HAL_Driver/stm32h7xx_hal_eth.o
 .text.ETH_SetDMAConfig
                0x0000000008002ec0      0x10c ./Drivers/STM32H7xx_HAL_Driver/stm32h7xx_hal_eth.o
 .text.ETH_MACDMAConfig
                0x0000000008002fcc      0x13a ./Drivers/STM32H7xx_HAL_Driver/stm32h7xx_hal_eth.o
 .text.ETH_DMATxDescListInit
                0x0000000008003106       0x92 ./Drivers/STM32H7xx_HAL_Driver/stm32h7xx_hal_eth.o
 .text.ETH_DMARxDescListInit
                0x0000000008003198       0xba ./Drivers/STM32H7xx_HAL_Driver/stm32h7xx_hal_eth.o
 *fill*         0x0000000008003252        0x2 
 .text.HAL_GPIO_Init
                0x0000000008003254      0x360 ./Drivers/STM32H7xx_HAL_Driver/stm32h7xx_hal_gpio.o
                0x0000000008003254                HAL_GPIO_Init
 .text.HAL_GPIO_WritePin
                0x00000000080035b4       0x32 ./Drivers/STM32H7xx_HAL_Driver/stm32h7xx_hal_gpio.o
                0x00000000080035b4                HAL_GPIO_WritePin
 .text.HAL_GPIO_TogglePin
                0x00000000080035e6       0x34 ./Drivers/STM32H7xx_HAL_Driver/stm32h7xx_hal_gpio.o
                0x00000000080035e6                HAL_GPIO_TogglePin
 *fill*         0x000000000800361a        0x2 
 .text.HAL_HSEM_FastTake
                0x000000000800361c       0x34 ./Drivers/STM32H7xx_HAL_Driver/stm32h7xx_hal_hsem.o
                0x000000000800361c                HAL_HSEM_FastTake
 .text.HAL_HSEM_Release
                0x0000000008003650       0x28 ./Drivers/STM32H7xx_HAL_Driver/stm32h7xx_hal_hsem.o
                0x0000000008003650                HAL_HSEM_Release
 .text.HAL_PCD_Init
                0x0000000008003678      0x248 ./Drivers/STM32H7xx_HAL_Driver/stm32h7xx_hal_pcd.o
                0x0000000008003678                HAL_PCD_Init
 .text.HAL_PCDEx_ActivateLPM
                0x00000000080038c0       0x48 ./Drivers/STM32H7xx_HAL_Driver/stm32h7xx_hal_pcd_ex.o
                0x00000000080038c0                HAL_PCDEx_ActivateLPM
 .text.HAL_PWREx_ConfigSupply
                0x0000000008003908       0xb4 ./Drivers/STM32H7xx_HAL_Driver/stm32h7xx_hal_pwr_ex.o
                0x0000000008003908                HAL_PWREx_ConfigSupply
 .text.HAL_PWREx_EnableUSBVoltageDetector
                0x00000000080039bc       0x20 ./Drivers/STM32H7xx_HAL_Driver/stm32h7xx_hal_pwr_ex.o
                0x00000000080039bc                HAL_PWREx_EnableUSBVoltageDetector
 .text.HAL_RCC_OscConfig
                0x00000000080039dc      0x8b4 ./Drivers/STM32H7xx_HAL_Driver/stm32h7xx_hal_rcc.o
                0x00000000080039dc                HAL_RCC_OscConfig
 .text.HAL_RCC_ClockConfig
                0x0000000008004290      0x36c ./Drivers/STM32H7xx_HAL_Driver/stm32h7xx_hal_rcc.o
                0x0000000008004290                HAL_RCC_ClockConfig
 .text.HAL_RCC_GetSysClockFreq
                0x00000000080045fc      0x2f4 ./Drivers/STM32H7xx_HAL_Driver/stm32h7xx_hal_rcc.o
                0x00000000080045fc                HAL_RCC_GetSysClockFreq
 .text.HAL_RCC_GetHCLKFreq
                0x00000000080048f0       0x60 ./Drivers/STM32H7xx_HAL_Driver/stm32h7xx_hal_rcc.o
                0x00000000080048f0                HAL_RCC_GetHCLKFreq
 .text.HAL_RCC_GetPCLK1Freq
                0x0000000008004950       0x2c ./Drivers/STM32H7xx_HAL_Driver/stm32h7xx_hal_rcc.o
                0x0000000008004950                HAL_RCC_GetPCLK1Freq
 .text.HAL_RCC_GetPCLK2Freq
                0x000000000800497c       0x2c ./Drivers/STM32H7xx_HAL_Driver/stm32h7xx_hal_rcc.o
                0x000000000800497c                HAL_RCC_GetPCLK2Freq
 .text.HAL_RCCEx_PeriphCLKConfig
                0x00000000080049a8     0x1414 ./Drivers/STM32H7xx_HAL_Driver/stm32h7xx_hal_rcc_ex.o
                0x00000000080049a8                HAL_RCCEx_PeriphCLKConfig
 .text.HAL_RCCEx_GetD3PCLK1Freq
                0x0000000008005dbc       0x2c ./Drivers/STM32H7xx_HAL_Driver/stm32h7xx_hal_rcc_ex.o
                0x0000000008005dbc                HAL_RCCEx_GetD3PCLK1Freq
 .text.HAL_RCCEx_GetPLL2ClockFreq
                0x0000000008005de8      0x2a8 ./Drivers/STM32H7xx_HAL_Driver/stm32h7xx_hal_rcc_ex.o
                0x0000000008005de8                HAL_RCCEx_GetPLL2ClockFreq
 .text.HAL_RCCEx_GetPLL3ClockFreq
                0x0000000008006090      0x2a8 ./Drivers/STM32H7xx_HAL_Driver/stm32h7xx_hal_rcc_ex.o
                0x0000000008006090                HAL_RCCEx_GetPLL3ClockFreq
 .text.RCCEx_PLL2_Config
                0x0000000008006338      0x164 ./Drivers/STM32H7xx_HAL_Driver/stm32h7xx_hal_rcc_ex.o
 .text.RCCEx_PLL3_Config
                0x000000000800649c      0x164 ./Drivers/STM32H7xx_HAL_Driver/stm32h7xx_hal_rcc_ex.o
 .text.HAL_UART_Init
                0x0000000008006600       0xa0 ./Drivers/STM32H7xx_HAL_Driver/stm32h7xx_hal_uart.o
                0x0000000008006600                HAL_UART_Init
 .text.UART_SetConfig
                0x00000000080066a0      0xad0 ./Drivers/STM32H7xx_HAL_Driver/stm32h7xx_hal_uart.o
                0x00000000080066a0                UART_SetConfig
 .text.UART_AdvFeatureConfig
                0x0000000008007170      0x144 ./Drivers/STM32H7xx_HAL_Driver/stm32h7xx_hal_uart.o
                0x0000000008007170                UART_AdvFeatureConfig
 .text.UART_CheckIdleState
                0x00000000080072b4      0x154 ./Drivers/STM32H7xx_HAL_Driver/stm32h7xx_hal_uart.o
                0x00000000080072b4                UART_CheckIdleState
 .text.UART_WaitOnFlagUntilTimeout
                0x0000000008007408       0xce ./Drivers/STM32H7xx_HAL_Driver/stm32h7xx_hal_uart.o
                0x0000000008007408                UART_WaitOnFlagUntilTimeout
 *fill*         0x00000000080074d6        0x2 
 .text.UART_EndRxTransfer
                0x00000000080074d8       0xcc ./Drivers/STM32H7xx_HAL_Driver/stm32h7xx_hal_uart.o
 .text.HAL_UARTEx_DisableFifoMode
                0x00000000080075a4       0x72 ./Drivers/STM32H7xx_HAL_Driver/stm32h7xx_hal_uart_ex.o
                0x00000000080075a4                HAL_UARTEx_DisableFifoMode
 .text.HAL_UARTEx_SetTxFifoThreshold
                0x0000000008007616       0x7c ./Drivers/STM32H7xx_HAL_Driver/stm32h7xx_hal_uart_ex.o
                0x0000000008007616                HAL_UARTEx_SetTxFifoThreshold
 .text.HAL_UARTEx_SetRxFifoThreshold
                0x0000000008007692       0x7c ./Drivers/STM32H7xx_HAL_Driver/stm32h7xx_hal_uart_ex.o
                0x0000000008007692                HAL_UARTEx_SetRxFifoThreshold
 *fill*         0x000000000800770e        0x2 
 .text.UARTEx_SetNbDataToProcess
                0x0000000008007710       0x9c ./Drivers/STM32H7xx_HAL_Driver/stm32h7xx_hal_uart_ex.o
 .text.USB_CoreInit
                0x00000000080077ac       0xdc ./Drivers/STM32H7xx_HAL_Driver/stm32h7xx_ll_usb.o
                0x00000000080077ac                USB_CoreInit
 .text.USB_DisableGlobalInt
                0x0000000008007888       0x22 ./Drivers/STM32H7xx_HAL_Driver/stm32h7xx_ll_usb.o
                0x0000000008007888                USB_DisableGlobalInt
 .text.USB_SetCurrentMode
                0x00000000080078aa       0x98 ./Drivers/STM32H7xx_HAL_Driver/stm32h7xx_ll_usb.o
                0x00000000080078aa                USB_SetCurrentMode
 *fill*         0x0000000008007942        0x2 
 .text.USB_DevInit
                0x0000000008007944      0x2bc ./Drivers/STM32H7xx_HAL_Driver/stm32h7xx_ll_usb.o
                0x0000000008007944                USB_DevInit
 .text.USB_FlushTxFifo
                0x0000000008007c00       0x68 ./Drivers/STM32H7xx_HAL_Driver/stm32h7xx_ll_usb.o
                0x0000000008007c00                USB_FlushTxFifo
 .text.USB_FlushRxFifo
                0x0000000008007c68       0x60 ./Drivers/STM32H7xx_HAL_Driver/stm32h7xx_ll_usb.o
                0x0000000008007c68                USB_FlushRxFifo
 .text.USB_SetDevSpeed
                0x0000000008007cc8       0x32 ./Drivers/STM32H7xx_HAL_Driver/stm32h7xx_ll_usb.o
                0x0000000008007cc8                USB_SetDevSpeed
 .text.USB_DevDisconnect
                0x0000000008007cfa       0x42 ./Drivers/STM32H7xx_HAL_Driver/stm32h7xx_ll_usb.o
                0x0000000008007cfa                USB_DevDisconnect
 .text.USB_GetMode
                0x0000000008007d3c       0x1c ./Drivers/STM32H7xx_HAL_Driver/stm32h7xx_ll_usb.o
                0x0000000008007d3c                USB_GetMode
 .text.USB_CoreReset
                0x0000000008007d58       0x68 ./Drivers/STM32H7xx_HAL_Driver/stm32h7xx_ll_usb.o
 .text._ZdlPv   0x0000000008007dc0        0x4 C:/ST/STM32CubeIDE_1.13.2/STM32CubeIDE/plugins/com.st.stm32cube.ide.mcu.externaltools.gnu-tools-for-stm32.11.3.rel1.win32_1.1.1.202309131626/tools/bin/../lib/gcc/arm-none-eabi/11.3.1/../../../../arm-none-eabi/lib/thumb/v7e-m+dp/hard\libstdc++_nano.a(del_op.o)
                0x0000000008007dc0                operator delete(void*)
 .text._ZdlPvj  0x0000000008007dc4        0x4 C:/ST/STM32CubeIDE_1.13.2/STM32CubeIDE/plugins/com.st.stm32cube.ide.mcu.externaltools.gnu-tools-for-stm32.11.3.rel1.win32_1.1.1.202309131626/tools/bin/../lib/gcc/arm-none-eabi/11.3.1/../../../../arm-none-eabi/lib/thumb/v7e-m+dp/hard\libstdc++_nano.a(del_ops.o)
                0x0000000008007dc4                operator delete(void*, unsigned int)
 .text._Znwj    0x0000000008007dc8       0x22 C:/ST/STM32CubeIDE_1.13.2/STM32CubeIDE/plugins/com.st.stm32cube.ide.mcu.externaltools.gnu-tools-for-stm32.11.3.rel1.win32_1.1.1.202309131626/tools/bin/../lib/gcc/arm-none-eabi/11.3.1/../../../../arm-none-eabi/lib/thumb/v7e-m+dp/hard\libstdc++_nano.a(new_op.o)
                0x0000000008007dc8                operator new(unsigned int)
 .text._ZStL25local_Rb_tree_rotate_leftPSt18_Rb_tree_node_baseRS0_
                0x0000000008007dea       0x2a C:/ST/STM32CubeIDE_1.13.2/STM32CubeIDE/plugins/com.st.stm32cube.ide.mcu.externaltools.gnu-tools-for-stm32.11.3.rel1.win32_1.1.1.202309131626/tools/bin/../lib/gcc/arm-none-eabi/11.3.1/../../../../arm-none-eabi/lib/thumb/v7e-m+dp/hard\libstdc++_nano.a(tree.o)
 .text._ZStL26local_Rb_tree_rotate_rightPSt18_Rb_tree_node_baseRS0_
                0x0000000008007e14       0x2a C:/ST/STM32CubeIDE_1.13.2/STM32CubeIDE/plugins/com.st.stm32cube.ide.mcu.externaltools.gnu-tools-for-stm32.11.3.rel1.win32_1.1.1.202309131626/tools/bin/../lib/gcc/arm-none-eabi/11.3.1/../../../../arm-none-eabi/lib/thumb/v7e-m+dp/hard\libstdc++_nano.a(tree.o)
 .text._ZStL23local_Rb_tree_incrementPSt18_Rb_tree_node_base
                0x0000000008007e3e       0x26 C:/ST/STM32CubeIDE_1.13.2/STM32CubeIDE/plugins/com.st.stm32cube.ide.mcu.externaltools.gnu-tools-for-stm32.11.3.rel1.win32_1.1.1.202309131626/tools/bin/../lib/gcc/arm-none-eabi/11.3.1/../../../../arm-none-eabi/lib/thumb/v7e-m+dp/hard\libstdc++_nano.a(tree.o)
 .text._ZStL23local_Rb_tree_decrementPSt18_Rb_tree_node_base
                0x0000000008007e64       0x2e C:/ST/STM32CubeIDE_1.13.2/STM32CubeIDE/plugins/com.st.stm32cube.ide.mcu.externaltools.gnu-tools-for-stm32.11.3.rel1.win32_1.1.1.202309131626/tools/bin/../lib/gcc/arm-none-eabi/11.3.1/../../../../arm-none-eabi/lib/thumb/v7e-m+dp/hard\libstdc++_nano.a(tree.o)
 .text._ZSt18_Rb_tree_incrementPSt18_Rb_tree_node_base
                0x0000000008007e92        0x4 C:/ST/STM32CubeIDE_1.13.2/STM32CubeIDE/plugins/com.st.stm32cube.ide.mcu.externaltools.gnu-tools-for-stm32.11.3.rel1.win32_1.1.1.202309131626/tools/bin/../lib/gcc/arm-none-eabi/11.3.1/../../../../arm-none-eabi/lib/thumb/v7e-m+dp/hard\libstdc++_nano.a(tree.o)
                0x0000000008007e92                std::_Rb_tree_increment(std::_Rb_tree_node_base*)
 .text._ZSt18_Rb_tree_decrementPSt18_Rb_tree_node_base
                0x0000000008007e96        0x4 C:/ST/STM32CubeIDE_1.13.2/STM32CubeIDE/plugins/com.st.stm32cube.ide.mcu.externaltools.gnu-tools-for-stm32.11.3.rel1.win32_1.1.1.202309131626/tools/bin/../lib/gcc/arm-none-eabi/11.3.1/../../../../arm-none-eabi/lib/thumb/v7e-m+dp/hard\libstdc++_nano.a(tree.o)
                0x0000000008007e96                std::_Rb_tree_decrement(std::_Rb_tree_node_base*)
 .text._ZSt29_Rb_tree_insert_and_rebalancebPSt18_Rb_tree_node_baseS0_RS_
                0x0000000008007e9a       0xc0 C:/ST/STM32CubeIDE_1.13.2/STM32CubeIDE/plugins/com.st.stm32cube.ide.mcu.externaltools.gnu-tools-for-stm32.11.3.rel1.win32_1.1.1.202309131626/tools/bin/../lib/gcc/arm-none-eabi/11.3.1/../../../../arm-none-eabi/lib/thumb/v7e-m+dp/hard\libstdc++_nano.a(tree.o)
                0x0000000008007e9a                std::_Rb_tree_insert_and_rebalance(bool, std::_Rb_tree_node_base*, std::_Rb_tree_node_base*, std::_Rb_tree_node_base&)
 .text.unlikely._ZSt17__throw_bad_allocv
                0x0000000008007f5a        0x6 C:/ST/STM32CubeIDE_1.13.2/STM32CubeIDE/plugins/com.st.stm32cube.ide.mcu.externaltools.gnu-tools-for-stm32.11.3.rel1.win32_1.1.1.202309131626/tools/bin/../lib/gcc/arm-none-eabi/11.3.1/../../../../arm-none-eabi/lib/thumb/v7e-m+dp/hard\libstdc++_nano.a(functexcept.o)
                0x0000000008007f5a                std::__throw_bad_alloc()
 .text.unlikely._ZSt28__throw_bad_array_new_lengthv
                0x0000000008007f60        0x6 C:/ST/STM32CubeIDE_1.13.2/STM32CubeIDE/plugins/com.st.stm32cube.ide.mcu.externaltools.gnu-tools-for-stm32.11.3.rel1.win32_1.1.1.202309131626/tools/bin/../lib/gcc/arm-none-eabi/11.3.1/../../../../arm-none-eabi/lib/thumb/v7e-m+dp/hard\libstdc++_nano.a(functexcept.o)
                0x0000000008007f60                std::__throw_bad_array_new_length()
 *fill*         0x0000000008007f66        0x2 
 .text._ZSt15get_new_handlerv
                0x0000000008007f68       0x10 C:/ST/STM32CubeIDE_1.13.2/STM32CubeIDE/plugins/com.st.stm32cube.ide.mcu.externaltools.gnu-tools-for-stm32.11.3.rel1.win32_1.1.1.202309131626/tools/bin/../lib/gcc/arm-none-eabi/11.3.1/../../../../arm-none-eabi/lib/thumb/v7e-m+dp/hard\libstdc++_nano.a(new_handler.o)
                0x0000000008007f68                std::get_new_handler()
 .text.abort    0x0000000008007f78        0xe C:/ST/STM32CubeIDE_1.13.2/STM32CubeIDE/plugins/com.st.stm32cube.ide.mcu.externaltools.gnu-tools-for-stm32.11.3.rel1.win32_1.1.1.202309131626/tools/bin/../lib/gcc/arm-none-eabi/11.3.1/../../../../arm-none-eabi/lib/thumb/v7e-m+dp/hard\libc_nano.a(libc_a-abort.o)
                0x0000000008007f78                abort
 *fill*         0x0000000008007f86        0x2 
 .text.malloc   0x0000000008007f88       0x10 C:/ST/STM32CubeIDE_1.13.2/STM32CubeIDE/plugins/com.st.stm32cube.ide.mcu.externaltools.gnu-tools-for-stm32.11.3.rel1.win32_1.1.1.202309131626/tools/bin/../lib/gcc/arm-none-eabi/11.3.1/../../../../arm-none-eabi/lib/thumb/v7e-m+dp/hard\libc_nano.a(libc_a-malloc.o)
                0x0000000008007f88                malloc
 .text.free     0x0000000008007f98       0x10 C:/ST/STM32CubeIDE_1.13.2/STM32CubeIDE/plugins/com.st.stm32cube.ide.mcu.externaltools.gnu-tools-for-stm32.11.3.rel1.win32_1.1.1.202309131626/tools/bin/../lib/gcc/arm-none-eabi/11.3.1/../../../../arm-none-eabi/lib/thumb/v7e-m+dp/hard\libc_nano.a(libc_a-malloc.o)
                0x0000000008007f98                free
 .text.sbrk_aligned
                0x0000000008007fa8       0x40 C:/ST/STM32CubeIDE_1.13.2/STM32CubeIDE/plugins/com.st.stm32cube.ide.mcu.externaltools.gnu-tools-for-stm32.11.3.rel1.win32_1.1.1.202309131626/tools/bin/../lib/gcc/arm-none-eabi/11.3.1/../../../../arm-none-eabi/lib/thumb/v7e-m+dp/hard\libc_nano.a(libc_a-mallocr.o)
 .text._malloc_r
                0x0000000008007fe8      0x100 C:/ST/STM32CubeIDE_1.13.2/STM32CubeIDE/plugins/com.st.stm32cube.ide.mcu.externaltools.gnu-tools-for-stm32.11.3.rel1.win32_1.1.1.202309131626/tools/bin/../lib/gcc/arm-none-eabi/11.3.1/../../../../arm-none-eabi/lib/thumb/v7e-m+dp/hard\libc_nano.a(libc_a-mallocr.o)
                0x0000000008007fe8                _malloc_r
 .text.__malloc_lock
                0x00000000080080e8        0xc C:/ST/STM32CubeIDE_1.13.2/STM32CubeIDE/plugins/com.st.stm32cube.ide.mcu.externaltools.gnu-tools-for-stm32.11.3.rel1.win32_1.1.1.202309131626/tools/bin/../lib/gcc/arm-none-eabi/11.3.1/../../../../arm-none-eabi/lib/thumb/v7e-m+dp/hard\libc_nano.a(libc_a-mlock.o)
                0x00000000080080e8                __malloc_lock
 .text.__malloc_unlock
                0x00000000080080f4        0xc C:/ST/STM32CubeIDE_1.13.2/STM32CubeIDE/plugins/com.st.stm32cube.ide.mcu.externaltools.gnu-tools-for-stm32.11.3.rel1.win32_1.1.1.202309131626/tools/bin/../lib/gcc/arm-none-eabi/11.3.1/../../../../arm-none-eabi/lib/thumb/v7e-m+dp/hard\libc_nano.a(libc_a-mlock.o)
                0x00000000080080f4                __malloc_unlock
 .text.memset   0x0000000008008100       0x10 C:/ST/STM32CubeIDE_1.13.2/STM32CubeIDE/plugins/com.st.stm32cube.ide.mcu.externaltools.gnu-tools-for-stm32.11.3.rel1.win32_1.1.1.202309131626/tools/bin/../lib/gcc/arm-none-eabi/11.3.1/../../../../arm-none-eabi/lib/thumb/v7e-m+dp/hard\libc_nano.a(libc_a-memset.o)
                0x0000000008008100                memset
 .text._raise_r
                0x0000000008008110       0x50 C:/ST/STM32CubeIDE_1.13.2/STM32CubeIDE/plugins/com.st.stm32cube.ide.mcu.externaltools.gnu-tools-for-stm32.11.3.rel1.win32_1.1.1.202309131626/tools/bin/../lib/gcc/arm-none-eabi/11.3.1/../../../../arm-none-eabi/lib/thumb/v7e-m+dp/hard\libc_nano.a(libc_a-signal.o)
                0x0000000008008110                _raise_r
 .text.raise    0x0000000008008160       0x10 C:/ST/STM32CubeIDE_1.13.2/STM32CubeIDE/plugins/com.st.stm32cube.ide.mcu.externaltools.gnu-tools-for-stm32.11.3.rel1.win32_1.1.1.202309131626/tools/bin/../lib/gcc/arm-none-eabi/11.3.1/../../../../arm-none-eabi/lib/thumb/v7e-m+dp/hard\libc_nano.a(libc_a-signal.o)
                0x0000000008008160                raise
 .text._kill_r  0x0000000008008170       0x24 C:/ST/STM32CubeIDE_1.13.2/STM32CubeIDE/plugins/com.st.stm32cube.ide.mcu.externaltools.gnu-tools-for-stm32.11.3.rel1.win32_1.1.1.202309131626/tools/bin/../lib/gcc/arm-none-eabi/11.3.1/../../../../arm-none-eabi/lib/thumb/v7e-m+dp/hard\libc_nano.a(libc_a-signalr.o)
                0x0000000008008170                _kill_r
 .text._getpid_r
                0x0000000008008194        0x4 C:/ST/STM32CubeIDE_1.13.2/STM32CubeIDE/plugins/com.st.stm32cube.ide.mcu.externaltools.gnu-tools-for-stm32.11.3.rel1.win32_1.1.1.202309131626/tools/bin/../lib/gcc/arm-none-eabi/11.3.1/../../../../arm-none-eabi/lib/thumb/v7e-m+dp/hard\libc_nano.a(libc_a-signalr.o)
                0x0000000008008194                _getpid_r
 .text._sbrk_r  0x0000000008008198       0x20 C:/ST/STM32CubeIDE_1.13.2/STM32CubeIDE/plugins/com.st.stm32cube.ide.mcu.externaltools.gnu-tools-for-stm32.11.3.rel1.win32_1.1.1.202309131626/tools/bin/../lib/gcc/arm-none-eabi/11.3.1/../../../../arm-none-eabi/lib/thumb/v7e-m+dp/hard\libc_nano.a(libc_a-sbrkr.o)
                0x0000000008008198                _sbrk_r
 .text.__errno  0x00000000080081b8        0xc C:/ST/STM32CubeIDE_1.13.2/STM32CubeIDE/plugins/com.st.stm32cube.ide.mcu.externaltools.gnu-tools-for-stm32.11.3.rel1.win32_1.1.1.202309131626/tools/bin/../lib/gcc/arm-none-eabi/11.3.1/../../../../arm-none-eabi/lib/thumb/v7e-m+dp/hard\libc_nano.a(libc_a-errno.o)
                0x00000000080081b8                __errno
 .text.__libc_init_array
                0x00000000080081c4       0x48 C:/ST/STM32CubeIDE_1.13.2/STM32CubeIDE/plugins/com.st.stm32cube.ide.mcu.externaltools.gnu-tools-for-stm32.11.3.rel1.win32_1.1.1.202309131626/tools/bin/../lib/gcc/arm-none-eabi/11.3.1/../../../../arm-none-eabi/lib/thumb/v7e-m+dp/hard\libc_nano.a(libc_a-init.o)
                0x00000000080081c4                __libc_init_array
 .text.__retarget_lock_acquire_recursive
                0x000000000800820c        0x2 C:/ST/STM32CubeIDE_1.13.2/STM32CubeIDE/plugins/com.st.stm32cube.ide.mcu.externaltools.gnu-tools-for-stm32.11.3.rel1.win32_1.1.1.202309131626/tools/bin/../lib/gcc/arm-none-eabi/11.3.1/../../../../arm-none-eabi/lib/thumb/v7e-m+dp/hard\libc_nano.a(libc_a-lock.o)
                0x000000000800820c                __retarget_lock_acquire_recursive
 .text.__retarget_lock_release_recursive
                0x000000000800820e        0x2 C:/ST/STM32CubeIDE_1.13.2/STM32CubeIDE/plugins/com.st.stm32cube.ide.mcu.externaltools.gnu-tools-for-stm32.11.3.rel1.win32_1.1.1.202309131626/tools/bin/../lib/gcc/arm-none-eabi/11.3.1/../../../../arm-none-eabi/lib/thumb/v7e-m+dp/hard\libc_nano.a(libc_a-lock.o)
                0x000000000800820e                __retarget_lock_release_recursive
 .text._free_r  0x0000000008008210       0x98 C:/ST/STM32CubeIDE_1.13.2/STM32CubeIDE/plugins/com.st.stm32cube.ide.mcu.externaltools.gnu-tools-for-stm32.11.3.rel1.win32_1.1.1.202309131626/tools/bin/../lib/gcc/arm-none-eabi/11.3.1/../../../../arm-none-eabi/lib/thumb/v7e-m+dp/hard\libc_nano.a(libc_a-freer.o)